Archive member included because of file (symbol)

contiki-z1.a(contiki-z1-plat)
                              obj_z1/contiki-z1-main.o (init_platform)
contiki-z1.a(msp430.o)        obj_z1/contiki-z1-main.o (splhigh_)
contiki-z1.a(leds.o)          obj_z1/contiki-z1-main.o (leds_init)
contiki-z1.a(watchdog.o)      obj_z1/contiki-z1-main.o (watchdog_start)
contiki-z1.a(xmem.o)          obj_z1/contiki-z1-main.o (xmem_init)
contiki-z1.a(spi.o)           contiki-z1.a(xmem.o) (spi_init)
contiki-z1.a(cc2420.o)        obj_z1/contiki-z1-main.o (cc2420_set_pan_addr)
contiki-z1.a(cc2420-arch.o)   contiki-z1.a(cc2420.o) (cc2420_arch_init)
contiki-z1.a(node-id.o)       obj_z1/contiki-z1-main.o (node_id_restore)
contiki-z1.a(sensors.o)       udp-server-A.co (sensors_event)
contiki-z1.a(button-sensor.o)
                              udp-server-A.co (button_sensor)
contiki-z1.a(uart0.o)         obj_z1/contiki-z1-main.o (uart0_active)
contiki-z1.a(uart0-putchar.o)
                              udp-server-A.co (putchar)
contiki-z1.a(z1-sensors.o)    contiki-z1.a(sensors.o) (sensors_flags)
contiki-z1.a(adxl345.o)       obj_z1/contiki-z1-main.o (adxl345)
contiki-z1.a(tmp102.o)        contiki-z1.a(z1-sensors.o) (tmp102)
contiki-z1.a(clock.o)         obj_z1/contiki-z1-main.o (clock_init)
contiki-z1.a(leds-arch.o)     contiki-z1.a(leds.o) (leds_arch_init)
contiki-z1.a(rtimer-arch.o)   obj_z1/contiki-z1-main.o (rtimer_arch_now)
contiki-z1.a(ctimer.o)        obj_z1/contiki-z1-main.o (ctimer_init)
contiki-z1.a(autostart.o)     obj_z1/contiki-z1-main.o (autostart_start)
contiki-z1.a(energest.o)      obj_z1/contiki-z1-main.o (energest_init)
contiki-z1.a(etimer.o)        contiki-z1.a(clock.o) (etimer_request_poll)
contiki-z1.a(process.o)       udp-server-A.co (process_current)
contiki-z1.a(rtimer.o)        obj_z1/contiki-z1-main.o (rtimer_init)
contiki-z1.a(timer.o)         contiki-z1.a(button-sensor.o) (timer_set)
contiki-z1.a(list.o)          contiki-z1.a(ctimer.o) (list_init)
contiki-z1.a(random.o)        obj_z1/contiki-z1-main.o (random_init)
contiki-z1.a(uip-ds6.o)       udp-server-A.co (uip_ds6_addr_lookup)
contiki-z1.a(uip-ds6-route.o)
                              contiki-z1.a(uip-ds6.o) (uip_ds6_route_init)
contiki-z1.a(uip6.o)          udp-server-A.co (uip_aligned_buf)
contiki-z1.a(uip-ds6-nbr.o)   contiki-z1.a(uip-ds6.o) (uip_ds6_neighbors_init)
contiki-z1.a(uip-nd6.o)       contiki-z1.a(uip6.o) (uip_nd6_init)
contiki-z1.a(sicslowpan.o)    obj_z1/contiki-z1-main.o (sicslowpan_driver)
contiki-z1.a(tcpip.o)         contiki-z1.a(sicslowpan.o) (tcpip_set_outputfunc)
contiki-z1.a(uip-debug.o)     contiki-z1.a(uip-ds6-route.o) (uip_debug_ipaddr_print)
contiki-z1.a(rpl-ext-header.)
                              contiki-z1.a(uip6.o) (rpl_verify_hbh_header)
contiki-z1.a(rpl.o)           udp-server-A.co (rpl_get_mode)
contiki-z1.a(rpl-icmp6.o)     contiki-z1.a(rpl-ext-header.) (dao_output_target)
contiki-z1.a(rpl-dag.o)       contiki-z1.a(rpl-ext-header.) (rpl_parents)
contiki-z1.a(queuebuf.o)      obj_z1/contiki-z1-main.o (queuebuf_init)
contiki-z1.a(nbr-table.o)     contiki-z1.a(uip-ds6-route.o) (nbr_table_register)
contiki-z1.a(packetbuf.o)     contiki-z1.a(cc2420.o) (packetbuf_set_datalen)
contiki-z1.a(linkaddr.o)      obj_z1/contiki-z1-main.o (linkaddr_copy)
contiki-z1.a(link-stats.o)    contiki-z1.a(rpl-dag.o) (link_stats_from_lladdr)
contiki-z1.a(framer-802154.o)
                              contiki-z1.a(sicslowpan.o) (framer_802154)
contiki-z1.a(csma.o)          udp-server-A.co (csma_driver)
contiki-z1.a(frame802154.o)   contiki-z1.a(framer-802154.o) (frame802154_get_pan_id)
contiki-z1.a(mac.o)           contiki-z1.a(csma.o) (mac_call_sent_callback)
contiki-z1.a(nullrdc.o)       obj_z1/contiki-z1-main.o (nullrdc_driver)
contiki-z1.a(nullsec.o)       obj_z1/contiki-z1-main.o (nullsec_driver)
contiki-z1.a(i2cmaster.o)     contiki-z1.a(adxl345.o) (i2c_receiveinit)
contiki-z1.a(stimer.o)        contiki-z1.a(uip-ds6.o) (stimer_set)
contiki-z1.a(memb.o)          contiki-z1.a(uip-ds6-route.o) (memb_init)
contiki-z1.a(uip-icmp6.o)     contiki-z1.a(uip6.o) (uip_icmp6_input)
contiki-z1.a(rpl-of0.o)       contiki-z1.a(rpl-dag.o) (rpl_of0)
contiki-z1.a(rpl-timers.o)    contiki-z1.a(rpl.o) (rpl_reset_periodic_timer)
contiki-z1.a(rpl-nbr-policy.)
                              contiki-z1.a(nbr-table.o) (rpl_nbr_policy_find_removable)
contiki-z1.a(rpl-mrhof.o)     contiki-z1.a(rpl-dag.o) (rpl_mrhof)
contiki-z1.a(mac-sequence.o)  contiki-z1.a(nullrdc.o) (mac_sequence_is_duplicate)
/opt/msp430-47-expr/bin/../lib/gcc/msp430/4.7.0/mcpu-430x/mmpy-16/msr20/mc20/libgcc.a(_mulsi3.o)
                              contiki-z1.a(link-stats.o) (__mulsi3)
/opt/msp430-47-expr/bin/../lib/gcc/msp430/4.7.0/mcpu-430x/mmpy-16/msr20/mc20/libgcc.a(_udivmod16.o)
                              contiki-z1.a(rpl-icmp6.o) (__udivhi3)
/opt/msp430-47-expr/bin/../lib/gcc/msp430/4.7.0/mcpu-430x/mmpy-16/msr20/mc20/libgcc.a(_divmod16.o)
[...]
Memory Configuration

Name             Origin             Length             Attributes
sfr              0x0000000000000000 0x0000000000000010
peripheral_8bit  0x0000000000000010 0x00000000000000f0
peripheral_16bit 0x0000000000000100 0x0000000000000100
ram_mirror       0x0000000000000200 0x0000000000000800 xw
infomem          0x0000000000001000 0x0000000000000100
infod            0x0000000000001000 0x0000000000000040
infoc            0x0000000000001040 0x0000000000000040
infob            0x0000000000001080 0x0000000000000040
infoa            0x00000000000010c0 0x0000000000000040
ram              0x0000000000001100 0x0000000000002000 xw
rom              0x0000000000003100 0x000000000000cebe xr
vectors          0x000000000000ffc0 0x0000000000000040
far_rom          0x0000000000010000 0x000000000000a000
bsl              0x0000000000000000 0x0000000000000000
ram2             0x0000000000000000 0x0000000000000000 xw
usbram           0x0000000000000000 0x0000000000000000 xw
*default*        0x0000000000000000 0xffffffffffffffff

Linker script and memory map

LOAD /opt/msp430-47-expr/bin/../lib/gcc/msp430/4.7.0/mcpu-430x/mmpy-16/msr20/mc20/crt0ivtbl32.o
                0x0000000000000041                __P1SEL2 = 0x41
                0x0000000000000045                __P5SEL2 = 0x45
LOAD udp-server-A.co
LOAD obj_z1/contiki-z1-main.o
LOAD contiki-z1.a
LOAD /opt/msp430-47-expr/bin/../lib/gcc/msp430/4.7.0/mcpu-430x/mmpy-16/msr20/mc20/libgcc.a
LOAD /opt/msp430-47-expr/bin/../lib/gcc/msp430/4.7.0/../../../../msp430/lib/mcpu-430x/mmpy-16/msr20/mc20/libc.a
LOAD /opt/msp430-47-expr/bin/../lib/gcc/msp430/4.7.0/mcpu-430x/mmpy-16/msr20/mc20/libgcc.a
LOAD /opt/msp430-47-expr/bin/../lib/gcc/msp430/4.7.0/mcpu-430x/mmpy-16/msr20/mc20/libcrt0.a
                0x0000000000000040                PROVIDE (__info_segment_size, 0x40)
                0x0000000000001000                PROVIDE (__infod, 0x1000)
                0x0000000000001040                PROVIDE (__infoc, 0x1040)
                0x0000000000001080                PROVIDE (__infob, 0x1080)
                0x00000000000010c0                PROVIDE (__infoa, 0x10c0)
                0x0000000000000000                __IE1 = 0x0
                0x0000000000000002                __IFG1 = 0x2
                0x0000000000000001                __IE2 = 0x1
                0x0000000000000003                __IFG2 = 0x3
                0x0000000000000006                __UC1IE = 0x6
                0x0000000000000007                __UC1IFG = 0x7
                0x00000000000001a0                __ADC12CTL0 = 0x1a0
                0x00000000000001a2                __ADC12CTL1 = 0x1a2
                0x00000000000001a4                __ADC12IFG = 0x1a4
                0x00000000000001a6                __ADC12IE = 0x1a6
                0x00000000000001a8                __ADC12IV = 0x1a8
                0x0000000000000140                __ADC12MEM0 = 0x140
                0x0000000000000142                __ADC12MEM1 = 0x142
                0x0000000000000144                __ADC12MEM2 = 0x144
                0x0000000000000146                __ADC12MEM3 = 0x146
                0x0000000000000148                __ADC12MEM4 = 0x148
                0x000000000000014a                __ADC12MEM5 = 0x14a
                0x000000000000014c                __ADC12MEM6 = 0x14c
                0x000000000000014e                __ADC12MEM7 = 0x14e
                0x0000000000000150                __ADC12MEM8 = 0x150
                0x0000000000000152                __ADC12MEM9 = 0x152
                0x0000000000000154                __ADC12MEM10 = 0x154
                0x0000000000000156                __ADC12MEM11 = 0x156
                0x0000000000000158                __ADC12MEM12 = 0x158
                0x000000000000015a                __ADC12MEM13 = 0x15a
                0x000000000000015c                __ADC12MEM14 = 0x15c
                0x000000000000015e                __ADC12MEM15 = 0x15e
                0x0000000000000080                __ADC12MCTL0 = 0x80
                0x0000000000000081                __ADC12MCTL1 = 0x81
                0x0000000000000082                __ADC12MCTL2 = 0x82
                0x0000000000000083                __ADC12MCTL3 = 0x83
                0x0000000000000084                __ADC12MCTL4 = 0x84
                0x0000000000000085                __ADC12MCTL5 = 0x85
                0x0000000000000086                __ADC12MCTL6 = 0x86
                0x0000000000000087                __ADC12MCTL7 = 0x87
                0x0000000000000088                __ADC12MCTL8 = 0x88
                0x0000000000000089                __ADC12MCTL9 = 0x89
                0x000000000000008a                __ADC12MCTL10 = 0x8a
                0x000000000000008b                __ADC12MCTL11 = 0x8b
                0x000000000000008c                __ADC12MCTL12 = 0x8c
                0x000000000000008d                __ADC12MCTL13 = 0x8d
                0x000000000000008e                __ADC12MCTL14 = 0x8e
                0x000000000000008f                __ADC12MCTL15 = 0x8f
                0x0000000000000056                __DCOCTL = 0x56
                0x0000000000000057                __BCSCTL1 = 0x57
                0x0000000000000058                __BCSCTL2 = 0x58
                0x0000000000000053                __BCSCTL3 = 0x53
                0x0000000000000059                __CACTL1 = 0x59
                0x000000000000005a                __CACTL2 = 0x5a
                0x000000000000005b                __CAPD = 0x5b
                0x00000000000001c0                __DAC12_0CTL = 0x1c0
                0x00000000000001c2                __DAC12_1CTL = 0x1c2
                0x00000000000001c8                __DAC12_0DAT = 0x1c8
                0x00000000000001ca                __DAC12_1DAT = 0x1ca
                0x0000000000000122                __DMACTL0 = 0x122
                0x0000000000000124                __DMACTL1 = 0x124
                0x0000000000000126                __DMAIV = 0x126
                0x00000000000001d0                __DMA0CTL = 0x1d0
                0x00000000000001dc                __DMA1CTL = 0x1dc
                0x00000000000001e8                __DMA2CTL = 0x1e8
                0x00000000000001d2                __DMA0SA = 0x1d2
                0x00000000000001d2                __DMA0SAL = 0x1d2
                0x00000000000001d6                __DMA0DA = 0x1d6
                0x00000000000001d6                __DMA0DAL = 0x1d6
                0x00000000000001da                __DMA0SZ = 0x1da
                0x00000000000001de                __DMA1SA = 0x1de
                0x00000000000001de                __DMA1SAL = 0x1de
                0x00000000000001e2                __DMA1DA = 0x1e2
                0x00000000000001e2                __DMA1DAL = 0x1e2
                0x00000000000001e6                __DMA1SZ = 0x1e6
                0x00000000000001ea                __DMA2SA = 0x1ea
                0x00000000000001ea                __DMA2SAL = 0x1ea
                0x00000000000001ee                __DMA2DA = 0x1ee
                0x00000000000001ee                __DMA2DAL = 0x1ee
                0x00000000000001f2                __DMA2SZ = 0x1f2
                0x0000000000000128                __FCTL1 = 0x128
                0x000000000000012a                __FCTL2 = 0x12a
                0x000000000000012c                __FCTL3 = 0x12c
                0x00000000000001be                __FCTL4 = 0x1be
                0x0000000000000130                __MPY = 0x130
                0x0000000000000132                __MPYS = 0x132
                0x0000000000000134                __MAC = 0x134
                0x0000000000000136                __MACS = 0x136
                0x0000000000000138                __OP2 = 0x138
                0x000000000000013a                __RESLO = 0x13a
                0x000000000000013c                __RESHI = 0x13c
                0x000000000000013e                __SUMEXT = 0x13e
                0x0000000000000020                __P1IN = 0x20
                0x0000000000000021                __P1OUT = 0x21
                0x0000000000000022                __P1DIR = 0x22
                0x0000000000000023                __P1IFG = 0x23
                0x0000000000000024                __P1IES = 0x24
                0x0000000000000025                __P1IE = 0x25
                0x0000000000000026                __P1SEL = 0x26
                0x0000000000000027                __P1REN = 0x27
                0x0000000000000028                __P2IN = 0x28
                0x0000000000000029                __P2OUT = 0x29
                0x000000000000002a                __P2DIR = 0x2a
                0x000000000000002b                __P2IFG = 0x2b
                0x000000000000002c                __P2IES = 0x2c
                0x000000000000002d                __P2IE = 0x2d
                0x000000000000002e                __P2SEL = 0x2e
                0x000000000000002f                __P2REN = 0x2f
                0x0000000000000018                __P3IN = 0x18
                0x0000000000000019                __P3OUT = 0x19
                0x000000000000001a                __P3DIR = 0x1a
                0x000000000000001b                __P3SEL = 0x1b
                0x0000000000000010                __P3REN = 0x10
                0x000000000000001c                __P4IN = 0x1c
                0x000000000000001d                __P4OUT = 0x1d
                0x000000000000001e                __P4DIR = 0x1e
                0x000000000000001f                __P4SEL = 0x1f
                0x0000000000000011                __P4REN = 0x11
                0x0000000000000030                __P5IN = 0x30
                0x0000000000000031                __P5OUT = 0x31
                0x0000000000000032                __P5DIR = 0x32
                0x0000000000000033                __P5SEL = 0x33
                0x0000000000000012                __P5REN = 0x12
                0x0000000000000034                __P6IN = 0x34
                0x0000000000000035                __P6OUT = 0x35
                0x0000000000000036                __P6DIR = 0x36
                0x0000000000000037                __P6SEL = 0x37
                0x0000000000000013                __P6REN = 0x13
                0x0000000000000038                __P7IN = 0x38
                0x000000000000003a                __P7OUT = 0x3a
                0x000000000000003c                __P7DIR = 0x3c
                0x000000000000003e                __P7SEL = 0x3e
                0x0000000000000014                __P7REN = 0x14
                0x0000000000000039                __P8IN = 0x39
                0x000000000000003b                __P8OUT = 0x3b
                0x000000000000003d                __P8DIR = 0x3d
                0x000000000000003f                __P8SEL = 0x3f
                0x0000000000000015                __P8REN = 0x15
                0x0000000000000038                __PAIN = 0x38
                0x000000000000003a                __PAOUT = 0x3a
                0x000000000000003c                __PADIR = 0x3c
                0x000000000000003e                __PASEL = 0x3e
                0x0000000000000014                __PAREN = 0x14
                0x0000000000000055                __SVSCTL = 0x55
                0x000000000000012e                __TAIV = 0x12e
                0x0000000000000160                __TACTL = 0x160
                0x0000000000000162                __TACCTL0 = 0x162
                0x0000000000000164                __TACCTL1 = 0x164
                0x0000000000000166                __TACCTL2 = 0x166
                0x0000000000000170                __TAR = 0x170
                0x0000000000000172                __TACCR0 = 0x172
                0x0000000000000174                __TACCR1 = 0x174
                0x0000000000000176                __TACCR2 = 0x176
                0x000000000000011e                __TBIV = 0x11e
                0x0000000000000180                __TBCTL = 0x180
                0x0000000000000182                __TBCCTL0 = 0x182
                0x0000000000000184                __TBCCTL1 = 0x184
                0x0000000000000186                __TBCCTL2 = 0x186
                0x0000000000000188                __TBCCTL3 = 0x188
                0x000000000000018a                __TBCCTL4 = 0x18a
                0x000000000000018c                __TBCCTL5 = 0x18c
                0x000000000000018e                __TBCCTL6 = 0x18e
                0x0000000000000190                __TBR = 0x190
                0x0000000000000192                __TBCCR0 = 0x192
                0x0000000000000194                __TBCCR1 = 0x194
                0x0000000000000196                __TBCCR2 = 0x196
                0x0000000000000198                __TBCCR3 = 0x198
                0x000000000000019a                __TBCCR4 = 0x19a
                0x000000000000019c                __TBCCR5 = 0x19c
                0x000000000000019e                __TBCCR6 = 0x19e
                0x0000000000000060                __UCA0CTL0 = 0x60
                0x0000000000000061                __UCA0CTL1 = 0x61
                0x0000000000000062                __UCA0BR0 = 0x62
                0x0000000000000063                __UCA0BR1 = 0x63
                0x0000000000000064                __UCA0MCTL = 0x64
                0x0000000000000065                __UCA0STAT = 0x65
                0x0000000000000066                __UCA0RXBUF = 0x66
                0x0000000000000067                __UCA0TXBUF = 0x67
                0x000000000000005d                __UCA0ABCTL = 0x5d
                0x000000000000005e                __UCA0IRTCTL = 0x5e
                0x000000000000005f                __UCA0IRRCTL = 0x5f
                0x0000000000000068                __UCB0CTL0 = 0x68
                0x0000000000000069                __UCB0CTL1 = 0x69
                0x000000000000006a                __UCB0BR0 = 0x6a
                0x000000000000006b                __UCB0BR1 = 0x6b
                0x000000000000006c                __UCB0I2CIE = 0x6c
                0x000000000000006d                __UCB0STAT = 0x6d
                0x000000000000006e                __UCB0RXBUF = 0x6e
                0x000000000000006f                __UCB0TXBUF = 0x6f
                0x0000000000000118                __UCB0I2COA = 0x118
                0x000000000000011a                __UCB0I2CSA = 0x11a
                0x00000000000000d0                __UCA1CTL0 = 0xd0
                0x00000000000000d1                __UCA1CTL1 = 0xd1
                0x00000000000000d2                __UCA1BR0 = 0xd2
                0x00000000000000d3                __UCA1BR1 = 0xd3
                0x00000000000000d4                __UCA1MCTL = 0xd4
                0x00000000000000d5                __UCA1STAT = 0xd5
                0x00000000000000d6                __UCA1RXBUF = 0xd6
                0x00000000000000d7                __UCA1TXBUF = 0xd7
                0x00000000000000cd                __UCA1ABCTL = 0xcd
                0x00000000000000ce                __UCA1IRTCTL = 0xce
                0x00000000000000cf                __UCA1IRRCTL = 0xcf
                0x00000000000000d8                __UCB1CTL0 = 0xd8
                0x00000000000000d9                __UCB1CTL1 = 0xd9
                0x00000000000000da                __UCB1BR0 = 0xda
                0x00000000000000db                __UCB1BR1 = 0xdb
                0x00000000000000dc                __UCB1I2CIE = 0xdc
                0x00000000000000dd                __UCB1STAT = 0xdd
                0x00000000000000de                __UCB1RXBUF = 0xde
                0x00000000000000df                __UCB1TXBUF = 0xdf
                0x000000000000017c                __UCB1I2COA = 0x17c
                0x000000000000017e                __UCB1I2CSA = 0x17e
                0x0000000000000120                __WDTCTL = 0x120
                0x00000000000010c0                __TLV_CHECKSUM = 0x10c0
                0x00000000000010f6                __TLV_DCO_30_TAG = 0x10f6
                0x00000000000010f7                __TLV_DCO_30_LEN = 0x10f7
                0x00000000000010da                __TLV_ADC12_1_TAG = 0x10da
                0x00000000000010db                __TLV_ADC12_1_LEN = 0x10db
                0x00000000000010f8                __CALDCO_16MHZ = 0x10f8
                0x00000000000010f9                __CALBC1_16MHZ = 0x10f9
                0x00000000000010fa                __CALDCO_12MHZ = 0x10fa
                0x00000000000010fb                __CALBC1_12MHZ = 0x10fb
                0x00000000000010fc                __CALDCO_8MHZ = 0x10fc
                0x00000000000010fd                __CALBC1_8MHZ = 0x10fd
                0x00000000000010fe                __CALDCO_1MHZ = 0x10fe
                0x00000000000010ff                __CALBC1_1MHZ = 0x10ff

.hash
 *(.hash)

.dynsym
 *(.dynsym)

.dynstr
 *(.dynstr)

.gnu.version
 *(.gnu.version)

.gnu.version_d
 *(.gnu.version_d)

.gnu.version_r
 *(.gnu.version_r)

.rel.init
 *(.rel.init)

.rela.init
 *(.rela.init)

.rel.fini
 *(.rel.fini)

.rela.fini
 *(.rela.fini)

.rel.text
 *(.rel.text .rel.text.* .rel.gnu.linkonce.t.*)

.rela.text
 *(.rela.text .rela.text.* .rela.gnu.linkonce.t.*)

.rel.rodata
 *(.rel.rodata .rel.rodata.* .rel.gnu.linkonce.r.*)

.rela.rodata
 *(.rela.rodata .rela.rodata.* .rela.gnu.linkonce.r.*)

.rel.data
 *(.rel.data .rel.data.* .rel.gnu.linkonce.d.*)

.rela.data
 *(.rela.data .rela.data.* .rela.gnu.linkonce.d.*)

.rel.bss
 *(.rel.bss .rel.bss.* .rel.gnu.linkonce.b.*)

.rela.bss
 *(.rela.bss .rela.bss.* .rela.gnu.linkonce.b.*)

.rel.ctors
 *(.rel.ctors)

.rela.ctors
 *(.rela.ctors)

.rel.dtors
 *(.rel.dtors)

.rela.dtors
 *(.rela.dtors)

.rel.got
 *(.rel.got)

.rela.got
 *(.rela.got)

.rel.plt
 *(.rel.plt)

.rela.plt
 *(.rela.plt)

.text           0x0000000000003100     0xae68
                0x0000000000003100                . = ALIGN (0x2)
 *(.init .init.*)
 *(.init0)
 .init0         0x0000000000003100        0x0 /opt/msp430-47-expr/bin/../lib/gcc/msp430/4.7.0/mcpu-430x/mmpy-16/msr20/mc20/libcrt0.a(_reset_vector__.o)
                0x0000000000003100                _reset_vector__
 *(.init1)
 .init1         0x0000000000003100        0xc /opt/msp430-47-expr/bin/../lib/gcc/msp430/4.7.0/mcpu-430x/mmpy-16/msr20/mc20/libcrt0.a(__watchdog_support.o)
                0x0000000000003100                __watchdog_support
 *(.init2)
 .init2         0x000000000000310c        0x4 /opt/msp430-47-expr/bin/../lib/gcc/msp430/4.7.0/mcpu-430x/mmpy-16/msr20/mc20/libcrt0.a(__init_stack.o)
                0x000000000000310c                __init_stack
 *(.init3)
 .init3         0x0000000000003110        0x0 /opt/msp430-47-expr/bin/../lib/gcc/msp430/4.7.0/mcpu-430x/mmpy-16/msr20/mc20/libcrt0.a(__low_level_init.o)
                0x0000000000003110                __low_level_init
 *(.init4)
 .init4         0x0000000000003110       0x18 /opt/msp430-47-expr/bin/../lib/gcc/msp430/4.7.0/mcpu-430x/mmpy-16/msr20/mc20/libcrt0.a(_copy_data.o)
                0x0000000000003110                __do_copy_data
 .init4         0x0000000000003128       0x16 /opt/msp430-47-expr/bin/../lib/gcc/msp430/4.7.0/mcpu-430x/mmpy-16/msr20/mc20/libcrt0.a(_clear_bss.o)
                0x0000000000003128                __do_clear_bss
 *(.init5)
 *(.init6)
 *(.init7)
 *(.init8)
 *(.init9)
 .init9         0x000000000000313e      0x350 obj_z1/contiki-z1-main.o
                0x000000000000313e                main
 *(.fini9)
 .fini9         0x000000000000348e        0x0 /opt/msp430-47-expr/bin/../lib/gcc/msp430/4.7.0/mcpu-430x/mmpy-16/msr20/mc20/libcrt0.a(__stop_progExec__.o)
                0x000000000000348e                __stop_progExec__
 *(.fini8)
 *(.fini7)
 *(.fini6)
 *(.fini5)
 *(.fini4)
 *(.fini3)
 *(.fini2)
 *(.fini1)
 *(.fini0)
 .fini0         0x000000000000348e        0x6 /opt/msp430-47-expr/bin/../lib/gcc/msp430/4.7.0/mcpu-430x/mmpy-16/msr20/mc20/libcrt0.a(_endless_loop__.o)
                0x000000000000348e                _endless_loop__
 *(.fini .fini.*)
                0x0000000000003494                . = ALIGN (0x2)
                0x0000000000003494                __ctors_start = .
 *(.ctors)
                0x0000000000003494                __ctors_end = .
                0x0000000000003494                __dtors_start = .
 *(.dtors)
                0x0000000000003494                __dtors_end = .
                0x0000000000003494                . = ALIGN (0x2)
 *(.text .text.* .gnu.linkonce.t.*)
 .text          0x0000000000003494        0x4 /opt/msp430-47-expr/bin/../lib/gcc/msp430/4.7.0/mcpu-430x/mmpy-16/msr20/mc20/crt0ivtbl32.o
                0x0000000000003494                __isr_14
                0x0000000000003494                __isr_4
                0x0000000000003494                __isr_29
                0x0000000000003494                __isr_11
                0x0000000000003494                __isr_5
                0x0000000000003494                __isr_2
                0x0000000000003494                __isr_10
                0x0000000000003494                __isr_7
                0x0000000000003494                __isr_0
                0x0000000000003494                __isr_28
                0x0000000000003494                __isr_8
                0x0000000000003494                __isr_20
                0x0000000000003494                __isr_3
                0x0000000000003494                __isr_12
                0x0000000000003494                __isr_13
                0x0000000000003494                __isr_27
                0x0000000000003494                __isr_9
                0x0000000000003494                __isr_30
                0x0000000000003494                __isr_6
                0x0000000000003494                __isr_22
                0x0000000000003494                __isr_1
                0x0000000000003494                __isr_15
                0x0000000000003494                __isr_21
 .text.libgcc   0x0000000000003498       0x26 /opt/msp430-47-expr/bin/../lib/gcc/msp430/4.7.0/mcpu-430x/mmpy-16/msr20/mc20/libgcc.a(_mulsi3.o)
                0x0000000000003498                __mulsi3
 .text.libgcc   0x00000000000034be       0x22 /opt/msp430-47-expr/bin/../lib/gcc/msp430/4.7.0/mcpu-430x/mmpy-16/msr20/mc20/libgcc.a(_udivmod16.o)
                0x00000000000034be                __udivhi3
                0x00000000000034be                __ext_udivmod16
                0x00000000000034d8                __umodhi3
 .text.libgcc   0x00000000000034e0       0x3a /opt/msp430-47-expr/bin/../lib/gcc/msp430/4.7.0/mcpu-430x/mmpy-16/msr20/mc20/libgcc.a(_divmod16.o)
                0x00000000000034e0                __ext_divmod16
                0x00000000000034e0                __divhi3
                0x0000000000003512                __modhi3
 .text.libgcc   0x000000000000351a       0x38 /opt/msp430-47-expr/bin/../lib/gcc/msp430/4.7.0/mcpu-430x/mmpy-16/msr20/mc20/libgcc.a(_udivmod32.o)
                0x000000000000351a                __udivsi3
                0x000000000000351a                __ext_udivmod32
                0x0000000000003548                __umodsi3
 .text.libgcc   0x0000000000003552       0x4c /opt/msp430-47-expr/bin/../lib/gcc/msp430/4.7.0/mcpu-430x/mmpy-16/msr20/mc20/libgcc.a(_divmod32.o)
                0x0000000000003552                __ext_divmod32
                0x0000000000003552                __divsi3
                0x0000000000003594                __modsi3
 .text.libgcc   0x000000000000359e       0xbc /opt/msp430-47-expr/bin/../lib/gcc/msp430/4.7.0/mcpu-430x/mmpy-16/msr20/mc20/libgcc.a(_udivmod64.o)
                0x000000000000359e                __xabi_udivmod64
                0x00000000000035f0                __udivdi3
                0x000000000000360a                __umoddi3
                0x000000000000362c                __udivmoddi4
 .text.crt0     0x000000000000365a        0x2 /opt/msp430-47-expr/bin/../lib/gcc/msp430/4.7.0/mcpu-430x/mmpy-16/msr20/mc20/libcrt0.a(_unexpected_.o)
                0x000000000000365a                _unexpected_
 *(.near.text .near.text.*)
 .near.text.watchdog_interrupt
                0x000000000000365c        0x6 contiki-z1.a(watchdog.o)
                0x000000000000365c                __isr_26
                0x000000000000365c                watchdog_interrupt
 .near.text.irq_p2
                0x0000000000003662       0x76 contiki-z1.a(button-sensor.o)
                0x0000000000003662                irq_p2
                0x0000000000003662                __isr_19
 .near.text.uart0_rx_interrupt
                0x00000000000036d8       0x64 contiki-z1.a(uart0.o)
                0x00000000000036d8                __isr_23
                0x00000000000036d8                uart0_rx_interrupt
 .near.text.port1_isr
                0x000000000000373c       0xbe contiki-z1.a(adxl345.o)
                0x000000000000373c                port1_isr
                0x000000000000373c                __isr_18
 .near.text.timera1
                0x00000000000037fa      0x10a contiki-z1.a(clock.o)
                0x00000000000037fa                __isr_24
                0x00000000000037fa                timera1
 .near.text.timera0
                0x0000000000003904       0x5c contiki-z1.a(rtimer-arch.o)
                0x0000000000003904                __isr_25
                0x0000000000003904                timera0
 .near.text.i2c_tx_interrupt
                0x0000000000003960       0x84 contiki-z1.a(i2cmaster.o)
                0x0000000000003960                __isr_16
                0x0000000000003960                i2c_tx_interrupt
 .near.text.i2c_rx_interrupt
                0x00000000000039e4       0x14 contiki-z1.a(i2cmaster.o)
                0x00000000000039e4                i2c_rx_interrupt
                0x00000000000039e4                __isr_17
 .any.text.process_thread_print_metrics_process
                0x00000000000039f8      0x106 udp-server-A.co
 .any.text.process_thread_udp_server_process
                0x0000000000003afe      0x166 udp-server-A.co
 .any.text.init_platform
                0x0000000000003c64        0xc contiki-z1.a(contiki-z1-plat)
                0x0000000000003c64                init_platform
 .any.text.msp430_init_dco
                0x0000000000003c70       0x28 contiki-z1.a(msp430.o)
                0x0000000000003c70                msp430_init_dco
 .any.text.splhigh_
                0x0000000000003c98        0x8 contiki-z1.a(msp430.o)
                0x0000000000003c98                splhigh_
 .any.text.msp430_sync_dco
                0x0000000000003ca0       0x6e contiki-z1.a(msp430.o)
                0x0000000000003ca0                msp430_sync_dco
 .any.text.msp430_cpu_init
                0x0000000000003d0e       0x2e contiki-z1.a(msp430.o)
                0x0000000000003d0e                msp430_cpu_init
 .any.text.show_leds
                0x0000000000003d3c       0xe8 contiki-z1.a(leds.o)
 .any.text.leds_init
                0x0000000000003e24        0xa contiki-z1.a(leds.o)
                0x0000000000003e24                leds_init
 .any.text.leds_on
                0x0000000000003e2e        0xa contiki-z1.a(leds.o)
                0x0000000000003e2e                leds_on
 .any.text.leds_off
                0x0000000000003e38        0xe contiki-z1.a(leds.o)
                0x0000000000003e38                leds_off
 .any.text.watchdog_start
                0x0000000000003e46       0x14 contiki-z1.a(watchdog.o)
                0x0000000000003e46                watchdog_start
 .any.text.watchdog_periodic
                0x0000000000003e5a       0x12 contiki-z1.a(watchdog.o)
                0x0000000000003e5a                watchdog_periodic
 .any.text.watchdog_stop
                0x0000000000003e6c       0x16 contiki-z1.a(watchdog.o)
                0x0000000000003e6c                watchdog_stop
 .any.text.watchdog_init
                0x0000000000003e82       0x12 contiki-z1.a(watchdog.o)
                0x0000000000003e82                watchdog_init
 .any.text.wait_ready
                0x0000000000003e94       0x46 contiki-z1.a(xmem.o)
 .any.text.xmem_init
                0x0000000000003eda       0x1e contiki-z1.a(xmem.o)
                0x0000000000003eda                xmem_init
 .any.text.xmem_pread
                0x0000000000003ef8       0xc2 contiki-z1.a(xmem.o)
                0x0000000000003ef8                xmem_pread
 .any.text.spi_init
                0x0000000000003fba       0x32 contiki-z1.a(spi.o)
                0x0000000000003fba                spi_init
 .any.text.get_object
                0x0000000000003fec        0x4 contiki-z1.a(cc2420.o)
 .any.text.set_object
                0x0000000000003ff0        0x4 contiki-z1.a(cc2420.o)
 .any.text.strobe
                0x0000000000003ff4       0x1a contiki-z1.a(cc2420.o)
 .any.text.getreg
                0x000000000000400e       0x46 contiki-z1.a(cc2420.o)
 .any.text.setreg
                0x0000000000004054       0x44 contiki-z1.a(cc2420.o)
 .any.text.write_ram
                0x0000000000004098       0x72 contiki-z1.a(cc2420.o)
 .any.text.write_fifo_buf
                0x000000000000410a       0x38 contiki-z1.a(cc2420.o)
 .any.text.get_status
                0x0000000000004142       0x1e contiki-z1.a(cc2420.o)
 .any.text.set_txpower
                0x0000000000004160       0x24 contiki-z1.a(cc2420.o)
 .any.text.cc2420_receiving_packet
                0x0000000000004184        0xa contiki-z1.a(cc2420.o)
 .any.text.pending_packet
                0x000000000000418e        0xa contiki-z1.a(cc2420.o)
 .any.text.on   0x0000000000004198       0x26 contiki-z1.a(cc2420.o)
 .any.text.wait_for_transmission
                0x00000000000041be       0x22 contiki-z1.a(cc2420.o)
 .any.text.wait_for_status
                0x00000000000041e0       0x24 contiki-z1.a(cc2420.o)
 .any.text.getrxdata
                0x0000000000004204       0x4c contiki-z1.a(cc2420.o)
 .any.text.flushrx
                0x0000000000004250       0x1a contiki-z1.a(cc2420.o)
 .any.text.off  0x000000000000426a       0x5a contiki-z1.a(cc2420.o)
 .any.text.RELEASE_LOCK
                0x00000000000042c4       0x28 contiki-z1.a(cc2420.o)
 .any.text.set_frame_filtering
                0x00000000000042ec       0x30 contiki-z1.a(cc2420.o)
 .any.text.set_auto_ack
                0x000000000000431c       0x30 contiki-z1.a(cc2420.o)
 .any.text.set_poll_mode
                0x000000000000434c       0x2c contiki-z1.a(cc2420.o)
 .any.text.cc2420_prepare
                0x0000000000004378       0x38 contiki-z1.a(cc2420.o)
 .any.text.cc2420_on
                0x00000000000043b0       0x22 contiki-z1.a(cc2420.o)
                0x00000000000043b0                cc2420_on
 .any.text.cc2420_off
                0x00000000000043d2       0x30 contiki-z1.a(cc2420.o)
                0x00000000000043d2                cc2420_off
 .any.text.cc2420_cca
                0x0000000000004402       0x54 contiki-z1.a(cc2420.o)
 .any.text.cc2420_read
                0x0000000000004456       0xb8 contiki-z1.a(cc2420.o)
 .any.text.process_thread_cc2420_process
                0x000000000000450e       0x5c contiki-z1.a(cc2420.o)
 .any.text.cc2420_set_channel
                0x000000000000456a       0x3a contiki-z1.a(cc2420.o)
                0x000000000000456a                cc2420_set_channel
 .any.text.cc2420_set_pan_addr
                0x00000000000045a4       0x4c contiki-z1.a(cc2420.o)
                0x00000000000045a4                cc2420_set_pan_addr
 .any.text.cc2420_interrupt
                0x00000000000045f0       0x16 contiki-z1.a(cc2420.o)
                0x00000000000045f0                cc2420_interrupt
 .any.text.cc2420_set_txpower
                0x0000000000004606        0xe contiki-z1.a(cc2420.o)
                0x0000000000004606                cc2420_set_txpower
 .any.text.cc2420_get_txpower
                0x0000000000004614       0x1e contiki-z1.a(cc2420.o)
                0x0000000000004614                cc2420_get_txpower
 .any.text.cc2420_transmit
                0x0000000000004632      0x10e contiki-z1.a(cc2420.o)
 .any.text.cc2420_send
                0x0000000000004740       0x12 contiki-z1.a(cc2420.o)
 .any.text.cc2420_rssi
                0x0000000000004752       0x48 contiki-z1.a(cc2420.o)
                0x0000000000004752                cc2420_rssi
 .any.text.get_value
                0x000000000000479a      0x104 contiki-z1.a(cc2420.o)
 .any.text.cc2420_set_cca_threshold
                0x000000000000489e       0x16 contiki-z1.a(cc2420.o)
                0x000000000000489e                cc2420_set_cca_threshold
 .any.text.set_value
                0x00000000000048b4       0xb2 contiki-z1.a(cc2420.o)
 .any.text.cc2420_init
                0x0000000000004966       0xea contiki-z1.a(cc2420.o)
                0x0000000000004966                cc2420_init
 .any.text.cc2420_arch_init
                0x0000000000004a50       0x1a contiki-z1.a(cc2420-arch.o)
                0x0000000000004a50                cc2420_arch_init
 .any.text.node_id_restore
                0x0000000000004a6a       0x4c contiki-z1.a(node-id.o)
                0x0000000000004a6a                node_id_restore
 .any.text.process_thread_sensors_process
                0x0000000000004ab6       0xc2 contiki-z1.a(sensors.o)
 .any.text.sensors_changed
                0x0000000000004b78       0x2a contiki-z1.a(sensors.o)
                0x0000000000004b78                sensors_changed
 .any.text.status
                0x0000000000004ba2       0x18 contiki-z1.a(button-sensor.o)
 .any.text.value
                0x0000000000004bba       0x20 contiki-z1.a(button-sensor.o)
 .any.text.configure
                0x0000000000004bda       0x4e contiki-z1.a(button-sensor.o)
 .any.text.uart0_active
                0x0000000000004c28        0xe contiki-z1.a(uart0.o)
                0x0000000000004c28                uart0_active
 .any.text.uart0_writeb
                0x0000000000004c36       0x16 contiki-z1.a(uart0.o)
                0x0000000000004c36                uart0_writeb
 .any.text.uart0_init
                0x0000000000004c4c       0x4e contiki-z1.a(uart0.o)
                0x0000000000004c4c                uart0_init
 .any.text.putchar
                0x0000000000004c9a       0x10 contiki-z1.a(uart0-putchar.o)
                0x0000000000004c9a                putchar
 .any.text.status
                0x0000000000004caa       0x12 contiki-z1.a(adxl345.o)
 .any.text.accm_write_reg
                0x0000000000004cbc       0x2e contiki-z1.a(adxl345.o)
 .any.text.accm_write_stream
                0x0000000000004cea       0x2a contiki-z1.a(adxl345.o)
 .any.text.accm_read_reg
                0x0000000000004d14       0x54 contiki-z1.a(adxl345.o)
 .any.text.process_thread_accmeter_process
                0x0000000000004d68       0x56 contiki-z1.a(adxl345.o)
 .any.text.accm_read_axis.part.0
                0x0000000000004dbe       0x5a contiki-z1.a(adxl345.o)
 .any.text.value
                0x0000000000004e18       0x1e contiki-z1.a(adxl345.o)
 .any.text.accm_init
                0x0000000000004e36       0x78 contiki-z1.a(adxl345.o)
                0x0000000000004e36                accm_init
 .any.text.accm_stop
                0x0000000000004eae       0x32 contiki-z1.a(adxl345.o)
                0x0000000000004eae                accm_stop
 .any.text.configure
                0x0000000000004ee0       0x26 contiki-z1.a(adxl345.o)
 .any.text.status
                0x0000000000004f06       0x12 contiki-z1.a(tmp102.o)
 .any.text.tmp102_init
                0x0000000000004f18       0x24 contiki-z1.a(tmp102.o)
                0x0000000000004f18                tmp102_init
 .any.text.tmp102_stop
                0x0000000000004f3c        0xa contiki-z1.a(tmp102.o)
                0x0000000000004f3c                tmp102_stop
 .any.text.configure
                0x0000000000004f46       0x26 contiki-z1.a(tmp102.o)
 .any.text.tmp102_read_reg
                0x0000000000004f6c       0x5e contiki-z1.a(tmp102.o)
                0x0000000000004f6c                tmp102_read_reg
 .any.text.tmp102_read_temp_x100
                0x0000000000004fca       0x58 contiki-z1.a(tmp102.o)
                0x0000000000004fca                tmp102_read_temp_x100
 .any.text.value
                0x0000000000005022        0x6 contiki-z1.a(tmp102.o)
 .any.text.clock_time
                0x0000000000005028       0x1a contiki-z1.a(clock.o)
                0x0000000000005028                clock_time
 .any.text.clock_init
                0x0000000000005042       0x28 contiki-z1.a(clock.o)
                0x0000000000005042                clock_init
 .any.text.clock_delay
                0x000000000000506a        0xc contiki-z1.a(clock.o)
                0x000000000000506a                clock_delay
 .any.text.clock_wait
                0x0000000000005076       0x24 contiki-z1.a(clock.o)
                0x0000000000005076                clock_wait
 .any.text.clock_seconds
                0x000000000000509a       0x1a contiki-z1.a(clock.o)
                0x000000000000509a                clock_seconds
 .any.text.leds_arch_init
                0x00000000000050b4        0xe contiki-z1.a(leds-arch.o)
                0x00000000000050b4                leds_arch_init
 .any.text.leds_arch_set
                0x00000000000050c2       0x38 contiki-z1.a(leds-arch.o)
                0x00000000000050c2                leds_arch_set
 .any.text.rtimer_arch_init
                0x00000000000050fa        0xe contiki-z1.a(rtimer-arch.o)
                0x00000000000050fa                rtimer_arch_init
 .any.text.rtimer_arch_now
                0x0000000000005108        0xe contiki-z1.a(rtimer-arch.o)
                0x0000000000005108                rtimer_arch_now
 .any.text.rtimer_arch_schedule
                0x0000000000005116        0x6 contiki-z1.a(rtimer-arch.o)
                0x0000000000005116                rtimer_arch_schedule
 .any.text.process_thread_ctimer_process
                0x000000000000511c       0xa0 contiki-z1.a(ctimer.o)
 .any.text.ctimer_init
                0x00000000000051bc       0x18 contiki-z1.a(ctimer.o)
                0x00000000000051bc                ctimer_init
 .any.text.ctimer_set_with_process
                0x00000000000051d4       0x4a contiki-z1.a(ctimer.o)
                0x00000000000051d4                ctimer_set_with_process
 .any.text.ctimer_set
                0x000000000000521e       0x10 contiki-z1.a(ctimer.o)
                0x000000000000521e                ctimer_set
 .any.text.ctimer_reset
                0x000000000000522e       0x2c contiki-z1.a(ctimer.o)
                0x000000000000522e                ctimer_reset
 .any.text.ctimer_restart
                0x000000000000525a       0x2c contiki-z1.a(ctimer.o)
                0x000000000000525a                ctimer_restart
 .any.text.ctimer_stop
                0x0000000000005286       0x28 contiki-z1.a(ctimer.o)
                0x0000000000005286                ctimer_stop
 .any.text.autostart_start
                0x00000000000052ae       0x16 contiki-z1.a(autostart.o)
                0x00000000000052ae                autostart_start
 .any.text.energest_init
                0x00000000000052c4       0x24 contiki-z1.a(energest.o)
                0x00000000000052c4                energest_init
 .any.text.energest_type_time
                0x00000000000052e8       0x3c contiki-z1.a(energest.o)
                0x00000000000052e8                energest_type_time
 .any.text.energest_type_set
                0x0000000000005324        0xc contiki-z1.a(energest.o)
                0x0000000000005324                energest_type_set
 .any.text.energest_flush
                0x0000000000005330       0x38 contiki-z1.a(energest.o)
                0x0000000000005330                energest_flush
 .any.text.update_time
                0x0000000000005368       0x70 contiki-z1.a(etimer.o)
 .any.text.etimer_request_poll
                0x00000000000053d8        0xa contiki-z1.a(etimer.o)
                0x00000000000053d8                etimer_request_poll
 .any.text.process_thread_etimer_process
                0x00000000000053e2       0xc4 contiki-z1.a(etimer.o)
 .any.text.add_timer
                0x00000000000054a6       0x40 contiki-z1.a(etimer.o)
 .any.text.etimer_set
                0x00000000000054e6       0x12 contiki-z1.a(etimer.o)
                0x00000000000054e6                etimer_set
 .any.text.etimer_reset
                0x00000000000054f8       0x12 contiki-z1.a(etimer.o)
                0x00000000000054f8                etimer_reset
 .any.text.etimer_restart
                0x000000000000550a       0x12 contiki-z1.a(etimer.o)
                0x000000000000550a                etimer_restart
 .any.text.etimer_expired
                0x000000000000551c        0xe contiki-z1.a(etimer.o)
                0x000000000000551c                etimer_expired
 .any.text.etimer_expiration_time
                0x000000000000552a       0x14 contiki-z1.a(etimer.o)
                0x000000000000552a                etimer_expiration_time
 .any.text.etimer_pending
                0x000000000000553e        0xc contiki-z1.a(etimer.o)
                0x000000000000553e                etimer_pending
 .any.text.etimer_next_expiration_time
                0x000000000000554a       0x16 contiki-z1.a(etimer.o)
                0x000000000000554a                etimer_next_expiration_time
 .any.text.etimer_stop
                0x0000000000005560       0x3e contiki-z1.a(etimer.o)
                0x0000000000005560                etimer_stop
 .any.text.call_process
                0x000000000000559e       0x40 contiki-z1.a(process.o)
 .any.text.exit_process
                0x00000000000055de       0x88 contiki-z1.a(process.o)
 .any.text.do_poll
                0x0000000000005666       0x30 contiki-z1.a(process.o)
 .any.text.process_alloc_event
                0x0000000000005696        0xe contiki-z1.a(process.o)
                0x0000000000005696                process_alloc_event
 .any.text.process_init
                0x00000000000056a4       0x1c contiki-z1.a(process.o)
                0x00000000000056a4                process_init
 .any.text.process_run
                0x00000000000056c0       0x8c contiki-z1.a(process.o)
                0x00000000000056c0                process_run
 .any.text.process_nevents
                0x000000000000574c        0xe contiki-z1.a(process.o)
                0x000000000000574c                process_nevents
 .any.text.process_post
                0x000000000000575a       0x4a contiki-z1.a(process.o)
                0x000000000000575a                process_post
 .any.text.process_post_synch
                0x00000000000057a4       0x12 contiki-z1.a(process.o)
                0x00000000000057a4                process_post_synch
 .any.text.process_start
                0x00000000000057b6       0x36 contiki-z1.a(process.o)
                0x00000000000057b6                process_start
 .any.text.process_poll
                0x00000000000057ec       0x18 contiki-z1.a(process.o)
                0x00000000000057ec                process_poll
 .any.text.rtimer_init
                0x0000000000005804        0x6 contiki-z1.a(rtimer.o)
                0x0000000000005804                rtimer_init
 .any.text.rtimer_run_next
                0x000000000000580a       0x26 contiki-z1.a(rtimer.o)
                0x000000000000580a                rtimer_run_next
 .any.text.timer_set
                0x0000000000005830       0x1c contiki-z1.a(timer.o)
                0x0000000000005830                timer_set
 .any.text.timer_reset
                0x000000000000584c        0xe contiki-z1.a(timer.o)
                0x000000000000584c                timer_reset
 .any.text.timer_restart
                0x000000000000585a       0x14 contiki-z1.a(timer.o)
                0x000000000000585a                timer_restart
 .any.text.timer_expired
                0x000000000000586e       0x2a contiki-z1.a(timer.o)
                0x000000000000586e                timer_expired
 .any.text.list_init
                0x0000000000005898        0x6 contiki-z1.a(list.o)
                0x0000000000005898                list_init
 .any.text.list_head
                0x000000000000589e        0x4 contiki-z1.a(list.o)
                0x000000000000589e                list_head
 .any.text.list_tail
                0x00000000000058a2       0x12 contiki-z1.a(list.o)
                0x00000000000058a2                list_tail
 .any.text.list_remove
                0x00000000000058b4       0x34 contiki-z1.a(list.o)
                0x00000000000058b4                list_remove
 .any.text.list_push
                0x00000000000058e8       0x16 contiki-z1.a(list.o)
                0x00000000000058e8                list_push
 .any.text.list_add
                0x00000000000058fe       0x26 contiki-z1.a(list.o)
                0x00000000000058fe                list_add
 .any.text.list_length
                0x0000000000005924       0x10 contiki-z1.a(list.o)
                0x0000000000005924                list_length
 .any.text.list_item_next
                0x0000000000005934        0xc contiki-z1.a(list.o)
                0x0000000000005934                list_item_next
 .any.text.random_init
                0x0000000000005940        0x6 contiki-z1.a(random.o)
                0x0000000000005940                random_init
 .any.text.random_rand
                0x0000000000005946        0x6 contiki-z1.a(random.o)
                0x0000000000005946                random_rand
 .any.text.uip_ds6_list_loop
                0x000000000000594c       0x66 contiki-z1.a(uip-ds6.o)
                0x000000000000594c                uip_ds6_list_loop
 .any.text.uip_ds6_prefix_add
                0x00000000000059b2       0x70 contiki-z1.a(uip-ds6.o)
                0x00000000000059b2                uip_ds6_prefix_add
 .any.text.uip_ds6_is_addr_onlink
                0x0000000000005a22       0x42 contiki-z1.a(uip-ds6.o)
                0x0000000000005a22                uip_ds6_is_addr_onlink
 .any.text.uip_ds6_addr_lookup
                0x0000000000005a64       0x2a contiki-z1.a(uip-ds6.o)
                0x0000000000005a64                uip_ds6_addr_lookup
 .any.text.uip_ds6_get_link_local
                0x0000000000005a8e       0x3e contiki-z1.a(uip-ds6.o)
                0x0000000000005a8e                uip_ds6_get_link_local
 .any.text.uip_ds6_maddr_add
                0x0000000000005acc       0x48 contiki-z1.a(uip-ds6.o)
                0x0000000000005acc                uip_ds6_maddr_add
 .any.text.uip_ds6_addr_add
                0x0000000000005b14       0xb4 contiki-z1.a(uip-ds6.o)
                0x0000000000005b14                uip_ds6_addr_add
 .any.text.uip_ds6_maddr_rm
                0x0000000000005bc8        0xa contiki-z1.a(uip-ds6.o)
                0x0000000000005bc8                uip_ds6_maddr_rm
 .any.text.uip_ds6_maddr_lookup
                0x0000000000005bd2       0x2a contiki-z1.a(uip-ds6.o)
                0x0000000000005bd2                uip_ds6_maddr_lookup
 .any.text.uip_ds6_addr_rm
                0x0000000000005bfc       0x54 contiki-z1.a(uip-ds6.o)
                0x0000000000005bfc                uip_ds6_addr_rm
 .any.text.uip_ds6_periodic
                0x0000000000005c50       0x46 contiki-z1.a(uip-ds6.o)
                0x0000000000005c50                uip_ds6_periodic
 .any.text.uip_ds6_set_addr_iid
                0x0000000000005c96       0x14 contiki-z1.a(uip-ds6.o)
                0x0000000000005c96                uip_ds6_set_addr_iid
 .any.text.get_match_length
                0x0000000000005caa       0x3c contiki-z1.a(uip-ds6.o)
                0x0000000000005caa                get_match_length
 .any.text.uip_ds6_select_src
                0x0000000000005ce6       0x9a contiki-z1.a(uip-ds6.o)
                0x0000000000005ce6                uip_ds6_select_src
 .any.text.uip_ds6_compute_reachable_time
                0x0000000000005d80       0x36 contiki-z1.a(uip-ds6.o)
                0x0000000000005d80                uip_ds6_compute_reachable_time
 .any.text.uip_ds6_init
                0x0000000000005db6      0x138 contiki-z1.a(uip-ds6.o)
                0x0000000000005db6                uip_ds6_init
 .any.text.call_route_callback
                0x0000000000005eee       0x40 contiki-z1.a(uip-ds6-route.o)
 .any.text.uip_ds6_route_init
                0x0000000000005f2e       0x36 contiki-z1.a(uip-ds6-route.o)
                0x0000000000005f2e                uip_ds6_route_init
 .any.text.uip_ds6_route_nexthop
                0x0000000000005f64       0x1a contiki-z1.a(uip-ds6-route.o)
                0x0000000000005f64                uip_ds6_route_nexthop
 .any.text.uip_ds6_route_head
                0x0000000000005f7e        0xa contiki-z1.a(uip-ds6-route.o)
                0x0000000000005f7e                uip_ds6_route_head
 .any.text.uip_ds6_route_next
                0x0000000000005f88        0xe contiki-z1.a(uip-ds6-route.o)
                0x0000000000005f88                uip_ds6_route_next
 .any.text.uip_ds6_route_is_nexthop
                0x0000000000005f96       0x22 contiki-z1.a(uip-ds6-route.o)
                0x0000000000005f96                uip_ds6_route_is_nexthop
 .any.text.uip_ds6_route_lookup
                0x0000000000005fb8       0x6e contiki-z1.a(uip-ds6-route.o)
                0x0000000000005fb8                uip_ds6_route_lookup
 .any.text.uip_ds6_route_rm
                0x0000000000006026       0xa2 contiki-z1.a(uip-ds6-route.o)
                0x0000000000006026                uip_ds6_route_rm
 .any.text.rm_routelist
                0x00000000000060c8       0x34 contiki-z1.a(uip-ds6-route.o)
 .any.text.rm_routelist_callback
                0x00000000000060fc        0x6 contiki-z1.a(uip-ds6-route.o)
 .any.text.uip_ds6_route_add
                0x0000000000006102       0xfc contiki-z1.a(uip-ds6-route.o)
                0x0000000000006102                uip_ds6_route_add
 .any.text.uip_ds6_defrt_rm
                0x00000000000061fe       0x44 contiki-z1.a(uip-ds6-route.o)
                0x00000000000061fe                uip_ds6_defrt_rm
 .any.text.uip_ds6_defrt_lookup
                0x0000000000006242       0x32 contiki-z1.a(uip-ds6-route.o)
                0x0000000000006242                uip_ds6_defrt_lookup
 .any.text.uip_ds6_defrt_add
                0x0000000000006274       0x68 contiki-z1.a(uip-ds6-route.o)
                0x0000000000006274                uip_ds6_defrt_add
 .any.text.uip_ds6_defrt_choose
                0x00000000000062dc       0x36 contiki-z1.a(uip-ds6-route.o)
                0x00000000000062dc                uip_ds6_defrt_choose
 .any.text.uip_ds6_defrt_periodic
                0x0000000000006312       0x38 contiki-z1.a(uip-ds6-route.o)
                0x0000000000006312                uip_ds6_defrt_periodic
 .any.text.chksum
                0x000000000000634a       0x32 contiki-z1.a(uip6.o)
 .any.text.upper_layer_chksum
                0x000000000000637c       0x56 contiki-z1.a(uip6.o)
 .any.text.ext_hdr_options_process
                0x00000000000063d2       0xc2 contiki-z1.a(uip6.o)
 .any.text.uip_add32
                0x0000000000006494       0x60 contiki-z1.a(uip6.o)
                0x0000000000006494                uip_add32
 .any.text.uip_add_rcv_nxt
                0x00000000000064f4       0x2e contiki-z1.a(uip6.o)
 .any.text.uip_icmp6chksum
                0x0000000000006522        0xa contiki-z1.a(uip6.o)
                0x0000000000006522                uip_icmp6chksum
 .any.text.uip_tcpchksum
                0x000000000000652c        0xa contiki-z1.a(uip6.o)
                0x000000000000652c                uip_tcpchksum
 .any.text.uip_udpchksum
                0x0000000000006536        0xa contiki-z1.a(uip6.o)
                0x0000000000006536                uip_udpchksum
 .any.text.uip_init
                0x0000000000006540       0x56 contiki-z1.a(uip6.o)
                0x0000000000006540                uip_init
 .any.text.remove_ext_hdr
                0x0000000000006596       0x50 contiki-z1.a(uip6.o)
                0x0000000000006596                remove_ext_hdr
 .any.text.uip_udp_new
                0x00000000000065e6       0xa2 contiki-z1.a(uip6.o)
                0x00000000000065e6                uip_udp_new
 .any.text.uip_unlisten
                0x0000000000006688       0x1a contiki-z1.a(uip6.o)
                0x0000000000006688                uip_unlisten
 .any.text.uip_process
                0x00000000000066a2      0xe42 contiki-z1.a(uip6.o)
                0x00000000000066a2                uip_process
 .any.text.uip_htonl
                0x00000000000074e4       0x2a contiki-z1.a(uip6.o)
                0x00000000000074e4                uip_htonl
 .any.text.uip_ds6_nbr_rm
                0x000000000000750e       0x1e contiki-z1.a(uip-ds6-nbr.o)
                0x000000000000750e                uip_ds6_nbr_rm
 .any.text.uip_ds6_neighbors_init
                0x000000000000752c       0x12 contiki-z1.a(uip-ds6-nbr.o)
                0x000000000000752c                uip_ds6_neighbors_init
 .any.text.uip_ds6_nbr_add
                0x000000000000753e       0x36 contiki-z1.a(uip-ds6-nbr.o)
                0x000000000000753e                uip_ds6_nbr_add
 .any.text.uip_ds6_nbr_get_ll
                0x0000000000007574        0xc contiki-z1.a(uip-ds6-nbr.o)
                0x0000000000007574                uip_ds6_nbr_get_ll
 .any.text.uip_ds6_nbr_lookup
                0x0000000000007580       0x3e contiki-z1.a(uip-ds6-nbr.o)
                0x0000000000007580                uip_ds6_nbr_lookup
 .any.text.uip_ds6_nbr_ll_lookup
                0x00000000000075be        0xc contiki-z1.a(uip-ds6-nbr.o)
                0x00000000000075be                uip_ds6_nbr_ll_lookup
 .any.text.uip_ds6_nbr_ipaddr_from_lladdr
                0x00000000000075ca        0x6 contiki-z1.a(uip-ds6-nbr.o)
                0x00000000000075ca                uip_ds6_nbr_ipaddr_from_lladdr
 .any.text.uip_ds6_nbr_lladdr_from_ipaddr
                0x00000000000075d0       0x12 contiki-z1.a(uip-ds6-nbr.o)
                0x00000000000075d0                uip_ds6_nbr_lladdr_from_ipaddr
 .any.text.uip_ds6_link_neighbor_callback
                0x00000000000075e2       0x32 contiki-z1.a(uip-ds6-nbr.o)
                0x00000000000075e2                uip_ds6_link_neighbor_callback
 .any.text.ns_input
                0x0000000000007614      0x26c contiki-z1.a(uip-nd6.o)
 .any.text.uip_nd6_init
                0x0000000000007880        0xa contiki-z1.a(uip-nd6.o)
                0x0000000000007880                uip_nd6_init
 .any.text.clear_fragments
                0x000000000000788a       0x38 contiki-z1.a(sicslowpan.o)
 .any.text.set_packet_attrs
                0x00000000000078c2       0x46 contiki-z1.a(sicslowpan.o)
 .any.text.addr_context_lookup_by_number
                0x0000000000007908       0x30 contiki-z1.a(sicslowpan.o)
 .any.text.compress_addr_64
                0x0000000000007938       0x9a contiki-z1.a(sicslowpan.o)
 .any.text.store_fragment
                0x00000000000079d2       0x6e contiki-z1.a(sicslowpan.o)
 .any.text.uncompress_addr
                0x0000000000007a40       0x96 contiki-z1.a(sicslowpan.o)
 .any.text.sicslowpan_init
                0x0000000000007ad6       0x24 contiki-z1.a(sicslowpan.o)
                0x0000000000007ad6                sicslowpan_init
 .any.text.addr_context_lookup_by_prefix
                0x0000000000007afa       0x4a contiki-z1.a(sicslowpan.o)
 .any.text.packet_sent
                0x0000000000007b44       0x22 contiki-z1.a(sicslowpan.o)
 .any.text.add_fragment
                0x0000000000007b66      0x160 contiki-z1.a(sicslowpan.o)
 .any.text.input
                0x0000000000007cc6      0x60e contiki-z1.a(sicslowpan.o)
 .any.text.send_packet
                0x00000000000082d4       0x1a contiki-z1.a(sicslowpan.o)
 .any.text.output
                0x00000000000082ee      0x67c contiki-z1.a(sicslowpan.o)
 .any.text.start_periodic_tcp_timer
                0x000000000000896a       0x16 contiki-z1.a(tcpip.o)
 .any.text.tcpip_output
                0x0000000000008980       0x10 contiki-z1.a(tcpip.o)
                0x0000000000008980                tcpip_output
 .any.text.tcpip_set_outputfunc
                0x0000000000008990        0x6 contiki-z1.a(tcpip.o)
                0x0000000000008990                tcpip_set_outputfunc
 .any.text.udp_new
                0x0000000000008996       0x1a contiki-z1.a(tcpip.o)
                0x0000000000008996                udp_new
 .any.text.tcpip_input
                0x00000000000089b0       0x16 contiki-z1.a(tcpip.o)
                0x00000000000089b0                tcpip_input
 .any.text.tcpip_ipv6_output
                0x00000000000089c6       0xcc contiki-z1.a(tcpip.o)
                0x00000000000089c6                tcpip_ipv6_output
 .any.text.process_thread_tcpip_process
                0x0000000000008a92      0x1a8 contiki-z1.a(tcpip.o)
 .any.text.tcpip_uipcall
                0x0000000000008c3a       0x62 contiki-z1.a(tcpip.o)
                0x0000000000008c3a                tcpip_uipcall
 .any.text.uip_debug_ipaddr_print
                0x0000000000008c9c       0xbc contiki-z1.a(uip-debug.o)
                0x0000000000008c9c                uip_debug_ipaddr_print
 .any.text.update_hbh_header
                0x0000000000008d58       0xcc contiki-z1.a(rpl-ext-header.)
 .any.text.insert_hbh_header
                0x0000000000008e24       0x94 contiki-z1.a(rpl-ext-header.)
 .any.text.rpl_verify_hbh_header
                0x0000000000008eb8       0xf4 contiki-z1.a(rpl-ext-header.)
                0x0000000000008eb8                rpl_verify_hbh_header
 .any.text.rpl_remove_header
                0x0000000000008fac       0x76 contiki-z1.a(rpl-ext-header.)
                0x0000000000008fac                rpl_remove_header
 .any.text.rpl_update_header
                0x0000000000009022       0x60 contiki-z1.a(rpl-ext-header.)
                0x0000000000009022                rpl_update_header
 .any.text.rpl_get_mode
                0x0000000000009082        0x6 contiki-z1.a(rpl.o)
                0x0000000000009082                rpl_get_mode
 .any.text.rpl_purge_routes
                0x0000000000009088       0x94 contiki-z1.a(rpl.o)
                0x0000000000009088                rpl_purge_routes
 .any.text.rpl_remove_routes
                0x000000000000911c       0x22 contiki-z1.a(rpl.o)
                0x000000000000911c                rpl_remove_routes
 .any.text.rpl_remove_routes_by_nexthop
                0x000000000000913e       0x3e contiki-z1.a(rpl.o)
                0x000000000000913e                rpl_remove_routes_by_nexthop
 .any.text.rpl_add_route
                0x000000000000917c       0x5c contiki-z1.a(rpl.o)
                0x000000000000917c                rpl_add_route
 .any.text.rpl_link_neighbor_callback
                0x00000000000091d8       0x4c contiki-z1.a(rpl.o)
                0x00000000000091d8                rpl_link_neighbor_callback
 .any.text.rpl_ipv6_neighbor_callback
                0x0000000000009224       0x1e contiki-z1.a(rpl.o)
                0x0000000000009224                rpl_ipv6_neighbor_callback
 .any.text.rpl_purge_dags
                0x0000000000009242       0x60 contiki-z1.a(rpl.o)
                0x0000000000009242                rpl_purge_dags
 .any.text.rpl_init
                0x00000000000092a2       0x44 contiki-z1.a(rpl.o)
                0x00000000000092a2                rpl_init
 .any.text.get32
                0x00000000000092e6       0x3e contiki-z1.a(rpl-icmp6.o)
 .any.text.set32
                0x0000000000009324       0x2a contiki-z1.a(rpl-icmp6.o)
 .any.text.get16
                0x000000000000934e        0xe contiki-z1.a(rpl-icmp6.o)
 .any.text.set16
                0x000000000000935c       0x10 contiki-z1.a(rpl-icmp6.o)
 .any.text.dao_ack_input
                0x000000000000936c        0xa contiki-z1.a(rpl-icmp6.o)
 .any.text.dio_input
                0x0000000000009376      0x29c contiki-z1.a(rpl-icmp6.o)
 .any.text.rpl_icmp6_update_nbr_table
                0x0000000000009612       0x28 contiki-z1.a(rpl-icmp6.o)
                0x0000000000009612                rpl_icmp6_update_nbr_table
 .any.text.dao_input
                0x000000000000963a      0x2c2 contiki-z1.a(rpl-icmp6.o)
 .any.text.dis_output
                0x00000000000098fc       0x50 contiki-z1.a(rpl-icmp6.o)
                0x00000000000098fc                dis_output
 .any.text.dio_output
                0x000000000000994c      0x2a4 contiki-z1.a(rpl-icmp6.o)
                0x000000000000994c                dio_output
 .any.text.dis_input
                0x0000000000009bf0       0x46 contiki-z1.a(rpl-icmp6.o)
 .any.text.dao_output_target
                0x0000000000009c36       0xf6 contiki-z1.a(rpl-icmp6.o)
                0x0000000000009c36                dao_output_target
 .any.text.dao_output
                0x0000000000009d2c       0x9e contiki-z1.a(rpl-icmp6.o)
                0x0000000000009d2c                dao_output
 .any.text.rpl_icmp6_register_handlers
                0x0000000000009dca       0x22 contiki-z1.a(rpl-icmp6.o)
                0x0000000000009dca                rpl_icmp6_register_handlers
 .any.text.lollipop_greater_than
                0x0000000000009dec       0x3c contiki-z1.a(rpl-dag.o)
 .any.text.find_parent_any_dag_any_instance
                0x0000000000009e28       0x14 contiki-z1.a(rpl-dag.o)
 .any.text.rpl_set_preferred_parent
                0x0000000000009e3c       0x2c contiki-z1.a(rpl-dag.o)
 .any.text.set_ip_from_prefix
                0x0000000000009e68       0x30 contiki-z1.a(rpl-dag.o)
 .any.text.check_prefix
                0x0000000000009e98       0x70 contiki-z1.a(rpl-dag.o)
 .any.text.rpl_dag_init
                0x0000000000009f08        0xe contiki-z1.a(rpl-dag.o)
                0x0000000000009f08                rpl_dag_init
 .any.text.rpl_get_parent
                0x0000000000009f16        0xc contiki-z1.a(rpl-dag.o)
                0x0000000000009f16                rpl_get_parent
 .any.text.rpl_rank_via_parent
                0x0000000000009f22       0x2a contiki-z1.a(rpl-dag.o)
                0x0000000000009f22                rpl_rank_via_parent
 .any.text.rpl_get_parent_lladdr
                0x0000000000009f4c        0xc contiki-z1.a(rpl-dag.o)
                0x0000000000009f4c                rpl_get_parent_lladdr
 .any.text.rpl_get_parent_ipaddr
                0x0000000000009f58        0xa contiki-z1.a(rpl-dag.o)
                0x0000000000009f58                rpl_get_parent_ipaddr
 .any.text.rpl_get_parent_link_stats
                0x0000000000009f62        0xa contiki-z1.a(rpl-dag.o)
                0x0000000000009f62                rpl_get_parent_link_stats
 .any.text.rpl_parent_is_fresh
                0x0000000000009f6c        0xa contiki-z1.a(rpl-dag.o)
                0x0000000000009f6c                rpl_parent_is_fresh
 .any.text.best_parent
                0x0000000000009f76       0x72 contiki-z1.a(rpl-dag.o)
 .any.text.rpl_parent_is_reachable
                0x0000000000009fe8       0x4a contiki-z1.a(rpl-dag.o)
                0x0000000000009fe8                rpl_parent_is_reachable
 .any.text.rpl_set_prefix
                0x000000000000a032       0x74 contiki-z1.a(rpl-dag.o)
                0x000000000000a032                rpl_set_prefix
 .any.text.rpl_set_default_route
                0x000000000000a0a6       0x3a contiki-z1.a(rpl-dag.o)
                0x000000000000a0a6                rpl_set_default_route
 .any.text.rpl_alloc_instance
                0x000000000000a0e0       0x34 contiki-z1.a(rpl-dag.o)
                0x000000000000a0e0                rpl_alloc_instance
 .any.text.rpl_add_parent
                0x000000000000a114       0x3a contiki-z1.a(rpl-dag.o)
                0x000000000000a114                rpl_add_parent
 .any.text.rpl_find_parent
                0x000000000000a14e       0x1a contiki-z1.a(rpl-dag.o)
                0x000000000000a14e                rpl_find_parent
 .any.text.rpl_find_parent_any_dag
                0x000000000000a168       0x22 contiki-z1.a(rpl-dag.o)
                0x000000000000a168                rpl_find_parent_any_dag
 .any.text.rpl_select_parent
                0x000000000000a18a       0x62 contiki-z1.a(rpl-dag.o)
                0x000000000000a18a                rpl_select_parent
 .any.text.rpl_select_dag
                0x000000000000a1ec      0x192 contiki-z1.a(rpl-dag.o)
                0x000000000000a1ec                rpl_select_dag
 .any.text.rpl_nullify_parent
                0x000000000000a37e       0x5c contiki-z1.a(rpl-dag.o)
                0x000000000000a37e                rpl_nullify_parent
 .any.text.rpl_remove_parent
                0x000000000000a3da       0x16 contiki-z1.a(rpl-dag.o)
                0x000000000000a3da                rpl_remove_parent
 .any.text.nbr_callback
                0x000000000000a3f0        0x6 contiki-z1.a(rpl-dag.o)
 .any.text.remove_parents.constprop.4
                0x000000000000a3f6       0x2c contiki-z1.a(rpl-dag.o)
 .any.text.rpl_free_dag
                0x000000000000a422       0x42 contiki-z1.a(rpl-dag.o)
                0x000000000000a422                rpl_free_dag
 .any.text.rpl_move_parent
                0x000000000000a464       0x60 contiki-z1.a(rpl-dag.o)
                0x000000000000a464                rpl_move_parent
 .any.text.rpl_get_dag
                0x000000000000a4c4       0x5c contiki-z1.a(rpl-dag.o)
                0x000000000000a4c4                rpl_get_dag
 .any.text.rpl_get_any_dag
                0x000000000000a520       0x16 contiki-z1.a(rpl-dag.o)
                0x000000000000a520                rpl_get_any_dag
 .any.text.rpl_get_instance
                0x000000000000a536       0x16 contiki-z1.a(rpl-dag.o)
                0x000000000000a536                rpl_get_instance
 .any.text.rpl_alloc_dag
                0x000000000000a54c       0x60 contiki-z1.a(rpl-dag.o)
                0x000000000000a54c                rpl_alloc_dag
 .any.text.rpl_repair_root
                0x000000000000a5ac       0x4c contiki-z1.a(rpl-dag.o)
                0x000000000000a5ac                rpl_repair_root
 .any.text.rpl_find_of
                0x000000000000a5f8       0x1c contiki-z1.a(rpl-dag.o)
                0x000000000000a5f8                rpl_find_of
 .any.text.rpl_set_root
                0x000000000000a614      0x12e contiki-z1.a(rpl-dag.o)
                0x000000000000a614                rpl_set_root
 .any.text.rpl_join_instance
                0x000000000000a742      0x142 contiki-z1.a(rpl-dag.o)
                0x000000000000a742                rpl_join_instance
 .any.text.rpl_local_repair
                0x000000000000a884       0x8c contiki-z1.a(rpl-dag.o)
                0x000000000000a884                rpl_local_repair
 .any.text.rpl_process_parent_event
                0x000000000000a910       0xa8 contiki-z1.a(rpl-dag.o)
                0x000000000000a910                rpl_process_parent_event
 .any.text.rpl_recalculate_ranks
                0x000000000000a9b8       0x44 contiki-z1.a(rpl-dag.o)
                0x000000000000a9b8                rpl_recalculate_ranks
 .any.text.rpl_add_dag
                0x000000000000a9fc      0x104 contiki-z1.a(rpl-dag.o)
                0x000000000000a9fc                rpl_add_dag
 .any.text.rpl_process_dio
                0x000000000000ab00      0x3c0 contiki-z1.a(rpl-dag.o)
                0x000000000000ab00                rpl_process_dio
 .any.text.queuebuf_init
                0x000000000000aec0       0x12 contiki-z1.a(queuebuf.o)
                0x000000000000aec0                queuebuf_init
 .any.text.queuebuf_numfree
                0x000000000000aed2        0xa contiki-z1.a(queuebuf.o)
                0x000000000000aed2                queuebuf_numfree
 .any.text.queuebuf_new_from_packetbuf
                0x000000000000aedc       0x4e contiki-z1.a(queuebuf.o)
                0x000000000000aedc                queuebuf_new_from_packetbuf
 .any.text.queuebuf_update_attr_from_packetbuf
                0x000000000000af2a       0x12 contiki-z1.a(queuebuf.o)
                0x000000000000af2a                queuebuf_update_attr_from_packetbuf
 .any.text.queuebuf_free
                0x000000000000af3c       0x2a contiki-z1.a(queuebuf.o)
                0x000000000000af3c                queuebuf_free
 .any.text.queuebuf_to_packetbuf
                0x000000000000af66       0x32 contiki-z1.a(queuebuf.o)
                0x000000000000af66                queuebuf_to_packetbuf
 .any.text.queuebuf_attr
                0x000000000000af98        0xe contiki-z1.a(queuebuf.o)
                0x000000000000af98                queuebuf_attr
 .any.text.key_from_index
                0x000000000000afa6       0x18 contiki-z1.a(nbr-table.o)
 .any.text.item_from_index
                0x000000000000afbe       0x2a contiki-z1.a(nbr-table.o)
 .any.text.index_from_key
                0x000000000000afe8       0x26 contiki-z1.a(nbr-table.o)
 .any.text.index_from_item
                0x000000000000b00e       0x1e contiki-z1.a(nbr-table.o)
 .any.text.nbr_set_bit
                0x000000000000b02c       0x50 contiki-z1.a(nbr-table.o)
 .any.text.index_from_lladdr
                0x000000000000b07c       0x3e contiki-z1.a(nbr-table.o)
 .any.text.nbr_get_bit.constprop.0
                0x000000000000b0ba       0x2c contiki-z1.a(nbr-table.o)
 .any.text.remove_key
                0x000000000000b0e6       0x56 contiki-z1.a(nbr-table.o)
 .any.text.nbr_table_register
                0x000000000000b13c       0x26 contiki-z1.a(nbr-table.o)
                0x000000000000b13c                nbr_table_register
 .any.text.nbr_table_next
                0x000000000000b162       0x3a contiki-z1.a(nbr-table.o)
                0x000000000000b162                nbr_table_next
 .any.text.nbr_table_head
                0x000000000000b19c       0x36 contiki-z1.a(nbr-table.o)
                0x000000000000b19c                nbr_table_head
 .any.text.nbr_table_add_lladdr
                0x000000000000b1d2       0xfc contiki-z1.a(nbr-table.o)
                0x000000000000b1d2                nbr_table_add_lladdr
 .any.text.nbr_table_get_from_lladdr
                0x000000000000b2ce       0x28 contiki-z1.a(nbr-table.o)
                0x000000000000b2ce                nbr_table_get_from_lladdr
 .any.text.nbr_table_remove
                0x000000000000b2f6       0x2a contiki-z1.a(nbr-table.o)
                0x000000000000b2f6                nbr_table_remove
 .any.text.nbr_table_lock
                0x000000000000b320       0x10 contiki-z1.a(nbr-table.o)
                0x000000000000b320                nbr_table_lock
 .any.text.nbr_table_unlock
                0x000000000000b330       0x10 contiki-z1.a(nbr-table.o)
                0x000000000000b330                nbr_table_unlock
 .any.text.nbr_table_get_lladdr
                0x000000000000b340       0x14 contiki-z1.a(nbr-table.o)
                0x000000000000b340                nbr_table_get_lladdr
 .any.text.nbr_table_update_lladdr
                0x000000000000b354       0x48 contiki-z1.a(nbr-table.o)
                0x000000000000b354                nbr_table_update_lladdr
 .any.text.packetbuf_hdrreduce
                0x000000000000b39c       0x1a contiki-z1.a(packetbuf.o)
                0x000000000000b39c                packetbuf_hdrreduce
 .any.text.packetbuf_set_datalen
                0x000000000000b3b6        0x6 contiki-z1.a(packetbuf.o)
                0x000000000000b3b6                packetbuf_set_datalen
 .any.text.packetbuf_hdrptr
                0x000000000000b3bc        0x6 contiki-z1.a(packetbuf.o)
                0x000000000000b3bc                packetbuf_hdrptr
 .any.text.packetbuf_datalen
                0x000000000000b3c2        0x6 contiki-z1.a(packetbuf.o)
                0x000000000000b3c2                packetbuf_datalen
 .any.text.packetbuf_hdrlen
                0x000000000000b3c8        0xa contiki-z1.a(packetbuf.o)
                0x000000000000b3c8                packetbuf_hdrlen
 .any.text.packetbuf_dataptr
                0x000000000000b3d2        0xc contiki-z1.a(packetbuf.o)
                0x000000000000b3d2                packetbuf_dataptr
 .any.text.packetbuf_copyto
                0x000000000000b3de       0x3a contiki-z1.a(packetbuf.o)
                0x000000000000b3de                packetbuf_copyto
 .any.text.packetbuf_totlen
                0x000000000000b418        0xc contiki-z1.a(packetbuf.o)
                0x000000000000b418                packetbuf_totlen
 .any.text.packetbuf_hdralloc
                0x000000000000b424       0x3c contiki-z1.a(packetbuf.o)
                0x000000000000b424                packetbuf_hdralloc
 .any.text.packetbuf_attr_clear
                0x000000000000b460       0x28 contiki-z1.a(packetbuf.o)
                0x000000000000b460                packetbuf_attr_clear
 .any.text.packetbuf_clear
                0x000000000000b488       0x12 contiki-z1.a(packetbuf.o)
                0x000000000000b488                packetbuf_clear
 .any.text.packetbuf_copyfrom
                0x000000000000b49a       0x2a contiki-z1.a(packetbuf.o)
                0x000000000000b49a                packetbuf_copyfrom
 .any.text.packetbuf_attr_copyto
                0x000000000000b4c4       0x22 contiki-z1.a(packetbuf.o)
                0x000000000000b4c4                packetbuf_attr_copyto
 .any.text.packetbuf_attr_copyfrom
                0x000000000000b4e6       0x24 contiki-z1.a(packetbuf.o)
                0x000000000000b4e6                packetbuf_attr_copyfrom
 .any.text.packetbuf_holds_broadcast
                0x000000000000b50a        0xe contiki-z1.a(packetbuf.o)
                0x000000000000b50a                packetbuf_holds_broadcast
 .any.text.linkaddr_copy
                0x000000000000b518        0x8 contiki-z1.a(linkaddr.o)
                0x000000000000b518                linkaddr_copy
 .any.text.linkaddr_cmp
                0x000000000000b520       0x12 contiki-z1.a(linkaddr.o)
                0x000000000000b520                linkaddr_cmp
 .any.text.linkaddr_set_node_addr
                0x000000000000b532        0xc contiki-z1.a(linkaddr.o)
                0x000000000000b532                linkaddr_set_node_addr
 .any.text.periodic
                0x000000000000b53e       0x2c contiki-z1.a(link-stats.o)
 .any.text.link_stats_from_lladdr
                0x000000000000b56a        0xc contiki-z1.a(link-stats.o)
                0x000000000000b56a                link_stats_from_lladdr
 .any.text.link_stats_is_fresh
                0x000000000000b576       0x32 contiki-z1.a(link-stats.o)
                0x000000000000b576                link_stats_is_fresh
 .any.text.link_stats_packet_sent
                0x000000000000b5a8       0xc4 contiki-z1.a(link-stats.o)
                0x000000000000b5a8                link_stats_packet_sent
 .any.text.link_stats_input_callback
                0x000000000000b66c       0xa8 contiki-z1.a(link-stats.o)
                0x000000000000b66c                link_stats_input_callback
 .any.text.link_stats_init
                0x000000000000b714       0x22 contiki-z1.a(link-stats.o)
                0x000000000000b714                link_stats_init
 .any.text.create_frame.isra.0
                0x000000000000b736      0x114 contiki-z1.a(framer-802154.o)
 .any.text.create
                0x000000000000b84a        0x8 contiki-z1.a(framer-802154.o)
 .any.text.hdr_length
                0x000000000000b852        0x8 contiki-z1.a(framer-802154.o)
 .any.text.parse
                0x000000000000b85a       0x9a contiki-z1.a(framer-802154.o)
 .any.text.input_packet
                0x000000000000b8f4        0x6 contiki-z1.a(csma.o)
 .any.text.on   0x000000000000b8fa        0x6 contiki-z1.a(csma.o)
 .any.text.off  0x000000000000b900        0x6 contiki-z1.a(csma.o)
 .any.text.channel_check_interval
                0x000000000000b906       0x10 contiki-z1.a(csma.o)
 .any.text.transmit_packet_list
                0x000000000000b916       0x24 contiki-z1.a(csma.o)
 .any.text.schedule_transmission
                0x000000000000b93a       0x84 contiki-z1.a(csma.o)
 .any.text.init
                0x000000000000b9be       0x1a contiki-z1.a(csma.o)
 .any.text.tx_done
                0x000000000000b9d8       0x86 contiki-z1.a(csma.o)
 .any.text.send_packet
                0x000000000000ba5e      0x158 contiki-z1.a(csma.o)
 .any.text.packet_sent
                0x000000000000bbb6       0xca contiki-z1.a(csma.o)
 .any.text.frame802154_get_pan_id
                0x000000000000bc80        0x6 contiki-z1.a(frame802154.o)
                0x000000000000bc80                frame802154_get_pan_id
 .any.text.frame802154_has_panid
                0x000000000000bc86       0xe0 contiki-z1.a(frame802154.o)
                0x000000000000bc86                frame802154_has_panid
 .any.text.field_len
                0x000000000000bd66       0xa8 contiki-z1.a(frame802154.o)
 .any.text.frame802154_is_broadcast_addr
                0x000000000000be0e       0x28 contiki-z1.a(frame802154.o)
                0x000000000000be0e                frame802154_is_broadcast_addr
 .any.text.frame802154_hdrlen
                0x000000000000be36       0x32 contiki-z1.a(frame802154.o)
                0x000000000000be36                frame802154_hdrlen
 .any.text.frame802154_create_fcf
                0x000000000000be68       0x6e contiki-z1.a(frame802154.o)
                0x000000000000be68                frame802154_create_fcf
 .any.text.frame802154_create
                0x000000000000bed6       0xd4 contiki-z1.a(frame802154.o)
                0x000000000000bed6                frame802154_create
 .any.text.frame802154_parse_fcf
                0x000000000000bfaa       0x8c contiki-z1.a(frame802154.o)
                0x000000000000bfaa                frame802154_parse_fcf
 .any.text.frame802154_parse
                0x000000000000c036      0x15c contiki-z1.a(frame802154.o)
                0x000000000000c036                frame802154_parse
 .any.text.mac_call_sent_callback
                0x000000000000c192       0x14 contiki-z1.a(mac.o)
                0x000000000000c192                mac_call_sent_callback
 .any.text.on   0x000000000000c1a6        0x6 contiki-z1.a(nullrdc.o)
 .any.text.channel_check_interval
                0x000000000000c1ac        0x4 contiki-z1.a(nullrdc.o)
 .any.text.init
                0x000000000000c1b0        0x6 contiki-z1.a(nullrdc.o)
 .any.text.off  0x000000000000c1b6       0x10 contiki-z1.a(nullrdc.o)
 .any.text.packet_input
                0x000000000000c1c6       0x40 contiki-z1.a(nullrdc.o)
 .any.text.send_one_packet
                0x000000000000c206      0x114 contiki-z1.a(nullrdc.o)
 .any.text.send_list
                0x000000000000c31a       0x28 contiki-z1.a(nullrdc.o)
 .any.text.send_packet
                0x000000000000c342        0x6 contiki-z1.a(nullrdc.o)
 .any.text.init
                0x000000000000c348        0x2 contiki-z1.a(nullsec.o)
 .any.text.send
                0x000000000000c34a        0xa contiki-z1.a(nullsec.o)
 .any.text.input
                0x000000000000c354        0x6 contiki-z1.a(nullsec.o)
 .any.text.i2c_receiveinit
                0x000000000000c35a       0x36 contiki-z1.a(i2cmaster.o)
                0x000000000000c35a                i2c_receiveinit
 .any.text.i2c_transmitinit
                0x000000000000c390       0x30 contiki-z1.a(i2cmaster.o)
                0x000000000000c390                i2c_transmitinit
 .any.text.i2c_receive_n
                0x000000000000c3c0       0x3e contiki-z1.a(i2cmaster.o)
                0x000000000000c3c0                i2c_receive_n
 .any.text.i2c_busy
                0x000000000000c3fe        0xa contiki-z1.a(i2cmaster.o)
                0x000000000000c3fe                i2c_busy
 .any.text.i2c_enable
                0x000000000000c408       0x22 contiki-z1.a(i2cmaster.o)
                0x000000000000c408                i2c_enable
 .any.text.i2c_transmit_n
                0x000000000000c42a       0x14 contiki-z1.a(i2cmaster.o)
                0x000000000000c42a                i2c_transmit_n
 .any.text.stimer_set
                0x000000000000c43e       0x1c contiki-z1.a(stimer.o)
                0x000000000000c43e                stimer_set
 .any.text.stimer_expired
                0x000000000000c45a       0x30 contiki-z1.a(stimer.o)
                0x000000000000c45a                stimer_expired
 .any.text.memb_init
                0x000000000000c48a       0x36 contiki-z1.a(memb.o)
                0x000000000000c48a                memb_init
 .any.text.memb_alloc
                0x000000000000c4c0       0x3e contiki-z1.a(memb.o)
                0x000000000000c4c0                memb_alloc
 .any.text.memb_free
                0x000000000000c4fe       0x3a contiki-z1.a(memb.o)
                0x000000000000c4fe                memb_free
 .any.text.memb_inmemb
                0x000000000000c538       0x2a contiki-z1.a(memb.o)
                0x000000000000c538                memb_inmemb
 .any.text.memb_numfree
                0x000000000000c562       0x26 contiki-z1.a(memb.o)
                0x000000000000c562                memb_numfree
 .any.text.echo_reply_input
                0x000000000000c588       0xaa contiki-z1.a(uip-icmp6.o)
 .any.text.echo_request_input
                0x000000000000c632       0xce contiki-z1.a(uip-icmp6.o)
 .any.text.uip_icmp6_input
                0x000000000000c700       0x44 contiki-z1.a(uip-icmp6.o)
                0x000000000000c700                uip_icmp6_input
 .any.text.uip_icmp6_register_input_handler
                0x000000000000c744        0xc contiki-z1.a(uip-icmp6.o)
                0x000000000000c744                uip_icmp6_register_input_handler
 .any.text.uip_icmp6_error_output
                0x000000000000c750      0x172 contiki-z1.a(uip-icmp6.o)
                0x000000000000c750                uip_icmp6_error_output
 .any.text.uip_icmp6_send
                0x000000000000c8c2       0x90 contiki-z1.a(uip-icmp6.o)
                0x000000000000c8c2                uip_icmp6_send
 .any.text.uip_icmp6_init
                0x000000000000c952       0x12 contiki-z1.a(uip-icmp6.o)
                0x000000000000c952                uip_icmp6_init
 .any.text.reset
                0x000000000000c964        0x2 contiki-z1.a(rpl-of0.o)
 .any.text.update_metric_container
                0x000000000000c966        0x6 contiki-z1.a(rpl-of0.o)
 .any.text.parent_link_metric
                0x000000000000c96c       0x10 contiki-z1.a(rpl-of0.o)
 .any.text.parent_rank_increase
                0x000000000000c97c       0x44 contiki-z1.a(rpl-of0.o)
 .any.text.best_dag
                0x000000000000c9c0       0x2e contiki-z1.a(rpl-of0.o)
 .any.text.parent_is_acceptable
                0x000000000000c9ee       0x38 contiki-z1.a(rpl-of0.o)
 .any.text.parent_has_usable_link
                0x000000000000ca26        0x6 contiki-z1.a(rpl-of0.o)
 .any.text.rank_via_parent
                0x000000000000ca2c       0x36 contiki-z1.a(rpl-of0.o)
 .any.text.parent_path_cost
                0x000000000000ca62       0x36 contiki-z1.a(rpl-of0.o)
 .any.text.best_parent
                0x000000000000ca98       0x76 contiki-z1.a(rpl-of0.o)
 .any.text.handle_unicast_dio_timer
                0x000000000000cb0e       0x1c contiki-z1.a(rpl-timers.o)
 .any.text.new_dio_interval
                0x000000000000cb2a       0x8a contiki-z1.a(rpl-timers.o)
 .any.text.set_dao_lifetime_timer
                0x000000000000cbb4       0x7e contiki-z1.a(rpl-timers.o)
 .any.text.handle_periodic_timer
                0x000000000000cc32       0x50 contiki-z1.a(rpl-timers.o)
 .any.text.schedule_dao
                0x000000000000cc82       0x72 contiki-z1.a(rpl-timers.o)
 .any.text.handle_dio_timer
                0x000000000000ccf4       0x88 contiki-z1.a(rpl-timers.o)
 .any.text.handle_dao_timer
                0x000000000000cd7c       0x64 contiki-z1.a(rpl-timers.o)
 .any.text.rpl_reset_periodic_timer
                0x000000000000cde0       0x54 contiki-z1.a(rpl-timers.o)
                0x000000000000cde0                rpl_reset_periodic_timer
 .any.text.rpl_reset_dio_timer
                0x000000000000ce34       0x18 contiki-z1.a(rpl-timers.o)
                0x000000000000ce34                rpl_reset_dio_timer
 .any.text.rpl_schedule_dao
                0x000000000000ce4c        0xc contiki-z1.a(rpl-timers.o)
                0x000000000000ce4c                rpl_schedule_dao
 .any.text.rpl_schedule_unicast_dio_immediately
                0x000000000000ce58       0x16 contiki-z1.a(rpl-timers.o)
                0x000000000000ce58                rpl_schedule_unicast_dio_immediately
 .any.text.get_probing_delay
                0x000000000000ce6e       0x40 contiki-z1.a(rpl-timers.o)
                0x000000000000ce6e                get_probing_delay
 .any.text.get_probing_target
                0x000000000000ceae       0xe2 contiki-z1.a(rpl-timers.o)
                0x000000000000ceae                get_probing_target
 .any.text.rpl_schedule_probing
                0x000000000000cf90       0x26 contiki-z1.a(rpl-timers.o)
                0x000000000000cf90                rpl_schedule_probing
 .any.text.handle_probing_timer
                0x000000000000cfb6       0x34 contiki-z1.a(rpl-timers.o)
 .any.text.update_nbr
                0x000000000000cfea       0xda contiki-z1.a(rpl-nbr-policy.)
 .any.text.handle_periodic_timer
                0x000000000000d0c4        0xe contiki-z1.a(rpl-nbr-policy.)
 .any.text.find_removable_dis
                0x000000000000d0d2       0x14 contiki-z1.a(rpl-nbr-policy.)
                0x000000000000d0d2                find_removable_dis
 .any.text.find_removable_dio
                0x000000000000d0e6       0x3c contiki-z1.a(rpl-nbr-policy.)
                0x000000000000d0e6                find_removable_dio
 .any.text.find_removable_dao
                0x000000000000d122       0x32 contiki-z1.a(rpl-nbr-policy.)
                0x000000000000d122                find_removable_dao
 .any.text.rpl_nbr_policy_find_removable
                0x000000000000d154       0x30 contiki-z1.a(rpl-nbr-policy.)
                0x000000000000d154                rpl_nbr_policy_find_removable
 .any.text.reset
                0x000000000000d184        0x2 contiki-z1.a(rpl-mrhof.o)
 .any.text.update_metric_container
                0x000000000000d186        0x6 contiki-z1.a(rpl-mrhof.o)
 .any.text.parent_link_metric
                0x000000000000d18c       0x10 contiki-z1.a(rpl-mrhof.o)
 .any.text.parent_has_usable_link
                0x000000000000d19c       0x14 contiki-z1.a(rpl-mrhof.o)
 .any.text.best_dag
                0x000000000000d1b0       0x2e contiki-z1.a(rpl-mrhof.o)
 .any.text.parent_path_cost
                0x000000000000d1de       0x40 contiki-z1.a(rpl-mrhof.o)
 .any.text.parent_is_acceptable
                0x000000000000d21e       0x2a contiki-z1.a(rpl-mrhof.o)
 .any.text.rank_via_parent
                0x000000000000d248       0x4e contiki-z1.a(rpl-mrhof.o)
 .any.text.best_parent
                0x000000000000d296       0x76 contiki-z1.a(rpl-mrhof.o)
 .any.text.mac_sequence_is_duplicate
                0x000000000000d30c       0x60 contiki-z1.a(mac-sequence.o)
                0x000000000000d30c                mac_sequence_is_duplicate
 .any.text.mac_sequence_register_seqno
                0x000000000000d36c       0x76 contiki-z1.a(mac-sequence.o)
                0x000000000000d36c                mac_sequence_register_seqno
 .any.text.printf
                0x000000000000d3e2       0x10 /opt/msp430-47-expr/bin/../lib/gcc/msp430/4.7.0/../../../../msp430/lib/mcpu-430x/mmpy-16/msr20/mc20/libc.a(printf.o)
                0x000000000000d3e2                printf
 .any.text.print_field
                0x000000000000d3f2      0x176 /opt/msp430-47-expr/bin/../lib/gcc/msp430/4.7.0/../../../../msp430/lib/mcpu-430x/mmpy-16/msr20/mc20/libc.a(vuprintf.o)
 .any.text.vuprintf
                0x000000000000d568      0x74c /opt/msp430-47-expr/bin/../lib/gcc/msp430/4.7.0/../../../../msp430/lib/mcpu-430x/mmpy-16/msr20/mc20/libc.a(vuprintf.o)
                0x000000000000d568                vuprintf
 .any.text.puts
                0x000000000000dcb4       0x2c /opt/msp430-47-expr/bin/../lib/gcc/msp430/4.7.0/../../../../msp430/lib/mcpu-430x/mmpy-16/msr20/mc20/libc.a(puts.o)
                0x000000000000dcb4                puts
 .any.text.rand
                0x000000000000dce0       0x26 /opt/msp430-47-expr/bin/../lib/gcc/msp430/4.7.0/../../../../msp430/lib/mcpu-430x/mmpy-16/msr20/mc20/libc.a(rand.o)
                0x000000000000dce0                rand
 .any.text.srand
                0x000000000000dd06        0xa /opt/msp430-47-expr/bin/../lib/gcc/msp430/4.7.0/../../../../msp430/lib/mcpu-430x/mmpy-16/msr20/mc20/libc.a(rand.o)
                0x000000000000dd06                srand
 .any.text.memcmp
                0x000000000000dd10       0x2c /opt/msp430-47-expr/bin/../lib/gcc/msp430/4.7.0/../../../../msp430/lib/mcpu-430x/mmpy-16/msr20/mc20/libc.a(memcmp.o)
                0x000000000000dd10                memcmp
 .any.text.memcpy
                0x000000000000dd3c       0xe8 /opt/msp430-47-expr/bin/../lib/gcc/msp430/4.7.0/../../../../msp430/lib/mcpu-430x/mmpy-16/msr20/mc20/libc.a(memcpy.o)
                0x000000000000dd3c                memcpy
 .any.text.memmove
                0x000000000000de24       0xe8 /opt/msp430-47-expr/bin/../lib/gcc/msp430/4.7.0/../../../../msp430/lib/mcpu-430x/mmpy-16/msr20/mc20/libc.a(memmove.o)
                0x000000000000de24                memmove
 .any.text.memset
                0x000000000000df0c       0x5c /opt/msp430-47-expr/bin/../lib/gcc/msp430/4.7.0/../../../../msp430/lib/mcpu-430x/mmpy-16/msr20/mc20/libc.a(memset.o)
                0x000000000000df0c                memset

.rodata         0x000000000000df68      0x6cf
                0x000000000000df68                . = ALIGN (0x2)
 *(.rodata .rodata.* .gnu.linkonce.r.*)
 .rodata.process_thread_print_metrics_process
                0x000000000000df68       0x96 udp-server-A.co
 .rodata.process_thread_udp_server_process
                0x000000000000dffe       0x12 udp-server-A.co
 .rodata.autostart_processes
                0x000000000000e010        0x6 udp-server-A.co
                0x000000000000e010                autostart_processes
 .rodata        0x000000000000e016       0x33 udp-server-A.co
 .rodata        0x000000000000e049      0x118 obj_z1/contiki-z1-main.o
 *fill*         0x000000000000e161        0x3 00
 .rodata.get_value
                0x000000000000e164       0x44 contiki-z1.a(cc2420.o)
 .rodata.set_value
                0x000000000000e1a8       0x20 contiki-z1.a(cc2420.o)
 .rodata.cc2420_driver
                0x000000000000e1c8       0x38 contiki-z1.a(cc2420.o)
                0x000000000000e1c8                cc2420_driver
 .rodata        0x000000000000e200        0xe contiki-z1.a(cc2420.o)
 .rodata.output_power
                0x000000000000e20e       0x10 contiki-z1.a(cc2420.o)
 .rodata        0x000000000000e21e        0x8 contiki-z1.a(sensors.o)
 .rodata        0x000000000000e226        0x7 contiki-z1.a(button-sensor.o)
 *fill*         0x000000000000e22d        0x1 00
 .rodata.button_sensor
                0x000000000000e22e        0xe contiki-z1.a(button-sensor.o)
                0x000000000000e22e                button_sensor
 .rodata        0x000000000000e23c       0x25 contiki-z1.a(adxl345.o)
 *fill*         0x000000000000e261        0x1 00
 .rodata.adxl345
                0x000000000000e262        0xe contiki-z1.a(adxl345.o)
                0x000000000000e262                adxl345
 .rodata        0x000000000000e270        0xe contiki-z1.a(tmp102.o)
 .rodata.tmp102
                0x000000000000e27e        0xe contiki-z1.a(tmp102.o)
                0x000000000000e27e                tmp102
 .rodata        0x000000000000e28c        0xf contiki-z1.a(ctimer.o)
 .rodata        0x000000000000e29b        0xc contiki-z1.a(etimer.o)
 *fill*         0x000000000000e2a7        0x1 00
 .rodata.uip_process
                0x000000000000e2a8       0x68 contiki-z1.a(uip6.o)
 .rodata        0x000000000000e310        0xb contiki-z1.a(sicslowpan.o)
 *fill*         0x000000000000e31b        0x1 00
 .rodata.sicslowpan_driver
                0x000000000000e31c        0xa contiki-z1.a(sicslowpan.o)
                0x000000000000e31c                sicslowpan_driver
 .rodata.llprefix
                0x000000000000e326        0x2 contiki-z1.a(sicslowpan.o)
                0x000000000000e326                llprefix
 .rodata.unc_mxconf
                0x000000000000e328        0x4 contiki-z1.a(sicslowpan.o)
                0x000000000000e328                unc_mxconf
 .rodata.unc_ctxconf
                0x000000000000e32c        0x4 contiki-z1.a(sicslowpan.o)
                0x000000000000e32c                unc_ctxconf
 .rodata.unc_llconf
                0x000000000000e330        0x4 contiki-z1.a(sicslowpan.o)
                0x000000000000e330                unc_llconf
 .rodata.ttl_values
                0x000000000000e334        0x4 contiki-z1.a(sicslowpan.o)
 .rodata        0x000000000000e338        0xd contiki-z1.a(tcpip.o)
 .rodata.uip_debug_ipaddr_print
                0x000000000000e345       0x28 contiki-z1.a(uip-debug.o)
 .rodata.dio_output
                0x000000000000e36d       0x3d contiki-z1.a(rpl-icmp6.o)
 .rodata.rpl_local_repair
                0x000000000000e3aa       0x33 contiki-z1.a(rpl-dag.o)
 .rodata.rpl_process_dio
                0x000000000000e3dd      0x1e0 contiki-z1.a(rpl-dag.o)
 *fill*         0x000000000000e5bd        0x1 00
 .rodata.linkaddr_null
                0x000000000000e5be        0x8 contiki-z1.a(linkaddr.o)
                0x000000000000e5be                linkaddr_null
 .rodata.framer_802154
                0x000000000000e5c6        0xc contiki-z1.a(framer-802154.o)
                0x000000000000e5c6                framer_802154
 .rodata        0x000000000000e5d2        0x5 contiki-z1.a(csma.o)
 *fill*         0x000000000000e5d7        0x1 00
 .rodata.csma_driver
                0x000000000000e5d8       0x1a contiki-z1.a(csma.o)
                0x000000000000e5d8                csma_driver
 .rodata.CSWTCH.16
                0x000000000000e5f2        0x2 contiki-z1.a(frame802154.o)
 .rodata        0x000000000000e5f4        0x8 contiki-z1.a(nullrdc.o)
 .rodata.nullrdc_driver