Archive member included because of file (symbol)

contiki-z1.a(contiki-z1-plat)
                              obj_z1/contiki-z1-main.o (init_platform)
contiki-z1.a(msp430.o)        obj_z1/contiki-z1-main.o (splhigh_)
contiki-z1.a(leds.o)          obj_z1/contiki-z1-main.o (leds_init)
contiki-z1.a(watchdog.o)      obj_z1/contiki-z1-main.o (watchdog_start)
contiki-z1.a(xmem.o)          obj_z1/contiki-z1-main.o (xmem_init)
contiki-z1.a(spi.o)           contiki-z1.a(xmem.o) (spi_init)
contiki-z1.a(cc2420.o)        obj_z1/contiki-z1-main.o (cc2420_set_pan_addr)
contiki-z1.a(cc2420-arch.o)   contiki-z1.a(cc2420.o) (cc2420_arch_init)
contiki-z1.a(node-id.o)       obj_z1/contiki-z1-main.o (node_id_restore)
contiki-z1.a(sensors.o)       border-router.co (sensors_event)
contiki-z1.a(button-sensor.o)
                              border-router.co (button_sensor)
contiki-z1.a(uart0.o)         obj_z1/contiki-z1-main.o (uart0_active)
contiki-z1.a(slip.o)          obj_z1/slip-bridge.o (slip_process)
contiki-z1.a(slip_uart0.o)    obj_z1/slip-bridge.o (slip_arch_writeb)
contiki-z1.a(z1-sensors.o)    contiki-z1.a(sensors.o) (sensors_flags)
contiki-z1.a(adxl345.o)       obj_z1/contiki-z1-main.o (adxl345)
contiki-z1.a(tmp102.o)        contiki-z1.a(z1-sensors.o) (tmp102)
contiki-z1.a(clock.o)         obj_z1/contiki-z1-main.o (clock_init)
contiki-z1.a(leds-arch.o)     contiki-z1.a(leds.o) (leds_arch_init)
contiki-z1.a(rtimer-arch.o)   obj_z1/contiki-z1-main.o (rtimer_arch_now)
contiki-z1.a(ctimer.o)        obj_z1/contiki-z1-main.o (ctimer_init)
contiki-z1.a(autostart.o)     obj_z1/contiki-z1-main.o (autostart_start)
contiki-z1.a(energest.o)      obj_z1/contiki-z1-main.o (energest_init)
contiki-z1.a(etimer.o)        contiki-z1.a(clock.o) (etimer_request_poll)
contiki-z1.a(process.o)       border-router.co (process_current)
contiki-z1.a(rtimer.o)        obj_z1/contiki-z1-main.o (rtimer_init)
contiki-z1.a(timer.o)         obj_z1/httpd-simple.o (timer_set)
contiki-z1.a(list.o)          contiki-z1.a(ctimer.o) (list_init)
contiki-z1.a(memb.o)          obj_z1/httpd-simple.o (memb_init)
contiki-z1.a(random.o)        obj_z1/contiki-z1-main.o (random_init)
contiki-z1.a(uip-ds6.o)       border-router.co (uip_ds6_if)
contiki-z1.a(uip-ds6-route.o)
                              contiki-z1.a(uip-ds6.o) (uip_ds6_route_init)
contiki-z1.a(uip6.o)          border-router.co (uip_aligned_buf)
contiki-z1.a(uip-ds6-nbr.o)   border-router.co (ds6_neighbors)
contiki-z1.a(uip-nd6.o)       contiki-z1.a(uip6.o) (uip_nd6_init)
contiki-z1.a(sicslowpan.o)    obj_z1/contiki-z1-main.o (sicslowpan_driver)
contiki-z1.a(psock.o)         border-router.co (psock_send)
contiki-z1.a(tcpip.o)         contiki-z1.a(sicslowpan.o) (tcpip_set_outputfunc)
contiki-z1.a(uip-debug.o)     border-router.co (uip_debug_ipaddr_print)
contiki-z1.a(rpl-ext-header.)
                              contiki-z1.a(uip6.o) (rpl_verify_hbh_header)
contiki-z1.a(rpl.o)           contiki-z1.a(uip-ds6-nbr.o) (rpl_link_neighbor_callback)
contiki-z1.a(rpl-icmp6.o)     contiki-z1.a(rpl-ext-header.) (dao_output_target)
contiki-z1.a(rpl-dag.o)       contiki-z1.a(rpl-ext-header.) (rpl_parents)
contiki-z1.a(queuebuf.o)      obj_z1/contiki-z1-main.o (queuebuf_init)
contiki-z1.a(nbr-table.o)     contiki-z1.a(uip-ds6-route.o) (nbr_table_register)
contiki-z1.a(packetbuf.o)     contiki-z1.a(cc2420.o) (packetbuf_set_datalen)
contiki-z1.a(linkaddr.o)      obj_z1/contiki-z1-main.o (linkaddr_copy)
contiki-z1.a(link-stats.o)    contiki-z1.a(rpl-dag.o) (link_stats_from_lladdr)
contiki-z1.a(framer-802154.o)
                              contiki-z1.a(sicslowpan.o) (framer_802154)
contiki-z1.a(csma.o)          border-router.co (csma_driver)
contiki-z1.a(frame802154.o)   contiki-z1.a(framer-802154.o) (frame802154_get_pan_id)
contiki-z1.a(mac.o)           contiki-z1.a(csma.o) (mac_call_sent_callback)
contiki-z1.a(contikimac.o)    obj_z1/contiki-z1-main.o (contikimac_driver)
contiki-z1.a(nullsec.o)       obj_z1/contiki-z1-main.o (nullsec_driver)
contiki-z1.a(i2cmaster.o)     contiki-z1.a(adxl345.o) (i2c_receiveinit)
contiki-z1.a(stimer.o)        contiki-z1.a(uip-ds6.o) (stimer_set)
contiki-z1.a(uip-icmp6.o)     contiki-z1.a(uip6.o) (uip_icmp6_input)
contiki-z1.a(rpl-of0.o)       contiki-z1.a(rpl-dag.o) (rpl_of0)
contiki-z1.a(rpl-timers.o)    contiki-z1.a(rpl.o) (rpl_reset_periodic_timer)
contiki-z1.a(rpl-nbr-policy.)
                              contiki-z1.a(nbr-table.o) (rpl_nbr_policy_find_removable)
contiki-z1.a(rpl-mrhof.o)     contiki-z1.a(rpl-dag.o) (rpl_mrhof)
contiki-z1.a(mac-sequence.o)  contiki-z1.a(contikimac.o) (mac_sequence_is_duplicate)
/opt/msp430-47-expr/bin/../lib/gcc/msp430/4.7.0/mcpu-430x/mmpy-16/msr20/mc20/libgcc.a(_mulsi3.o)
                              contiki-z1.a(link-stats.o) (__mulsi3)
/opt/msp430-47-expr/bin/../lib/gcc/msp430/4.7.0/mcpu-430x/mmpy-16/msr20/mc20/libgcc.a(_udivmod16.o)
                              contiki-z1.a(rpl-icmp6.o) (__udivhi3)
[...]
Memory Configuration

Name             Origin             Length             Attributes
sfr              0x0000000000000000 0x0000000000000010
peripheral_8bit  0x0000000000000010 0x00000000000000f0
peripheral_16bit 0x0000000000000100 0x0000000000000100
ram_mirror       0x0000000000000200 0x0000000000000800 xw
infomem          0x0000000000001000 0x0000000000000100
infod            0x0000000000001000 0x0000000000000040
infoc            0x0000000000001040 0x0000000000000040
infob            0x0000000000001080 0x0000000000000040
infoa            0x00000000000010c0 0x0000000000000040
ram              0x0000000000001100 0x0000000000002000 xw
rom              0x0000000000003100 0x000000000000cebe xr
vectors          0x000000000000ffc0 0x0000000000000040
far_rom          0x0000000000010000 0x000000000000a000
bsl              0x0000000000000000 0x0000000000000000
ram2             0x0000000000000000 0x0000000000000000 xw
usbram           0x0000000000000000 0x0000000000000000 xw
*default*        0x0000000000000000 0xffffffffffffffff

Linker script and memory map

LOAD /opt/msp430-47-expr/bin/../lib/gcc/msp430/4.7.0/mcpu-430x/mmpy-16/msr20/mc20/crt0ivtbl32.o
                0x0000000000000041                __P1SEL2 = 0x41
                0x0000000000000045                __P5SEL2 = 0x45
LOAD border-router.co
LOAD obj_z1/slip-bridge.o
LOAD obj_z1/httpd-simple.o
LOAD obj_z1/contiki-z1-main.o
LOAD contiki-z1.a
LOAD /opt/msp430-47-expr/bin/../lib/gcc/msp430/4.7.0/mcpu-430x/mmpy-16/msr20/mc20/libgcc.a
LOAD /opt/msp430-47-expr/bin/../lib/gcc/msp430/4.7.0/../../../../msp430/lib/mcpu-430x/mmpy-16/msr20/mc20/libc.a
LOAD /opt/msp430-47-expr/bin/../lib/gcc/msp430/4.7.0/mcpu-430x/mmpy-16/msr20/mc20/libgcc.a
LOAD /opt/msp430-47-expr/bin/../lib/gcc/msp430/4.7.0/mcpu-430x/mmpy-16/msr20/mc20/libcrt0.a
                0x0000000000000040                PROVIDE (__info_segment_size, 0x40)
                0x0000000000001000                PROVIDE (__infod, 0x1000)
                0x0000000000001040                PROVIDE (__infoc, 0x1040)
                0x0000000000001080                PROVIDE (__infob, 0x1080)
                0x00000000000010c0                PROVIDE (__infoa, 0x10c0)
                0x0000000000000000                __IE1 = 0x0
                0x0000000000000002                __IFG1 = 0x2
                0x0000000000000001                __IE2 = 0x1
                0x0000000000000003                __IFG2 = 0x3
                0x0000000000000006                __UC1IE = 0x6
                0x0000000000000007                __UC1IFG = 0x7
                0x00000000000001a0                __ADC12CTL0 = 0x1a0
                0x00000000000001a2                __ADC12CTL1 = 0x1a2
                0x00000000000001a4                __ADC12IFG = 0x1a4
                0x00000000000001a6                __ADC12IE = 0x1a6
                0x00000000000001a8                __ADC12IV = 0x1a8
                0x0000000000000140                __ADC12MEM0 = 0x140
                0x0000000000000142                __ADC12MEM1 = 0x142
                0x0000000000000144                __ADC12MEM2 = 0x144
                0x0000000000000146                __ADC12MEM3 = 0x146
                0x0000000000000148                __ADC12MEM4 = 0x148
                0x000000000000014a                __ADC12MEM5 = 0x14a
                0x000000000000014c                __ADC12MEM6 = 0x14c
                0x000000000000014e                __ADC12MEM7 = 0x14e
                0x0000000000000150                __ADC12MEM8 = 0x150
                0x0000000000000152                __ADC12MEM9 = 0x152
                0x0000000000000154                __ADC12MEM10 = 0x154
                0x0000000000000156                __ADC12MEM11 = 0x156
                0x0000000000000158                __ADC12MEM12 = 0x158
                0x000000000000015a                __ADC12MEM13 = 0x15a
                0x000000000000015c                __ADC12MEM14 = 0x15c
                0x000000000000015e                __ADC12MEM15 = 0x15e
                0x0000000000000080                __ADC12MCTL0 = 0x80
                0x0000000000000081                __ADC12MCTL1 = 0x81
                0x0000000000000082                __ADC12MCTL2 = 0x82
                0x0000000000000083                __ADC12MCTL3 = 0x83
                0x0000000000000084                __ADC12MCTL4 = 0x84
                0x0000000000000085                __ADC12MCTL5 = 0x85
                0x0000000000000086                __ADC12MCTL6 = 0x86
                0x0000000000000087                __ADC12MCTL7 = 0x87
                0x0000000000000088                __ADC12MCTL8 = 0x88
                0x0000000000000089                __ADC12MCTL9 = 0x89
                0x000000000000008a                __ADC12MCTL10 = 0x8a
                0x000000000000008b                __ADC12MCTL11 = 0x8b
                0x000000000000008c                __ADC12MCTL12 = 0x8c
                0x000000000000008d                __ADC12MCTL13 = 0x8d
                0x000000000000008e                __ADC12MCTL14 = 0x8e
                0x000000000000008f                __ADC12MCTL15 = 0x8f
                0x0000000000000056                __DCOCTL = 0x56
                0x0000000000000057                __BCSCTL1 = 0x57
                0x0000000000000058                __BCSCTL2 = 0x58
                0x0000000000000053                __BCSCTL3 = 0x53
                0x0000000000000059                __CACTL1 = 0x59
                0x000000000000005a                __CACTL2 = 0x5a
                0x000000000000005b                __CAPD = 0x5b
                0x00000000000001c0                __DAC12_0CTL = 0x1c0
                0x00000000000001c2                __DAC12_1CTL = 0x1c2
                0x00000000000001c8                __DAC12_0DAT = 0x1c8
                0x00000000000001ca                __DAC12_1DAT = 0x1ca
                0x0000000000000122                __DMACTL0 = 0x122
                0x0000000000000124                __DMACTL1 = 0x124
                0x0000000000000126                __DMAIV = 0x126
                0x00000000000001d0                __DMA0CTL = 0x1d0
                0x00000000000001dc                __DMA1CTL = 0x1dc
                0x00000000000001e8                __DMA2CTL = 0x1e8
                0x00000000000001d2                __DMA0SA = 0x1d2
                0x00000000000001d2                __DMA0SAL = 0x1d2
                0x00000000000001d6                __DMA0DA = 0x1d6
                0x00000000000001d6                __DMA0DAL = 0x1d6
                0x00000000000001da                __DMA0SZ = 0x1da
                0x00000000000001de                __DMA1SA = 0x1de
                0x00000000000001de                __DMA1SAL = 0x1de
                0x00000000000001e2                __DMA1DA = 0x1e2
                0x00000000000001e2                __DMA1DAL = 0x1e2
                0x00000000000001e6                __DMA1SZ = 0x1e6
                0x00000000000001ea                __DMA2SA = 0x1ea
                0x00000000000001ea                __DMA2SAL = 0x1ea
                0x00000000000001ee                __DMA2DA = 0x1ee
                0x00000000000001ee                __DMA2DAL = 0x1ee
                0x00000000000001f2                __DMA2SZ = 0x1f2
                0x0000000000000128                __FCTL1 = 0x128
                0x000000000000012a                __FCTL2 = 0x12a
                0x000000000000012c                __FCTL3 = 0x12c
                0x00000000000001be                __FCTL4 = 0x1be
                0x0000000000000130                __MPY = 0x130
                0x0000000000000132                __MPYS = 0x132
                0x0000000000000134                __MAC = 0x134
                0x0000000000000136                __MACS = 0x136
                0x0000000000000138                __OP2 = 0x138
                0x000000000000013a                __RESLO = 0x13a
                0x000000000000013c                __RESHI = 0x13c
                0x000000000000013e                __SUMEXT = 0x13e
                0x0000000000000020                __P1IN = 0x20
                0x0000000000000021                __P1OUT = 0x21
                0x0000000000000022                __P1DIR = 0x22
                0x0000000000000023                __P1IFG = 0x23
                0x0000000000000024                __P1IES = 0x24
                0x0000000000000025                __P1IE = 0x25
                0x0000000000000026                __P1SEL = 0x26
                0x0000000000000027                __P1REN = 0x27
                0x0000000000000028                __P2IN = 0x28
                0x0000000000000029                __P2OUT = 0x29
                0x000000000000002a                __P2DIR = 0x2a
                0x000000000000002b                __P2IFG = 0x2b
                0x000000000000002c                __P2IES = 0x2c
                0x000000000000002d                __P2IE = 0x2d
                0x000000000000002e                __P2SEL = 0x2e
                0x000000000000002f                __P2REN = 0x2f
                0x0000000000000018                __P3IN = 0x18
                0x0000000000000019                __P3OUT = 0x19
                0x000000000000001a                __P3DIR = 0x1a
                0x000000000000001b                __P3SEL = 0x1b
                0x0000000000000010                __P3REN = 0x10
                0x000000000000001c                __P4IN = 0x1c
                0x000000000000001d                __P4OUT = 0x1d
                0x000000000000001e                __P4DIR = 0x1e
                0x000000000000001f                __P4SEL = 0x1f
                0x0000000000000011                __P4REN = 0x11
                0x0000000000000030                __P5IN = 0x30
                0x0000000000000031                __P5OUT = 0x31
                0x0000000000000032                __P5DIR = 0x32
                0x0000000000000033                __P5SEL = 0x33
                0x0000000000000012                __P5REN = 0x12
                0x0000000000000034                __P6IN = 0x34
                0x0000000000000035                __P6OUT = 0x35
                0x0000000000000036                __P6DIR = 0x36
                0x0000000000000037                __P6SEL = 0x37
                0x0000000000000013                __P6REN = 0x13
                0x0000000000000038                __P7IN = 0x38
                0x000000000000003a                __P7OUT = 0x3a
                0x000000000000003c                __P7DIR = 0x3c
                0x000000000000003e                __P7SEL = 0x3e
                0x0000000000000014                __P7REN = 0x14
                0x0000000000000039                __P8IN = 0x39
                0x000000000000003b                __P8OUT = 0x3b
                0x000000000000003d                __P8DIR = 0x3d
                0x000000000000003f                __P8SEL = 0x3f
                0x0000000000000015                __P8REN = 0x15
                0x0000000000000038                __PAIN = 0x38
                0x000000000000003a                __PAOUT = 0x3a
                0x000000000000003c                __PADIR = 0x3c
                0x000000000000003e                __PASEL = 0x3e
                0x0000000000000014                __PAREN = 0x14
                0x0000000000000055                __SVSCTL = 0x55
                0x000000000000012e                __TAIV = 0x12e
                0x0000000000000160                __TACTL = 0x160
                0x0000000000000162                __TACCTL0 = 0x162
                0x0000000000000164                __TACCTL1 = 0x164
                0x0000000000000166                __TACCTL2 = 0x166
                0x0000000000000170                __TAR = 0x170
                0x0000000000000172                __TACCR0 = 0x172
                0x0000000000000174                __TACCR1 = 0x174
                0x0000000000000176                __TACCR2 = 0x176
                0x000000000000011e                __TBIV = 0x11e
                0x0000000000000180                __TBCTL = 0x180
                0x0000000000000182                __TBCCTL0 = 0x182
                0x0000000000000184                __TBCCTL1 = 0x184
                0x0000000000000186                __TBCCTL2 = 0x186
                0x0000000000000188                __TBCCTL3 = 0x188
                0x000000000000018a                __TBCCTL4 = 0x18a
                0x000000000000018c                __TBCCTL5 = 0x18c
                0x000000000000018e                __TBCCTL6 = 0x18e
                0x0000000000000190                __TBR = 0x190
                0x0000000000000192                __TBCCR0 = 0x192
                0x0000000000000194                __TBCCR1 = 0x194
                0x0000000000000196                __TBCCR2 = 0x196
                0x0000000000000198                __TBCCR3 = 0x198
                0x000000000000019a                __TBCCR4 = 0x19a
                0x000000000000019c                __TBCCR5 = 0x19c
                0x000000000000019e                __TBCCR6 = 0x19e
                0x0000000000000060                __UCA0CTL0 = 0x60
                0x0000000000000061                __UCA0CTL1 = 0x61
                0x0000000000000062                __UCA0BR0 = 0x62
                0x0000000000000063                __UCA0BR1 = 0x63
                0x0000000000000064                __UCA0MCTL = 0x64
                0x0000000000000065                __UCA0STAT = 0x65
                0x0000000000000066                __UCA0RXBUF = 0x66
                0x0000000000000067                __UCA0TXBUF = 0x67
                0x000000000000005d                __UCA0ABCTL = 0x5d
                0x000000000000005e                __UCA0IRTCTL = 0x5e
                0x000000000000005f                __UCA0IRRCTL = 0x5f
                0x0000000000000068                __UCB0CTL0 = 0x68
                0x0000000000000069                __UCB0CTL1 = 0x69
                0x000000000000006a                __UCB0BR0 = 0x6a
                0x000000000000006b                __UCB0BR1 = 0x6b
                0x000000000000006c                __UCB0I2CIE = 0x6c
                0x000000000000006d                __UCB0STAT = 0x6d
                0x000000000000006e                __UCB0RXBUF = 0x6e
                0x000000000000006f                __UCB0TXBUF = 0x6f
                0x0000000000000118                __UCB0I2COA = 0x118
                0x000000000000011a                __UCB0I2CSA = 0x11a
                0x00000000000000d0                __UCA1CTL0 = 0xd0
                0x00000000000000d1                __UCA1CTL1 = 0xd1
                0x00000000000000d2                __UCA1BR0 = 0xd2
                0x00000000000000d3                __UCA1BR1 = 0xd3
                0x00000000000000d4                __UCA1MCTL = 0xd4
                0x00000000000000d5                __UCA1STAT = 0xd5
                0x00000000000000d6                __UCA1RXBUF = 0xd6
                0x00000000000000d7                __UCA1TXBUF = 0xd7
                0x00000000000000cd                __UCA1ABCTL = 0xcd
                0x00000000000000ce                __UCA1IRTCTL = 0xce
                0x00000000000000cf                __UCA1IRRCTL = 0xcf
                0x00000000000000d8                __UCB1CTL0 = 0xd8
                0x00000000000000d9                __UCB1CTL1 = 0xd9
                0x00000000000000da                __UCB1BR0 = 0xda
                0x00000000000000db                __UCB1BR1 = 0xdb
                0x00000000000000dc                __UCB1I2CIE = 0xdc
                0x00000000000000dd                __UCB1STAT = 0xdd
                0x00000000000000de                __UCB1RXBUF = 0xde
                0x00000000000000df                __UCB1TXBUF = 0xdf
                0x000000000000017c                __UCB1I2COA = 0x17c
                0x000000000000017e                __UCB1I2CSA = 0x17e
                0x0000000000000120                __WDTCTL = 0x120
                0x00000000000010c0                __TLV_CHECKSUM = 0x10c0
                0x00000000000010f6                __TLV_DCO_30_TAG = 0x10f6
                0x00000000000010f7                __TLV_DCO_30_LEN = 0x10f7
                0x00000000000010da                __TLV_ADC12_1_TAG = 0x10da
                0x00000000000010db                __TLV_ADC12_1_LEN = 0x10db
                0x00000000000010f8                __CALDCO_16MHZ = 0x10f8
                0x00000000000010f9                __CALBC1_16MHZ = 0x10f9
                0x00000000000010fa                __CALDCO_12MHZ = 0x10fa
                0x00000000000010fb                __CALBC1_12MHZ = 0x10fb
                0x00000000000010fc                __CALDCO_8MHZ = 0x10fc
                0x00000000000010fd                __CALBC1_8MHZ = 0x10fd
                0x00000000000010fe                __CALDCO_1MHZ = 0x10fe
                0x00000000000010ff                __CALBC1_1MHZ = 0x10ff

.hash
 *(.hash)

.dynsym
 *(.dynsym)

.dynstr
 *(.dynstr)

.gnu.version
 *(.gnu.version)

.gnu.version_d
 *(.gnu.version_d)

.gnu.version_r
 *(.gnu.version_r)

.rel.init
 *(.rel.init)

.rela.init
 *(.rela.init)

.rel.fini
 *(.rel.fini)

.rela.fini
 *(.rela.fini)

.rel.text
 *(.rel.text .rel.text.* .rel.gnu.linkonce.t.*)

.rela.text
 *(.rela.text .rela.text.* .rela.gnu.linkonce.t.*)

.rel.rodata
 *(.rel.rodata .rel.rodata.* .rel.gnu.linkonce.r.*)

.rela.rodata
 *(.rela.rodata .rela.rodata.* .rela.gnu.linkonce.r.*)

.rel.data
 *(.rel.data .rel.data.* .rel.gnu.linkonce.d.*)

.rela.data
 *(.rela.data .rela.data.* .rela.gnu.linkonce.d.*)

.rel.bss
 *(.rel.bss .rel.bss.* .rel.gnu.linkonce.b.*)

.rela.bss
 *(.rela.bss .rela.bss.* .rela.gnu.linkonce.b.*)

.rel.ctors
 *(.rel.ctors)

.rela.ctors
 *(.rela.ctors)

.rel.dtors
 *(.rel.dtors)

.rela.dtors
 *(.rela.dtors)

.rel.got
 *(.rel.got)

.rela.got
 *(.rela.got)

.rel.plt
 *(.rel.plt)

.rela.plt
 *(.rela.plt)

.text           0x0000000000003100     0xbf3a
                0x0000000000003100                . = ALIGN (0x2)
 *(.init .init.*)
 *(.init0)
 .init0         0x0000000000003100        0x0 /opt/msp430-47-expr/bin/../lib/gcc/msp430/4.7.0/mcpu-430x/mmpy-16/msr20/mc20/libcrt0.a(_reset_vector__.o)
                0x0000000000003100                _reset_vector__
 *(.init1)
 .init1         0x0000000000003100        0xc /opt/msp430-47-expr/bin/../lib/gcc/msp430/4.7.0/mcpu-430x/mmpy-16/msr20/mc20/libcrt0.a(__watchdog_support.o)
                0x0000000000003100                __watchdog_support
 *(.init2)
 .init2         0x000000000000310c        0x4 /opt/msp430-47-expr/bin/../lib/gcc/msp430/4.7.0/mcpu-430x/mmpy-16/msr20/mc20/libcrt0.a(__init_stack.o)
                0x000000000000310c                __init_stack
 *(.init3)
 .init3         0x0000000000003110        0x0 /opt/msp430-47-expr/bin/../lib/gcc/msp430/4.7.0/mcpu-430x/mmpy-16/msr20/mc20/libcrt0.a(__low_level_init.o)
                0x0000000000003110                __low_level_init
 *(.init4)
 .init4         0x0000000000003110       0x18 /opt/msp430-47-expr/bin/../lib/gcc/msp430/4.7.0/mcpu-430x/mmpy-16/msr20/mc20/libcrt0.a(_copy_data.o)
                0x0000000000003110                __do_copy_data
 .init4         0x0000000000003128       0x16 /opt/msp430-47-expr/bin/../lib/gcc/msp430/4.7.0/mcpu-430x/mmpy-16/msr20/mc20/libcrt0.a(_clear_bss.o)
                0x0000000000003128                __do_clear_bss
 *(.init5)
 *(.init6)
 *(.init7)
 *(.init8)
 *(.init9)
 .init9         0x000000000000313e      0x350 obj_z1/contiki-z1-main.o
                0x000000000000313e                main
 *(.fini9)
 .fini9         0x000000000000348e        0x0 /opt/msp430-47-expr/bin/../lib/gcc/msp430/4.7.0/mcpu-430x/mmpy-16/msr20/mc20/libcrt0.a(__stop_progExec__.o)
                0x000000000000348e                __stop_progExec__
 *(.fini8)
 *(.fini7)
 *(.fini6)
 *(.fini5)
 *(.fini4)
 *(.fini3)
 *(.fini2)
 *(.fini1)
 *(.fini0)
 .fini0         0x000000000000348e        0x6 /opt/msp430-47-expr/bin/../lib/gcc/msp430/4.7.0/mcpu-430x/mmpy-16/msr20/mc20/libcrt0.a(_endless_loop__.o)
                0x000000000000348e                _endless_loop__
 *(.fini .fini.*)
                0x0000000000003494                . = ALIGN (0x2)
                0x0000000000003494                __ctors_start = .
 *(.ctors)
                0x0000000000003494                __ctors_end = .
                0x0000000000003494                __dtors_start = .
 *(.dtors)
                0x0000000000003494                __dtors_end = .
                0x0000000000003494                . = ALIGN (0x2)
 *(.text .text.* .gnu.linkonce.t.*)
 .text          0x0000000000003494        0x4 /opt/msp430-47-expr/bin/../lib/gcc/msp430/4.7.0/mcpu-430x/mmpy-16/msr20/mc20/crt0ivtbl32.o
                0x0000000000003494                __isr_14
                0x0000000000003494                __isr_4
                0x0000000000003494                __isr_29
                0x0000000000003494                __isr_11
                0x0000000000003494                __isr_5
                0x0000000000003494                __isr_2
                0x0000000000003494                __isr_10
                0x0000000000003494                __isr_7
                0x0000000000003494                __isr_0
                0x0000000000003494                __isr_28
                0x0000000000003494                __isr_8
                0x0000000000003494                __isr_20
                0x0000000000003494                __isr_3
                0x0000000000003494                __isr_12
                0x0000000000003494                __isr_13
                0x0000000000003494                __isr_27
                0x0000000000003494                __isr_9
                0x0000000000003494                __isr_30
                0x0000000000003494                __isr_6
                0x0000000000003494                __isr_22
                0x0000000000003494                __isr_1
                0x0000000000003494                __isr_15
                0x0000000000003494                __isr_21
 .text.libgcc   0x0000000000003498       0x26 /opt/msp430-47-expr/bin/../lib/gcc/msp430/4.7.0/mcpu-430x/mmpy-16/msr20/mc20/libgcc.a(_mulsi3.o)
                0x0000000000003498                __mulsi3
 .text.libgcc   0x00000000000034be       0x22 /opt/msp430-47-expr/bin/../lib/gcc/msp430/4.7.0/mcpu-430x/mmpy-16/msr20/mc20/libgcc.a(_udivmod16.o)
                0x00000000000034be                __udivhi3
                0x00000000000034be                __ext_udivmod16
                0x00000000000034d8                __umodhi3
 .text.libgcc   0x00000000000034e0       0x3a /opt/msp430-47-expr/bin/../lib/gcc/msp430/4.7.0/mcpu-430x/mmpy-16/msr20/mc20/libgcc.a(_divmod16.o)
                0x00000000000034e0                __ext_divmod16
                0x00000000000034e0                __divhi3
                0x0000000000003512                __modhi3
 .text.libgcc   0x000000000000351a       0x38 /opt/msp430-47-expr/bin/../lib/gcc/msp430/4.7.0/mcpu-430x/mmpy-16/msr20/mc20/libgcc.a(_udivmod32.o)
                0x000000000000351a                __udivsi3
                0x000000000000351a                __ext_udivmod32
                0x0000000000003548                __umodsi3
 .text.libgcc   0x0000000000003552       0x4c /opt/msp430-47-expr/bin/../lib/gcc/msp430/4.7.0/mcpu-430x/mmpy-16/msr20/mc20/libgcc.a(_divmod32.o)
                0x0000000000003552                __ext_divmod32
                0x0000000000003552                __divsi3
                0x0000000000003594                __modsi3
 .text.libgcc   0x000000000000359e       0xbc /opt/msp430-47-expr/bin/../lib/gcc/msp430/4.7.0/mcpu-430x/mmpy-16/msr20/mc20/libgcc.a(_udivmod64.o)
                0x000000000000359e                __xabi_udivmod64
                0x00000000000035f0                __udivdi3
                0x000000000000360a                __umoddi3
                0x000000000000362c                __udivmoddi4
 .text.crt0     0x000000000000365a        0x2 /opt/msp430-47-expr/bin/../lib/gcc/msp430/4.7.0/mcpu-430x/mmpy-16/msr20/mc20/libcrt0.a(_unexpected_.o)
                0x000000000000365a                _unexpected_
 *(.near.text .near.text.*)
 .near.text.watchdog_interrupt
                0x000000000000365c        0x6 contiki-z1.a(watchdog.o)
                0x000000000000365c                __isr_26
                0x000000000000365c                watchdog_interrupt
 .near.text.irq_p2
                0x0000000000003662       0x76 contiki-z1.a(button-sensor.o)
                0x0000000000003662                irq_p2
                0x0000000000003662                __isr_19
 .near.text.uart0_rx_interrupt
                0x00000000000036d8       0x64 contiki-z1.a(uart0.o)
                0x00000000000036d8                __isr_23
                0x00000000000036d8                uart0_rx_interrupt
 .near.text.port1_isr
                0x000000000000373c       0xbe contiki-z1.a(adxl345.o)
                0x000000000000373c                port1_isr
                0x000000000000373c                __isr_18
 .near.text.timera1
                0x00000000000037fa      0x10a contiki-z1.a(clock.o)
                0x00000000000037fa                __isr_24
                0x00000000000037fa                timera1
 .near.text.timera0
                0x0000000000003904       0x5c contiki-z1.a(rtimer-arch.o)
                0x0000000000003904                __isr_25
                0x0000000000003904                timera0
 .near.text.i2c_tx_interrupt
                0x0000000000003960       0x84 contiki-z1.a(i2cmaster.o)
                0x0000000000003960                __isr_16
                0x0000000000003960                i2c_tx_interrupt
 .near.text.i2c_rx_interrupt
                0x00000000000039e4       0x14 contiki-z1.a(i2cmaster.o)
                0x00000000000039e4                i2c_rx_interrupt
                0x00000000000039e4                __isr_17
 .any.text.process_thread_webserver_nogui_process
                0x00000000000039f8       0x40 border-router.co
 .any.text.ipaddr_add
                0x0000000000003a38       0xb6 border-router.co
 .any.text.generate_routes
                0x0000000000003aee      0x288 border-router.co
 .any.text.httpd_simple_get_script
                0x0000000000003d76        0x6 border-router.co
                0x0000000000003d76                httpd_simple_get_script
 .any.text.request_prefix
                0x0000000000003d7c       0x22 border-router.co
                0x0000000000003d7c                request_prefix
 .any.text.process_thread_border_router_process
                0x0000000000003d9e      0x10c border-router.co
 .any.text.set_prefix_64
                0x0000000000003eaa       0x5e border-router.co
                0x0000000000003eaa                set_prefix_64
 .any.text.init
                0x0000000000003f08       0x1e obj_z1/slip-bridge.o
 .any.text.slip_input_callback
                0x0000000000003f26       0xd8 obj_z1/slip-bridge.o
 .any.text.output
                0x0000000000003ffe       0x4a obj_z1/slip-bridge.o
 .any.text.putchar
                0x0000000000004048       0x3c obj_z1/slip-bridge.o
                0x0000000000004048                putchar
 .any.text.handle_input
                0x0000000000004084       0xee obj_z1/httpd-simple.o
 .any.text.send_headers
                0x0000000000004172       0x6a obj_z1/httpd-simple.o
 .any.text.handle_output
                0x00000000000041dc       0xf8 obj_z1/httpd-simple.o
 .any.text.httpd_appcall
                0x00000000000042d4       0xd2 obj_z1/httpd-simple.o
                0x00000000000042d4                httpd_appcall
 .any.text.httpd_init
                0x00000000000043a6       0x12 obj_z1/httpd-simple.o
                0x00000000000043a6                httpd_init
 .any.text.init_platform
                0x00000000000043b8        0xc contiki-z1.a(contiki-z1-plat)
                0x00000000000043b8                init_platform
 .any.text.msp430_init_dco
                0x00000000000043c4       0x28 contiki-z1.a(msp430.o)
                0x00000000000043c4                msp430_init_dco
 .any.text.splhigh_
                0x00000000000043ec        0x8 contiki-z1.a(msp430.o)
                0x00000000000043ec                splhigh_
 .any.text.msp430_sync_dco
                0x00000000000043f4       0x6e contiki-z1.a(msp430.o)
                0x00000000000043f4                msp430_sync_dco
 .any.text.msp430_cpu_init
                0x0000000000004462       0x2e contiki-z1.a(msp430.o)
                0x0000000000004462                msp430_cpu_init
 .any.text.show_leds
                0x0000000000004490       0xe8 contiki-z1.a(leds.o)
 .any.text.leds_init
                0x0000000000004578        0xa contiki-z1.a(leds.o)
                0x0000000000004578                leds_init
 .any.text.leds_on
                0x0000000000004582        0xa contiki-z1.a(leds.o)
                0x0000000000004582                leds_on
 .any.text.leds_off
                0x000000000000458c        0xe contiki-z1.a(leds.o)
                0x000000000000458c                leds_off
 .any.text.watchdog_start
                0x000000000000459a       0x14 contiki-z1.a(watchdog.o)
                0x000000000000459a                watchdog_start
 .any.text.watchdog_periodic
                0x00000000000045ae       0x12 contiki-z1.a(watchdog.o)
                0x00000000000045ae                watchdog_periodic
 .any.text.watchdog_stop
                0x00000000000045c0       0x16 contiki-z1.a(watchdog.o)
                0x00000000000045c0                watchdog_stop
 .any.text.watchdog_init
                0x00000000000045d6       0x12 contiki-z1.a(watchdog.o)
                0x00000000000045d6                watchdog_init
 .any.text.wait_ready
                0x00000000000045e8       0x46 contiki-z1.a(xmem.o)
 .any.text.xmem_init
                0x000000000000462e       0x1e contiki-z1.a(xmem.o)
                0x000000000000462e                xmem_init
 .any.text.xmem_pread
                0x000000000000464c       0xc2 contiki-z1.a(xmem.o)
                0x000000000000464c                xmem_pread
 .any.text.spi_init
                0x000000000000470e       0x32 contiki-z1.a(spi.o)
                0x000000000000470e                spi_init
 .any.text.get_object
                0x0000000000004740        0x4 contiki-z1.a(cc2420.o)
 .any.text.set_object
                0x0000000000004744        0x4 contiki-z1.a(cc2420.o)
 .any.text.strobe
                0x0000000000004748       0x1a contiki-z1.a(cc2420.o)
 .any.text.getreg
                0x0000000000004762       0x46 contiki-z1.a(cc2420.o)
 .any.text.setreg
                0x00000000000047a8       0x44 contiki-z1.a(cc2420.o)
 .any.text.write_ram
                0x00000000000047ec       0x72 contiki-z1.a(cc2420.o)
 .any.text.write_fifo_buf
                0x000000000000485e       0x38 contiki-z1.a(cc2420.o)
 .any.text.get_status
                0x0000000000004896       0x1e contiki-z1.a(cc2420.o)
 .any.text.set_txpower
                0x00000000000048b4       0x24 contiki-z1.a(cc2420.o)
 .any.text.cc2420_receiving_packet
                0x00000000000048d8        0xa contiki-z1.a(cc2420.o)
 .any.text.pending_packet
                0x00000000000048e2        0xa contiki-z1.a(cc2420.o)
 .any.text.on   0x00000000000048ec       0x26 contiki-z1.a(cc2420.o)
 .any.text.wait_for_transmission
                0x0000000000004912       0x22 contiki-z1.a(cc2420.o)
 .any.text.wait_for_status
                0x0000000000004934       0x24 contiki-z1.a(cc2420.o)
 .any.text.getrxdata
                0x0000000000004958       0x4c contiki-z1.a(cc2420.o)
 .any.text.flushrx
                0x00000000000049a4       0x1a contiki-z1.a(cc2420.o)
 .any.text.off  0x00000000000049be       0x5a contiki-z1.a(cc2420.o)
 .any.text.RELEASE_LOCK
                0x0000000000004a18       0x28 contiki-z1.a(cc2420.o)
 .any.text.set_frame_filtering
                0x0000000000004a40       0x30 contiki-z1.a(cc2420.o)
 .any.text.set_auto_ack
                0x0000000000004a70       0x30 contiki-z1.a(cc2420.o)
 .any.text.set_poll_mode
                0x0000000000004aa0       0x2c contiki-z1.a(cc2420.o)
 .any.text.cc2420_prepare
                0x0000000000004acc       0x38 contiki-z1.a(cc2420.o)
 .any.text.cc2420_on
                0x0000000000004b04       0x22 contiki-z1.a(cc2420.o)
                0x0000000000004b04                cc2420_on
 .any.text.cc2420_off
                0x0000000000004b26       0x30 contiki-z1.a(cc2420.o)
                0x0000000000004b26                cc2420_off
 .any.text.cc2420_cca
                0x0000000000004b56       0x54 contiki-z1.a(cc2420.o)
 .any.text.cc2420_read
                0x0000000000004baa       0xb8 contiki-z1.a(cc2420.o)
 .any.text.process_thread_cc2420_process
                0x0000000000004c62       0x5c contiki-z1.a(cc2420.o)
 .any.text.cc2420_set_channel
                0x0000000000004cbe       0x3a contiki-z1.a(cc2420.o)
                0x0000000000004cbe                cc2420_set_channel
 .any.text.cc2420_set_pan_addr
                0x0000000000004cf8       0x4c contiki-z1.a(cc2420.o)
                0x0000000000004cf8                cc2420_set_pan_addr
 .any.text.cc2420_interrupt
                0x0000000000004d44       0x16 contiki-z1.a(cc2420.o)
                0x0000000000004d44                cc2420_interrupt
 .any.text.cc2420_set_txpower
                0x0000000000004d5a        0xe contiki-z1.a(cc2420.o)
                0x0000000000004d5a                cc2420_set_txpower
 .any.text.cc2420_get_txpower
                0x0000000000004d68       0x1e contiki-z1.a(cc2420.o)
                0x0000000000004d68                cc2420_get_txpower
 .any.text.cc2420_transmit
                0x0000000000004d86      0x10e contiki-z1.a(cc2420.o)
 .any.text.cc2420_send
                0x0000000000004e94       0x12 contiki-z1.a(cc2420.o)
 .any.text.cc2420_rssi
                0x0000000000004ea6       0x48 contiki-z1.a(cc2420.o)
                0x0000000000004ea6                cc2420_rssi
 .any.text.get_value
                0x0000000000004eee      0x104 contiki-z1.a(cc2420.o)
 .any.text.cc2420_set_cca_threshold
                0x0000000000004ff2       0x16 contiki-z1.a(cc2420.o)
                0x0000000000004ff2                cc2420_set_cca_threshold
 .any.text.set_value
                0x0000000000005008       0xb2 contiki-z1.a(cc2420.o)
 .any.text.cc2420_init
                0x00000000000050ba       0xea contiki-z1.a(cc2420.o)
                0x00000000000050ba                cc2420_init
 .any.text.cc2420_arch_init
                0x00000000000051a4       0x1a contiki-z1.a(cc2420-arch.o)
                0x00000000000051a4                cc2420_arch_init
 .any.text.node_id_restore
                0x00000000000051be       0x4c contiki-z1.a(node-id.o)
                0x00000000000051be                node_id_restore
 .any.text.process_thread_sensors_process
                0x000000000000520a       0xc2 contiki-z1.a(sensors.o)
 .any.text.sensors_changed
                0x00000000000052cc       0x2a contiki-z1.a(sensors.o)
                0x00000000000052cc                sensors_changed
 .any.text.status
                0x00000000000052f6       0x18 contiki-z1.a(button-sensor.o)
 .any.text.value
                0x000000000000530e       0x20 contiki-z1.a(button-sensor.o)
 .any.text.configure
                0x000000000000532e       0x4e contiki-z1.a(button-sensor.o)
 .any.text.uart0_active
                0x000000000000537c        0xe contiki-z1.a(uart0.o)
                0x000000000000537c                uart0_active
 .any.text.uart0_set_input
                0x000000000000538a        0x6 contiki-z1.a(uart0.o)
                0x000000000000538a                uart0_set_input
 .any.text.uart0_writeb
                0x0000000000005390       0x16 contiki-z1.a(uart0.o)
                0x0000000000005390                uart0_writeb
 .any.text.uart0_init
                0x00000000000053a6       0x4e contiki-z1.a(uart0.o)
                0x00000000000053a6                uart0_init
 .any.text.process_thread_slip_process
                0x00000000000053f4      0x1ba contiki-z1.a(slip.o)
 .any.text.slip_set_input_callback
                0x00000000000055ae        0x6 contiki-z1.a(slip.o)
                0x00000000000055ae                slip_set_input_callback
 .any.text.slip_send
                0x00000000000055b4       0x4e contiki-z1.a(slip.o)
                0x00000000000055b4                slip_send
 .any.text.slip_input_byte
                0x0000000000005602       0x96 contiki-z1.a(slip.o)
                0x0000000000005602                slip_input_byte
 .any.text.slip_arch_writeb
                0x0000000000005698        0x6 contiki-z1.a(slip_uart0.o)
                0x0000000000005698                slip_arch_writeb
 .any.text.slip_arch_init
                0x000000000000569e        0xa contiki-z1.a(slip_uart0.o)
                0x000000000000569e                slip_arch_init
 .any.text.status
                0x00000000000056a8       0x12 contiki-z1.a(adxl345.o)
 .any.text.accm_write_reg
                0x00000000000056ba       0x2e contiki-z1.a(adxl345.o)
 .any.text.accm_write_stream
                0x00000000000056e8       0x2a contiki-z1.a(adxl345.o)
 .any.text.accm_read_reg
                0x0000000000005712       0x54 contiki-z1.a(adxl345.o)
 .any.text.process_thread_accmeter_process
                0x0000000000005766       0x56 contiki-z1.a(adxl345.o)
 .any.text.accm_read_axis.part.0
                0x00000000000057bc       0x5a contiki-z1.a(adxl345.o)
 .any.text.value
                0x0000000000005816       0x1e contiki-z1.a(adxl345.o)
 .any.text.accm_init
                0x0000000000005834       0x78 contiki-z1.a(adxl345.o)
                0x0000000000005834                accm_init
 .any.text.accm_stop
                0x00000000000058ac       0x32 contiki-z1.a(adxl345.o)
                0x00000000000058ac                accm_stop
 .any.text.configure
                0x00000000000058de       0x26 contiki-z1.a(adxl345.o)
 .any.text.status
                0x0000000000005904       0x12 contiki-z1.a(tmp102.o)
 .any.text.tmp102_init
                0x0000000000005916       0x24 contiki-z1.a(tmp102.o)
                0x0000000000005916                tmp102_init
 .any.text.tmp102_stop
                0x000000000000593a        0xa contiki-z1.a(tmp102.o)
                0x000000000000593a                tmp102_stop
 .any.text.configure
                0x0000000000005944       0x26 contiki-z1.a(tmp102.o)
 .any.text.tmp102_read_reg
                0x000000000000596a       0x5e contiki-z1.a(tmp102.o)
                0x000000000000596a                tmp102_read_reg
 .any.text.tmp102_read_temp_x100
                0x00000000000059c8       0x58 contiki-z1.a(tmp102.o)
                0x00000000000059c8                tmp102_read_temp_x100
 .any.text.value
                0x0000000000005a20        0x6 contiki-z1.a(tmp102.o)
 .any.text.clock_time
                0x0000000000005a26       0x1a contiki-z1.a(clock.o)
                0x0000000000005a26                clock_time
 .any.text.clock_init
                0x0000000000005a40       0x28 contiki-z1.a(clock.o)
                0x0000000000005a40                clock_init
 .any.text.clock_delay
                0x0000000000005a68        0xc contiki-z1.a(clock.o)
                0x0000000000005a68                clock_delay
 .any.text.clock_wait
                0x0000000000005a74       0x24 contiki-z1.a(clock.o)
                0x0000000000005a74                clock_wait
 .any.text.clock_seconds
                0x0000000000005a98       0x1a contiki-z1.a(clock.o)
                0x0000000000005a98                clock_seconds
 .any.text.leds_arch_init
                0x0000000000005ab2        0xe contiki-z1.a(leds-arch.o)
                0x0000000000005ab2                leds_arch_init
 .any.text.leds_arch_set
                0x0000000000005ac0       0x38 contiki-z1.a(leds-arch.o)
                0x0000000000005ac0                leds_arch_set
 .any.text.rtimer_arch_init
                0x0000000000005af8        0xe contiki-z1.a(rtimer-arch.o)
                0x0000000000005af8                rtimer_arch_init
 .any.text.rtimer_arch_now
                0x0000000000005b06        0xe contiki-z1.a(rtimer-arch.o)
                0x0000000000005b06                rtimer_arch_now
 .any.text.rtimer_arch_schedule
                0x0000000000005b14        0x6 contiki-z1.a(rtimer-arch.o)
                0x0000000000005b14                rtimer_arch_schedule
 .any.text.process_thread_ctimer_process
                0x0000000000005b1a       0xa0 contiki-z1.a(ctimer.o)
 .any.text.ctimer_init
                0x0000000000005bba       0x18 contiki-z1.a(ctimer.o)
                0x0000000000005bba                ctimer_init
 .any.text.ctimer_set_with_process
                0x0000000000005bd2       0x4a contiki-z1.a(ctimer.o)
                0x0000000000005bd2                ctimer_set_with_process
 .any.text.ctimer_set
                0x0000000000005c1c       0x10 contiki-z1.a(ctimer.o)
                0x0000000000005c1c                ctimer_set
 .any.text.ctimer_reset
                0x0000000000005c2c       0x2c contiki-z1.a(ctimer.o)
                0x0000000000005c2c                ctimer_reset
 .any.text.ctimer_restart
                0x0000000000005c58       0x2c contiki-z1.a(ctimer.o)
                0x0000000000005c58                ctimer_restart
 .any.text.ctimer_stop
                0x0000000000005c84       0x28 contiki-z1.a(ctimer.o)
                0x0000000000005c84                ctimer_stop
 .any.text.autostart_start
                0x0000000000005cac       0x16 contiki-z1.a(autostart.o)
                0x0000000000005cac                autostart_start
 .any.text.energest_init
                0x0000000000005cc2       0x24 contiki-z1.a(energest.o)
                0x0000000000005cc2                energest_init
 .any.text.energest_type_time
                0x0000000000005ce6       0x3c contiki-z1.a(energest.o)
                0x0000000000005ce6                energest_type_time
 .any.text.energest_type_set
                0x0000000000005d22        0xc contiki-z1.a(energest.o)
                0x0000000000005d22                energest_type_set
 .any.text.energest_flush
                0x0000000000005d2e       0x38 contiki-z1.a(energest.o)
                0x0000000000005d2e                energest_flush
 .any.text.update_time
                0x0000000000005d66       0x70 contiki-z1.a(etimer.o)
 .any.text.etimer_request_poll
                0x0000000000005dd6        0xa contiki-z1.a(etimer.o)
                0x0000000000005dd6                etimer_request_poll
 .any.text.process_thread_etimer_process
                0x0000000000005de0       0xc4 contiki-z1.a(etimer.o)
 .any.text.add_timer
                0x0000000000005ea4       0x40 contiki-z1.a(etimer.o)
 .any.text.etimer_set
                0x0000000000005ee4       0x12 contiki-z1.a(etimer.o)
                0x0000000000005ee4                etimer_set
 .any.text.etimer_reset
                0x0000000000005ef6       0x12 contiki-z1.a(etimer.o)
                0x0000000000005ef6                etimer_reset
 .any.text.etimer_restart
                0x0000000000005f08       0x12 contiki-z1.a(etimer.o)
                0x0000000000005f08                etimer_restart
 .any.text.etimer_expired
                0x0000000000005f1a        0xe contiki-z1.a(etimer.o)
                0x0000000000005f1a                etimer_expired
 .any.text.etimer_expiration_time
                0x0000000000005f28       0x14 contiki-z1.a(etimer.o)
                0x0000000000005f28                etimer_expiration_time
 .any.text.etimer_pending
                0x0000000000005f3c        0xc contiki-z1.a(etimer.o)
                0x0000000000005f3c                etimer_pending
 .any.text.etimer_next_expiration_time
                0x0000000000005f48       0x16 contiki-z1.a(etimer.o)
                0x0000000000005f48                etimer_next_expiration_time
 .any.text.etimer_stop
                0x0000000000005f5e       0x3e contiki-z1.a(etimer.o)
                0x0000000000005f5e                etimer_stop
 .any.text.call_process
                0x0000000000005f9c       0x40 contiki-z1.a(process.o)
 .any.text.exit_process
                0x0000000000005fdc       0x88 contiki-z1.a(process.o)
 .any.text.do_poll
                0x0000000000006064       0x30 contiki-z1.a(process.o)
 .any.text.process_alloc_event
                0x0000000000006094        0xe contiki-z1.a(process.o)
                0x0000000000006094                process_alloc_event
 .any.text.process_init
                0x00000000000060a2       0x1c contiki-z1.a(process.o)
                0x00000000000060a2                process_init
 .any.text.process_run
                0x00000000000060be       0x8c contiki-z1.a(process.o)
                0x00000000000060be                process_run
 .any.text.process_nevents
                0x000000000000614a        0xe contiki-z1.a(process.o)
                0x000000000000614a                process_nevents
 .any.text.process_post
                0x0000000000006158       0x4a contiki-z1.a(process.o)
                0x0000000000006158                process_post
 .any.text.process_post_synch
                0x00000000000061a2       0x12 contiki-z1.a(process.o)
                0x00000000000061a2                process_post_synch
 .any.text.process_start
                0x00000000000061b4       0x36 contiki-z1.a(process.o)
                0x00000000000061b4                process_start
 .any.text.process_poll
                0x00000000000061ea       0x18 contiki-z1.a(process.o)
                0x00000000000061ea                process_poll
 .any.text.rtimer_init
                0x0000000000006202        0x6 contiki-z1.a(rtimer.o)
                0x0000000000006202                rtimer_init
 .any.text.rtimer_set
                0x0000000000006208       0x24 contiki-z1.a(rtimer.o)
                0x0000000000006208                rtimer_set
 .any.text.rtimer_run_next
                0x000000000000622c       0x26 contiki-z1.a(rtimer.o)
                0x000000000000622c                rtimer_run_next
 .any.text.timer_set
                0x0000000000006252       0x1c contiki-z1.a(timer.o)
                0x0000000000006252                timer_set
 .any.text.timer_reset
                0x000000000000626e        0xe contiki-z1.a(timer.o)
                0x000000000000626e                timer_reset
 .any.text.timer_restart
                0x000000000000627c       0x14 contiki-z1.a(timer.o)
                0x000000000000627c                timer_restart
 .any.text.timer_expired
                0x0000000000006290       0x2a contiki-z1.a(timer.o)
                0x0000000000006290                timer_expired
 .any.text.list_init
                0x00000000000062ba        0x6 contiki-z1.a(list.o)
                0x00000000000062ba                list_init
 .any.text.list_head
                0x00000000000062c0        0x4 contiki-z1.a(list.o)
                0x00000000000062c0                list_head
 .any.text.list_tail
                0x00000000000062c4       0x12 contiki-z1.a(list.o)
                0x00000000000062c4                list_tail
 .any.text.list_remove
                0x00000000000062d6       0x34 contiki-z1.a(list.o)
                0x00000000000062d6                list_remove
 .any.text.list_push
                0x000000000000630a       0x16 contiki-z1.a(list.o)
                0x000000000000630a                list_push
 .any.text.list_add
                0x0000000000006320       0x26 contiki-z1.a(list.o)
                0x0000000000006320                list_add
 .any.text.list_length
                0x0000000000006346       0x10 contiki-z1.a(list.o)
                0x0000000000006346                list_length
 .any.text.list_item_next
                0x0000000000006356        0xc contiki-z1.a(list.o)
                0x0000000000006356                list_item_next
 .any.text.memb_init
                0x0000000000006362       0x36 contiki-z1.a(memb.o)
                0x0000000000006362                memb_init
 .any.text.memb_alloc
                0x0000000000006398       0x3e contiki-z1.a(memb.o)
                0x0000000000006398                memb_alloc
 .any.text.memb_free
                0x00000000000063d6       0x3a contiki-z1.a(memb.o)
                0x00000000000063d6                memb_free
 .any.text.memb_inmemb
                0x0000000000006410       0x2a contiki-z1.a(memb.o)
                0x0000000000006410                memb_inmemb
 .any.text.memb_numfree
                0x000000000000643a       0x26 contiki-z1.a(memb.o)
                0x000000000000643a                memb_numfree
 .any.text.random_init
                0x0000000000006460        0x6 contiki-z1.a(random.o)
                0x0000000000006460                random_init
 .any.text.random_rand
                0x0000000000006466        0x6 contiki-z1.a(random.o)
                0x0000000000006466                random_rand
 .any.text.uip_ds6_list_loop
                0x000000000000646c       0x66 contiki-z1.a(uip-ds6.o)
                0x000000000000646c                uip_ds6_list_loop
 .any.text.uip_ds6_prefix_add
                0x00000000000064d2       0x70 contiki-z1.a(uip-ds6.o)
                0x00000000000064d2                uip_ds6_prefix_add
 .any.text.uip_ds6_is_addr_onlink
                0x0000000000006542       0x42 contiki-z1.a(uip-ds6.o)
                0x0000000000006542                uip_ds6_is_addr_onlink
 .any.text.uip_ds6_addr_lookup
                0x0000000000006584       0x2a contiki-z1.a(uip-ds6.o)
                0x0000000000006584                uip_ds6_addr_lookup
 .any.text.uip_ds6_get_link_local
                0x00000000000065ae       0x3e contiki-z1.a(uip-ds6.o)
                0x00000000000065ae                uip_ds6_get_link_local
 .any.text.uip_ds6_maddr_add
                0x00000000000065ec       0x48 contiki-z1.a(uip-ds6.o)
                0x00000000000065ec                uip_ds6_maddr_add
 .any.text.uip_ds6_addr_add
                0x0000000000006634       0xb4 contiki-z1.a(uip-ds6.o)
                0x0000000000006634                uip_ds6_addr_add
 .any.text.uip_ds6_maddr_rm
                0x00000000000066e8        0xa contiki-z1.a(uip-ds6.o)
                0x00000000000066e8                uip_ds6_maddr_rm
 .any.text.uip_ds6_maddr_lookup
                0x00000000000066f2       0x2a contiki-z1.a(uip-ds6.o)
                0x00000000000066f2                uip_ds6_maddr_lookup
 .any.text.uip_ds6_addr_rm
                0x000000000000671c       0x54 contiki-z1.a(uip-ds6.o)
                0x000000000000671c                uip_ds6_addr_rm
 .any.text.uip_ds6_periodic
                0x0000000000006770       0x46 contiki-z1.a(uip-ds6.o)
                0x0000000000006770                uip_ds6_periodic
 .any.text.uip_ds6_set_addr_iid
                0x00000000000067b6       0x14 contiki-z1.a(uip-ds6.o)
                0x00000000000067b6                uip_ds6_set_addr_iid
 .any.text.get_match_length
                0x00000000000067ca       0x3c contiki-z1.a(uip-ds6.o)
                0x00000000000067ca                get_match_length
 .any.text.uip_ds6_select_src
                0x0000000000006806       0x9a contiki-z1.a(uip-ds6.o)
                0x0000000000006806                uip_ds6_select_src
 .any.text.uip_ds6_compute_reachable_time
                0x00000000000068a0       0x36 contiki-z1.a(uip-ds6.o)
                0x00000000000068a0                uip_ds6_compute_reachable_time
 .any.text.uip_ds6_init
                0x00000000000068d6      0x138 contiki-z1.a(uip-ds6.o)
                0x00000000000068d6                uip_ds6_init
 .any.text.call_route_callback
                0x0000000000006a0e       0x40 contiki-z1.a(uip-ds6-route.o)
 .any.text.uip_ds6_route_init
                0x0000000000006a4e       0x36 contiki-z1.a(uip-ds6-route.o)
                0x0000000000006a4e                uip_ds6_route_init
 .any.text.uip_ds6_route_nexthop
                0x0000000000006a84       0x1a contiki-z1.a(uip-ds6-route.o)
                0x0000000000006a84                uip_ds6_route_nexthop
 .any.text.uip_ds6_route_head
                0x0000000000006a9e        0xa contiki-z1.a(uip-ds6-route.o)
                0x0000000000006a9e                uip_ds6_route_head
 .any.text.uip_ds6_route_next
                0x0000000000006aa8        0xe contiki-z1.a(uip-ds6-route.o)
                0x0000000000006aa8                uip_ds6_route_next
 .any.text.uip_ds6_route_is_nexthop
                0x0000000000006ab6       0x22 contiki-z1.a(uip-ds6-route.o)
                0x0000000000006ab6                uip_ds6_route_is_nexthop
 .any.text.uip_ds6_route_lookup
                0x0000000000006ad8       0x6e contiki-z1.a(uip-ds6-route.o)
                0x0000000000006ad8                uip_ds6_route_lookup
 .any.text.uip_ds6_route_rm
                0x0000000000006b46       0xa2 contiki-z1.a(uip-ds6-route.o)
                0x0000000000006b46                uip_ds6_route_rm
 .any.text.rm_routelist
                0x0000000000006be8       0x34 contiki-z1.a(uip-ds6-route.o)
 .any.text.rm_routelist_callback
                0x0000000000006c1c        0x6 contiki-z1.a(uip-ds6-route.o)
 .any.text.uip_ds6_route_add
                0x0000000000006c22       0xfc contiki-z1.a(uip-ds6-route.o)
                0x0000000000006c22                uip_ds6_route_add
 .any.text.uip_ds6_defrt_rm
                0x0000000000006d1e       0x44 contiki-z1.a(uip-ds6-route.o)
                0x0000000000006d1e                uip_ds6_defrt_rm
 .any.text.uip_ds6_defrt_lookup
                0x0000000000006d62       0x32 contiki-z1.a(uip-ds6-route.o)
                0x0000000000006d62                uip_ds6_defrt_lookup
 .any.text.uip_ds6_defrt_add
                0x0000000000006d94       0x68 contiki-z1.a(uip-ds6-route.o)
                0x0000000000006d94                uip_ds6_defrt_add
 .any.text.uip_ds6_defrt_choose
                0x0000000000006dfc       0x36 contiki-z1.a(uip-ds6-route.o)
                0x0000000000006dfc                uip_ds6_defrt_choose
 .any.text.uip_ds6_defrt_periodic
                0x0000000000006e32       0x38 contiki-z1.a(uip-ds6-route.o)
                0x0000000000006e32                uip_ds6_defrt_periodic
 .any.text.chksum
                0x0000000000006e6a       0x32 contiki-z1.a(uip6.o)
 .any.text.upper_layer_chksum
                0x0000000000006e9c       0x56 contiki-z1.a(uip6.o)
 .any.text.ext_hdr_options_process
                0x0000000000006ef2       0xc2 contiki-z1.a(uip6.o)
 .any.text.uip_add32
                0x0000000000006fb4       0x60 contiki-z1.a(uip6.o)
                0x0000000000006fb4                uip_add32
 .any.text.uip_add_rcv_nxt
                0x0000000000007014       0x2e contiki-z1.a(uip6.o)
 .any.text.uip_icmp6chksum
                0x0000000000007042        0xa contiki-z1.a(uip6.o)
                0x0000000000007042                uip_icmp6chksum
 .any.text.uip_tcpchksum
                0x000000000000704c        0xa contiki-z1.a(uip6.o)
                0x000000000000704c                uip_tcpchksum
 .any.text.uip_udpchksum
                0x0000000000007056        0xa contiki-z1.a(uip6.o)
                0x0000000000007056                uip_udpchksum
 .any.text.uip_init
                0x0000000000007060       0x56 contiki-z1.a(uip6.o)
                0x0000000000007060                uip_init
 .any.text.remove_ext_hdr
                0x00000000000070b6       0x50 contiki-z1.a(uip6.o)
                0x00000000000070b6                remove_ext_hdr
 .any.text.uip_unlisten
                0x0000000000007106       0x1a contiki-z1.a(uip6.o)
                0x0000000000007106                uip_unlisten
 .any.text.uip_listen
                0x0000000000007120       0x1a contiki-z1.a(uip6.o)
                0x0000000000007120                uip_listen
 .any.text.uip_process
                0x000000000000713a      0xdd2 contiki-z1.a(uip6.o)
                0x000000000000713a                uip_process
 .any.text.uip_htonl
                0x0000000000007f0c       0x2a contiki-z1.a(uip6.o)
                0x0000000000007f0c                uip_htonl
 .any.text.uip_send
                0x0000000000007f36       0x48 contiki-z1.a(uip6.o)
                0x0000000000007f36                uip_send
 .any.text.uip_ds6_nbr_rm
                0x0000000000007f7e       0x1e contiki-z1.a(uip-ds6-nbr.o)
                0x0000000000007f7e                uip_ds6_nbr_rm
 .any.text.uip_ds6_neighbors_init
                0x0000000000007f9c       0x12 contiki-z1.a(uip-ds6-nbr.o)
                0x0000000000007f9c                uip_ds6_neighbors_init
 .any.text.uip_ds6_nbr_add
                0x0000000000007fae       0x36 contiki-z1.a(uip-ds6-nbr.o)
                0x0000000000007fae                uip_ds6_nbr_add
 .any.text.uip_ds6_nbr_get_ll
                0x0000000000007fe4        0xc contiki-z1.a(uip-ds6-nbr.o)
                0x0000000000007fe4                uip_ds6_nbr_get_ll
 .any.text.uip_ds6_nbr_lookup
                0x0000000000007ff0       0x3e contiki-z1.a(uip-ds6-nbr.o)
                0x0000000000007ff0                uip_ds6_nbr_lookup
 .any.text.uip_ds6_nbr_ll_lookup
                0x000000000000802e        0xc contiki-z1.a(uip-ds6-nbr.o)
                0x000000000000802e                uip_ds6_nbr_ll_lookup
 .any.text.uip_ds6_nbr_ipaddr_from_lladdr
                0x000000000000803a        0x6 contiki-z1.a(uip-ds6-nbr.o)
                0x000000000000803a                uip_ds6_nbr_ipaddr_from_lladdr
 .any.text.uip_ds6_nbr_lladdr_from_ipaddr
                0x0000000000008040       0x12 contiki-z1.a(uip-ds6-nbr.o)
                0x0000000000008040                uip_ds6_nbr_lladdr_from_ipaddr
 .any.text.uip_ds6_link_neighbor_callback
                0x0000000000008052       0x32 contiki-z1.a(uip-ds6-nbr.o)
                0x0000000000008052                uip_ds6_link_neighbor_callback
 .any.text.ns_input
                0x0000000000008084      0x264 contiki-z1.a(uip-nd6.o)
 .any.text.uip_nd6_init
                0x00000000000082e8        0xa contiki-z1.a(uip-nd6.o)
                0x00000000000082e8                uip_nd6_init
 .any.text.clear_fragments
                0x00000000000082f2       0x38 contiki-z1.a(sicslowpan.o)
 .any.text.set_packet_attrs
                0x000000000000832a       0x46 contiki-z1.a(sicslowpan.o)
 .any.text.addr_context_lookup_by_number
                0x0000000000008370       0x30 contiki-z1.a(sicslowpan.o)
 .any.text.compress_addr_64
                0x00000000000083a0       0x9a contiki-z1.a(sicslowpan.o)
 .any.text.store_fragment
                0x000000000000843a       0x6e contiki-z1.a(sicslowpan.o)
 .any.text.uncompress_addr
                0x00000000000084a8       0x96 contiki-z1.a(sicslowpan.o)
 .any.text.sicslowpan_init
                0x000000000000853e       0x24 contiki-z1.a(sicslowpan.o)
                0x000000000000853e                sicslowpan_init
 .any.text.addr_context_lookup_by_prefix
                0x0000000000008562       0x4a contiki-z1.a(sicslowpan.o)
 .any.text.packet_sent
                0x00000000000085ac       0x22 contiki-z1.a(sicslowpan.o)
 .any.text.add_fragment
                0x00000000000085ce      0x160 contiki-z1.a(sicslowpan.o)
 .any.text.input
                0x000000000000872e      0x60e contiki-z1.a(sicslowpan.o)
 .any.text.send_packet
                0x0000000000008d3c       0x1a contiki-z1.a(sicslowpan.o)
 .any.text.output
                0x0000000000008d56      0x67c contiki-z1.a(sicslowpan.o)
 .any.text.psock_send
                0x00000000000093d2       0xae contiki-z1.a(psock.o)
                0x00000000000093d2                psock_send
 .any.text.psock_datalen
                0x0000000000009480        0xc contiki-z1.a(psock.o)
                0x0000000000009480                psock_datalen
 .any.text.psock_newdata
                0x000000000000948c       0x24 contiki-z1.a(psock.o)
                0x000000000000948c                psock_newdata
 .any.text.psock_readto
                0x00000000000094b0       0xb4 contiki-z1.a(psock.o)
                0x00000000000094b0                psock_readto
 .any.text.psock_init
                0x0000000000009564       0x22 contiki-z1.a(psock.o)
                0x0000000000009564                psock_init
 .any.text.start_periodic_tcp_timer
                0x0000000000009586       0x16 contiki-z1.a(tcpip.o)
 .any.text.tcpip_output
                0x000000000000959c       0x10 contiki-z1.a(tcpip.o)
                0x000000000000959c                tcpip_output
 .any.text.tcpip_set_outputfunc
                0x00000000000095ac        0x6 contiki-z1.a(tcpip.o)
                0x00000000000095ac                tcpip_set_outputfunc
 .any.text.tcp_listen
                0x00000000000095b2       0x24 contiki-z1.a(tcpip.o)
                0x00000000000095b2                tcp_listen
 .any.text.tcp_attach
                0x00000000000095d6        0xc contiki-z1.a(tcpip.o)
                0x00000000000095d6                tcp_attach
 .any.text.tcpip_input
                0x00000000000095e2       0x16 contiki-z1.a(tcpip.o)
                0x00000000000095e2                tcpip_input
 .any.text.tcpip_ipv6_output
                0x00000000000095f8       0xfa contiki-z1.a(tcpip.o)
                0x00000000000095f8                tcpip_ipv6_output
 .any.text.process_thread_tcpip_process
                0x00000000000096f2      0x1ac contiki-z1.a(tcpip.o)
 .any.text.tcpip_uipcall
                0x000000000000989e       0x62 contiki-z1.a(tcpip.o)
                0x000000000000989e                tcpip_uipcall
 .any.text.uip_debug_ipaddr_print
                0x0000000000009900       0xbc contiki-z1.a(uip-debug.o)
                0x0000000000009900                uip_debug_ipaddr_print
 .any.text.update_hbh_header
                0x00000000000099bc       0xcc contiki-z1.a(rpl-ext-header.)
 .any.text.insert_hbh_header
                0x0000000000009a88       0x94 contiki-z1.a(rpl-ext-header.)
 .any.text.rpl_verify_hbh_header
                0x0000000000009b1c       0xf4 contiki-z1.a(rpl-ext-header.)
                0x0000000000009b1c                rpl_verify_hbh_header
 .any.text.rpl_remove_header
                0x0000000000009c10       0x76 contiki-z1.a(rpl-ext-header.)
                0x0000000000009c10                rpl_remove_header
 .any.text.rpl_update_header
                0x0000000000009c86       0x60 contiki-z1.a(rpl-ext-header.)
                0x0000000000009c86                rpl_update_header
 .any.text.rpl_get_mode
                0x0000000000009ce6        0x6 contiki-z1.a(rpl.o)
                0x0000000000009ce6                rpl_get_mode
 .any.text.rpl_purge_routes
                0x0000000000009cec       0x94 contiki-z1.a(rpl.o)
                0x0000000000009cec                rpl_purge_routes
 .any.text.rpl_remove_routes
                0x0000000000009d80       0x22 contiki-z1.a(rpl.o)
                0x0000000000009d80                rpl_remove_routes
 .any.text.rpl_remove_routes_by_nexthop
                0x0000000000009da2       0x3e contiki-z1.a(rpl.o)
                0x0000000000009da2                rpl_remove_routes_by_nexthop
 .any.text.rpl_add_route
                0x0000000000009de0       0x5c contiki-z1.a(rpl.o)
                0x0000000000009de0                rpl_add_route
 .any.text.rpl_link_neighbor_callback
                0x0000000000009e3c       0x4c contiki-z1.a(rpl.o)
                0x0000000000009e3c                rpl_link_neighbor_callback
 .any.text.rpl_ipv6_neighbor_callback
                0x0000000000009e88       0x1e contiki-z1.a(rpl.o)
                0x0000000000009e88                rpl_ipv6_neighbor_callback
 .any.text.rpl_purge_dags
                0x0000000000009ea6       0x60 contiki-z1.a(rpl.o)
                0x0000000000009ea6                rpl_purge_dags
 .any.text.rpl_init
                0x0000000000009f06       0x44 contiki-z1.a(rpl.o)
                0x0000000000009f06                rpl_init
 .any.text.get32
                0x0000000000009f4a       0x3e contiki-z1.a(rpl-icmp6.o)
 .any.text.set32
                0x0000000000009f88       0x2a contiki-z1.a(rpl-icmp6.o)
 .any.text.get16
                0x0000000000009fb2        0xe contiki-z1.a(rpl-icmp6.o)
 .any.text.set16
                0x0000000000009fc0       0x10 contiki-z1.a(rpl-icmp6.o)
 .any.text.dao_ack_input
                0x0000000000009fd0        0xa contiki-z1.a(rpl-icmp6.o)
 .any.text.dio_input
                0x0000000000009fda      0x29c contiki-z1.a(rpl-icmp6.o)
 .any.text.rpl_icmp6_update_nbr_table
                0x000000000000a276       0x28 contiki-z1.a(rpl-icmp6.o)
                0x000000000000a276                rpl_icmp6_update_nbr_table
 .any.text.dao_input
                0x000000000000a29e      0x2c2 contiki-z1.a(rpl-icmp6.o)
 .any.text.dis_output
                0x000000000000a560       0x50 contiki-z1.a(rpl-icmp6.o)
                0x000000000000a560                dis_output
 .any.text.dio_output
                0x000000000000a5b0      0x2a4 contiki-z1.a(rpl-icmp6.o)
                0x000000000000a5b0                dio_output
 .any.text.dis_input
                0x000000000000a854       0x46 contiki-z1.a(rpl-icmp6.o)
 .any.text.dao_output_target
                0x000000000000a89a       0xf6 contiki-z1.a(rpl-icmp6.o)
                0x000000000000a89a                dao_output_target
 .any.text.dao_output
                0x000000000000a990       0x9e contiki-z1.a(rpl-icmp6.o)
                0x000000000000a990                dao_output
 .any.text.rpl_icmp6_register_handlers
                0x000000000000aa2e       0x22 contiki-z1.a(rpl-icmp6.o)
                0x000000000000aa2e                rpl_icmp6_register_handlers
 .any.text.lollipop_greater_than
                0x000000000000aa50       0x3c contiki-z1.a(rpl-dag.o)
 .any.text.find_parent_any_dag_any_instance
                0x000000000000aa8c       0x14 contiki-z1.a(rpl-dag.o)
 .any.text.rpl_set_preferred_parent
                0x000000000000aaa0       0x2c contiki-z1.a(rpl-dag.o)
 .any.text.set_ip_from_prefix
                0x000000000000aacc       0x30 contiki-z1.a(rpl-dag.o)
 .any.text.check_prefix
                0x000000000000aafc       0x70 contiki-z1.a(rpl-dag.o)
 .any.text.rpl_dag_init
                0x000000000000ab6c        0xe contiki-z1.a(rpl-dag.o)
                0x000000000000ab6c                rpl_dag_init
 .any.text.rpl_get_parent
                0x000000000000ab7a        0xc contiki-z1.a(rpl-dag.o)
                0x000000000000ab7a                rpl_get_parent
 .any.text.rpl_rank_via_parent
                0x000000000000ab86       0x2a contiki-z1.a(rpl-dag.o)
                0x000000000000ab86                rpl_rank_via_parent
 .any.text.rpl_get_parent_lladdr
                0x000000000000abb0        0xc contiki-z1.a(rpl-dag.o)
                0x000000000000abb0                rpl_get_parent_lladdr
 .any.text.rpl_get_parent_ipaddr
                0x000000000000abbc        0xa contiki-z1.a(rpl-dag.o)
                0x000000000000abbc                rpl_get_parent_ipaddr
 .any.text.rpl_get_parent_link_stats
                0x000000000000abc6        0xa contiki-z1.a(rpl-dag.o)
                0x000000000000abc6                rpl_get_parent_link_stats
 .any.text.rpl_parent_is_fresh
                0x000000000000abd0        0xa contiki-z1.a(rpl-dag.o)
                0x000000000000abd0                rpl_parent_is_fresh
 .any.text.best_parent
                0x000000000000abda       0x72 contiki-z1.a(rpl-dag.o)
 .any.text.rpl_parent_is_reachable
                0x000000000000ac4c       0x4a contiki-z1.a(rpl-dag.o)
                0x000000000000ac4c                rpl_parent_is_reachable
 .any.text.rpl_set_prefix
                0x000000000000ac96       0x74 contiki-z1.a(rpl-dag.o)
                0x000000000000ac96                rpl_set_prefix
 .any.text.rpl_set_default_route
                0x000000000000ad0a       0x3a contiki-z1.a(rpl-dag.o)
                0x000000000000ad0a                rpl_set_default_route
 .any.text.rpl_alloc_instance
                0x000000000000ad44       0x34 contiki-z1.a(rpl-dag.o)
                0x000000000000ad44                rpl_alloc_instance
 .any.text.rpl_add_parent
                0x000000000000ad78       0x3a contiki-z1.a(rpl-dag.o)
                0x000000000000ad78                rpl_add_parent
 .any.text.rpl_find_parent
                0x000000000000adb2       0x1a contiki-z1.a(rpl-dag.o)
                0x000000000000adb2                rpl_find_parent
 .any.text.rpl_find_parent_any_dag
                0x000000000000adcc       0x22 contiki-z1.a(rpl-dag.o)
                0x000000000000adcc                rpl_find_parent_any_dag
 .any.text.rpl_select_parent
                0x000000000000adee       0x62 contiki-z1.a(rpl-dag.o)
                0x000000000000adee                rpl_select_parent
 .any.text.rpl_select_dag
                0x000000000000ae50      0x192 contiki-z1.a(rpl-dag.o)
                0x000000000000ae50                rpl_select_dag
 .any.text.rpl_nullify_parent
                0x000000000000afe2       0x5c contiki-z1.a(rpl-dag.o)
                0x000000000000afe2                rpl_nullify_parent
 .any.text.rpl_remove_parent
                0x000000000000b03e       0x16 contiki-z1.a(rpl-dag.o)
                0x000000000000b03e                rpl_remove_parent
 .any.text.nbr_callback
                0x000000000000b054        0x6 contiki-z1.a(rpl-dag.o)
 .any.text.remove_parents.constprop.4
                0x000000000000b05a       0x2c contiki-z1.a(rpl-dag.o)
 .any.text.rpl_free_dag
                0x000000000000b086       0x42 contiki-z1.a(rpl-dag.o)
                0x000000000000b086                rpl_free_dag
 .any.text.rpl_move_parent
                0x000000000000b0c8       0x60 contiki-z1.a(rpl-dag.o)
                0x000000000000b0c8                rpl_move_parent
 .any.text.rpl_get_dag
                0x000000000000b128       0x5c contiki-z1.a(rpl-dag.o)
                0x000000000000b128                rpl_get_dag
 .any.text.rpl_get_any_dag
                0x000000000000b184       0x16 contiki-z1.a(rpl-dag.o)
                0x000000000000b184                rpl_get_any_dag
 .any.text.rpl_get_instance
                0x000000000000b19a       0x16 contiki-z1.a(rpl-dag.o)
                0x000000000000b19a                rpl_get_instance
 .any.text.rpl_alloc_dag
                0x000000000000b1b0       0x60 contiki-z1.a(rpl-dag.o)
                0x000000000000b1b0                rpl_alloc_dag
 .any.text.rpl_repair_root
                0x000000000000b210       0x4c contiki-z1.a(rpl-dag.o)
                0x000000000000b210                rpl_repair_root
 .any.text.rpl_find_of
                0x000000000000b25c       0x1c contiki-z1.a(rpl-dag.o)
                0x000000000000b25c                rpl_find_of
 .any.text.rpl_set_root
                0x000000000000b278      0x12e contiki-z1.a(rpl-dag.o)
                0x000000000000b278                rpl_set_root
 .any.text.rpl_join_instance
                0x000000000000b3a6      0x142 contiki-z1.a(rpl-dag.o)
                0x000000000000b3a6                rpl_join_instance
 .any.text.rpl_local_repair
                0x000000000000b4e8       0x8c contiki-z1.a(rpl-dag.o)
                0x000000000000b4e8                rpl_local_repair
 .any.text.rpl_process_parent_event
                0x000000000000b574       0xa8 contiki-z1.a(rpl-dag.o)
                0x000000000000b574                rpl_process_parent_event
 .any.text.rpl_recalculate_ranks
                0x000000000000b61c       0x44 contiki-z1.a(rpl-dag.o)
                0x000000000000b61c                rpl_recalculate_ranks
 .any.text.rpl_add_dag
                0x000000000000b660      0x104 contiki-z1.a(rpl-dag.o)
                0x000000000000b660                rpl_add_dag
 .any.text.rpl_process_dio
                0x000000000000b764      0x3c0 contiki-z1.a(rpl-dag.o)
                0x000000000000b764                rpl_process_dio
 .any.text.queuebuf_init
                0x000000000000bb24       0x12 contiki-z1.a(queuebuf.o)
                0x000000000000bb24                queuebuf_init
 .any.text.queuebuf_numfree
                0x000000000000bb36        0xa contiki-z1.a(queuebuf.o)
                0x000000000000bb36                queuebuf_numfree
 .any.text.queuebuf_new_from_packetbuf
                0x000000000000bb40       0x4e contiki-z1.a(queuebuf.o)
                0x000000000000bb40                queuebuf_new_from_packetbuf
 .any.text.queuebuf_update_attr_from_packetbuf
                0x000000000000bb8e       0x12 contiki-z1.a(queuebuf.o)
                0x000000000000bb8e                queuebuf_update_attr_from_packetbuf
 .any.text.queuebuf_update_from_packetbuf
                0x000000000000bba0       0x22 contiki-z1.a(queuebuf.o)
                0x000000000000bba0                queuebuf_update_from_packetbuf
 .any.text.queuebuf_free
                0x000000000000bbc2       0x2a contiki-z1.a(queuebuf.o)
                0x000000000000bbc2                queuebuf_free
 .any.text.queuebuf_to_packetbuf
                0x000000000000bbec       0x32 contiki-z1.a(queuebuf.o)
                0x000000000000bbec                queuebuf_to_packetbuf
 .any.text.queuebuf_attr
                0x000000000000bc1e        0xe contiki-z1.a(queuebuf.o)
                0x000000000000bc1e                queuebuf_attr
 .any.text.key_from_index
                0x000000000000bc2c       0x18 contiki-z1.a(nbr-table.o)
 .any.text.item_from_index
                0x000000000000bc44       0x2a contiki-z1.a(nbr-table.o)
 .any.text.index_from_key
                0x000000000000bc6e       0x26 contiki-z1.a(nbr-table.o)
 .any.text.index_from_item
                0x000000000000bc94       0x1e contiki-z1.a(nbr-table.o)
 .any.text.nbr_set_bit
                0x000000000000bcb2       0x50 contiki-z1.a(nbr-table.o)
 .any.text.index_from_lladdr
                0x000000000000bd02       0x3e contiki-z1.a(nbr-table.o)
 .any.text.nbr_get_bit.constprop.0
                0x000000000000bd40       0x2c contiki-z1.a(nbr-table.o)
 .any.text.remove_key
                0x000000000000bd6c       0x56 contiki-z1.a(nbr-table.o)
 .any.text.nbr_table_register
                0x000000000000bdc2       0x26 contiki-z1.a(nbr-table.o)
                0x000000000000bdc2                nbr_table_register
 .any.text.nbr_table_next
                0x000000000000bde8       0x3a contiki-z1.a(nbr-table.o)
                0x000000000000bde8                nbr_table_next
 .any.text.nbr_table_head
                0x000000000000be22       0x36 contiki-z1.a(nbr-table.o)
                0x000000000000be22                nbr_table_head
 .any.text.nbr_table_add_lladdr
                0x000000000000be58       0xfc contiki-z1.a(nbr-table.o)
                0x000000000000be58                nbr_table_add_lladdr
 .any.text.nbr_table_get_from_lladdr
                0x000000000000bf54       0x28 contiki-z1.a(nbr-table.o)
                0x000000000000bf54                nbr_table_get_from_lladdr
 .any.text.nbr_table_remove
                0x000000000000bf7c       0x2a contiki-z1.a(nbr-table.o)
                0x000000000000bf7c                nbr_table_remove
 .any.text.nbr_table_lock
                0x000000000000bfa6       0x10 contiki-z1.a(nbr-table.o)
                0x000000000000bfa6                nbr_table_lock
 .any.text.nbr_table_unlock
                0x000000000000bfb6       0x10 contiki-z1.a(nbr-table.o)
                0x000000000000bfb6                nbr_table_unlock
 .any.text.nbr_table_get_lladdr
                0x000000000000bfc6       0x14 contiki-z1.a(nbr-table.o)
                0x000000000000bfc6                nbr_table_get_lladdr
 .any.text.nbr_table_update_lladdr
                0x000000000000bfda       0x48 contiki-z1.a(nbr-table.o)
                0x000000000000bfda                nbr_table_update_lladdr
 .any.text.packetbuf_hdrreduce
                0x000000000000c022       0x1a contiki-z1.a(packetbuf.o)
                0x000000000000c022                packetbuf_hdrreduce
 .any.text.packetbuf_set_datalen
                0x000000000000c03c        0x6 contiki-z1.a(packetbuf.o)
                0x000000000000c03c                packetbuf_set_datalen
 .any.text.packetbuf_hdrptr
                0x000000000000c042        0x6 contiki-z1.a(packetbuf.o)
                0x000000000000c042                packetbuf_hdrptr
 .any.text.packetbuf_datalen
                0x000000000000c048        0x6 contiki-z1.a(packetbuf.o)
                0x000000000000c048                packetbuf_datalen
 .any.text.packetbuf_hdrlen
                0x000000000000c04e        0xa contiki-z1.a(packetbuf.o)
                0x000000000000c04e                packetbuf_hdrlen
 .any.text.packetbuf_dataptr
                0x000000000000c058        0xc contiki-z1.a(packetbuf.o)
                0x000000000000c058                packetbuf_dataptr
 .any.text.packetbuf_copyto
                0x000000000000c064       0x3a contiki-z1.a(packetbuf.o)
                0x000000000000c064                packetbuf_copyto
 .any.text.packetbuf_totlen
                0x000000000000c09e        0xc contiki-z1.a(packetbuf.o)
                0x000000000000c09e                packetbuf_totlen
 .any.text.packetbuf_hdralloc
                0x000000000000c0aa       0x3c contiki-z1.a(packetbuf.o)
                0x000000000000c0aa                packetbuf_hdralloc
 .any.text.packetbuf_attr_clear
                0x000000000000c0e6       0x28 contiki-z1.a(packetbuf.o)
                0x000000000000c0e6                packetbuf_attr_clear
 .any.text.packetbuf_clear
                0x000000000000c10e       0x12 contiki-z1.a(packetbuf.o)
                0x000000000000c10e                packetbuf_clear
 .any.text.packetbuf_copyfrom
                0x000000000000c120       0x2a contiki-z1.a(packetbuf.o)
                0x000000000000c120                packetbuf_copyfrom
 .any.text.packetbuf_attr_copyto
                0x000000000000c14a       0x22 contiki-z1.a(packetbuf.o)
                0x000000000000c14a                packetbuf_attr_copyto
 .any.text.packetbuf_attr_copyfrom
                0x000000000000c16c       0x24 contiki-z1.a(packetbuf.o)
                0x000000000000c16c                packetbuf_attr_copyfrom
 .any.text.packetbuf_holds_broadcast
                0x000000000000c190        0xe contiki-z1.a(packetbuf.o)
                0x000000000000c190                packetbuf_holds_broadcast
 .any.text.linkaddr_copy
                0x000000000000c19e        0x8 contiki-z1.a(linkaddr.o)
                0x000000000000c19e                linkaddr_copy
 .any.text.linkaddr_cmp
                0x000000000000c1a6       0x12 contiki-z1.a(linkaddr.o)
                0x000000000000c1a6                linkaddr_cmp
 .any.text.linkaddr_set_node_addr
                0x000000000000c1b8        0xc contiki-z1.a(linkaddr.o)
                0x000000000000c1b8                linkaddr_set_node_addr
 .any.text.periodic
                0x000000000000c1c4       0x2c contiki-z1.a(link-stats.o)
 .any.text.link_stats_from_lladdr
                0x000000000000c1f0        0xc contiki-z1.a(link-stats.o)
                0x000000000000c1f0                link_stats_from_lladdr
 .any.text.link_stats_is_fresh
                0x000000000000c1fc       0x32 contiki-z1.a(link-stats.o)
                0x000000000000c1fc                link_stats_is_fresh
 .any.text.link_stats_packet_sent
                0x000000000000c22e       0xc4 contiki-z1.a(link-stats.o)
                0x000000000000c22e                link_stats_packet_sent
 .any.text.link_stats_input_callback
                0x000000000000c2f2       0xa8 contiki-z1.a(link-stats.o)
                0x000000000000c2f2                link_stats_input_callback
 .any.text.link_stats_init
                0x000000000000c39a       0x22 contiki-z1.a(link-stats.o)
                0x000000000000c39a                link_stats_init
 .any.text.create_frame.isra.0
                0x000000000000c3bc      0x114 contiki-z1.a(framer-802154.o)
 .any.text.create
                0x000000000000c4d0        0x8 contiki-z1.a(framer-802154.o)
 .any.text.hdr_length
                0x000000000000c4d8        0x8 contiki-z1.a(framer-802154.o)
 .any.text.parse
                0x000000000000c4e0       0x9a contiki-z1.a(framer-802154.o)
 .any.text.input_packet
                0x000000000000c57a        0x6 contiki-z1.a(csma.o)
 .any.text.on   0x000000000000c580        0x6 contiki-z1.a(csma.o)
 .any.text.off  0x000000000000c586        0x6 contiki-z1.a(csma.o)
 .any.text.channel_check_interval
                0x000000000000c58c       0x10 contiki-z1.a(csma.o)
 .any.text.transmit_packet_list
                0x000000000000c59c       0x24 contiki-z1.a(csma.o)
 .any.text.schedule_transmission
                0x000000000000c5c0       0x84 contiki-z1.a(csma.o)
 .any.text.init
                0x000000000000c644       0x1a contiki-z1.a(csma.o)
 .any.text.tx_done
                0x000000000000c65e       0x86 contiki-z1.a(csma.o)
 .any.text.send_packet
                0x000000000000c6e4      0x158 contiki-z1.a(csma.o)
 .any.text.packet_sent
                0x000000000000c83c       0xca contiki-z1.a(csma.o)
 .any.text.frame802154_get_pan_id
                0x000000000000c906        0x6 contiki-z1.a(frame802154.o)
                0x000000000000c906                frame802154_get_pan_id
 .any.text.frame802154_has_panid
                0x000000000000c90c       0xe0 contiki-z1.a(frame802154.o)
                0x000000000000c90c                frame802154_has_panid
 .any.text.field_len
                0x000000000000c9ec       0xa8 contiki-z1.a(frame802154.o)
 .any.text.frame802154_is_broadcast_addr
                0x000000000000ca94       0x28 contiki-z1.a(frame802154.o)
                0x000000000000ca94                frame802154_is_broadcast_addr
 .any.text.frame802154_hdrlen
                0x000000000000cabc       0x32 contiki-z1.a(frame802154.o)
                0x000000000000cabc                frame802154_hdrlen
 .any.text.frame802154_create_fcf
                0x000000000000caee       0x6e contiki-z1.a(frame802154.o)
                0x000000000000caee                frame802154_create_fcf
 .any.text.frame802154_create
                0x000000000000cb5c       0xd4 contiki-z1.a(frame802154.o)
                0x000000000000cb5c                frame802154_create
 .any.text.frame802154_parse_fcf
                0x000000000000cc30       0x8c contiki-z1.a(frame802154.o)
                0x000000000000cc30                frame802154_parse_fcf
 .any.text.frame802154_parse
                0x000000000000ccbc      0x15c contiki-z1.a(frame802154.o)
                0x000000000000ccbc                frame802154_parse
 .any.text.mac_call_sent_callback
                0x000000000000ce18       0x14 contiki-z1.a(mac.o)
                0x000000000000ce18                mac_call_sent_callback
 .any.text.duty_cycle
                0x000000000000ce2c        0x6 contiki-z1.a(contikimac.o)
 .any.text.init
                0x000000000000ce32       0x2a contiki-z1.a(contikimac.o)
 .any.text.on   0x000000000000ce5c       0x1a contiki-z1.a(contikimac.o)
 .any.text.off  0x000000000000ce76       0x22 contiki-z1.a(contikimac.o)
 .any.text.recv_burst_off
                0x000000000000ce98        0xa contiki-z1.a(contikimac.o)
 .any.text.powercycle_turn_radio_off
                0x000000000000cea2       0x14 contiki-z1.a(contikimac.o)
 .any.text.turn_off
                0x000000000000ceb6       0x20 contiki-z1.a(contikimac.o)
 .any.text.turn_on
                0x000000000000ced6       0x30 contiki-z1.a(contikimac.o)
 .any.text.schedule_powercycle_fixed.part.5
                0x000000000000cf06       0x32 contiki-z1.a(contikimac.o)
 .any.text.input_packet
                0x000000000000cf38       0x94 contiki-z1.a(contikimac.o)
 .any.text.send_packet.isra.8
                0x000000000000cfcc      0x1d8 contiki-z1.a(contikimac.o)
 .any.text.qsend_list
                0x000000000000d1a4       0xbe contiki-z1.a(contikimac.o)
 .any.text.qsend_packet
                0x000000000000d262       0x28 contiki-z1.a(contikimac.o)
 .any.text.powercycle_wrapper
                0x000000000000d28a      0x1c2 contiki-z1.a(contikimac.o)
 .any.text.init
                0x000000000000d44c        0x2 contiki-z1.a(nullsec.o)
 .any.text.send
                0x000000000000d44e        0xa contiki-z1.a(nullsec.o)
 .any.text.input
                0x000000000000d458        0x6 contiki-z1.a(nullsec.o)
 .any.text.i2c_receiveinit
                0x000000000000d45e       0x36 contiki-z1.a(i2cmaster.o)
                0x000000000000d45e                i2c_receiveinit
 .any.text.i2c_transmitinit
                0x000000000000d494       0x30 contiki-z1.a(i2cmaster.o)
                0x000000000000d494                i2c_transmitinit
 .any.text.i2c_receive_n
                0x000000000000d4c4       0x3e contiki-z1.a(i2cmaster.o)
                0x000000000000d4c4                i2c_receive_n
 .any.text.i2c_busy
                0x000000000000d502        0xa contiki-z1.a(i2cmaster.o)
                0x000000000000d502                i2c_busy
 .any.text.i2c_enable
                0x000000000000d50c       0x22 contiki-z1.a(i2cmaster.o)
                0x000000000000d50c                i2c_enable
 .any.text.i2c_transmit_n
                0x000000000000d52e       0x14 contiki-z1.a(i2cmaster.o)
                0x000000000000d52e                i2c_transmit_n
 .any.text.stimer_set
                0x000000000000d542       0x1c contiki-z1.a(stimer.o)
                0x000000000000d542                stimer_set
 .any.text.stimer_expired
                0x000000000000d55e       0x30 contiki-z1.a(stimer.o)
                0x000000000000d55e                stimer_expired
 .any.text.echo_reply_input
                0x000000000000d58e       0xaa contiki-z1.a(uip-icmp6.o)
 .any.text.echo_request_input
                0x000000000000d638       0xca contiki-z1.a(uip-icmp6.o)
 .any.text.uip_icmp6_input
                0x000000000000d702       0x44 contiki-z1.a(uip-icmp6.o)
                0x000000000000d702                uip_icmp6_input
 .any.text.uip_icmp6_register_input_handler
                0x000000000000d746        0xc contiki-z1.a(uip-icmp6.o)
                0x000000000000d746                uip_icmp6_register_input_handler
 .any.text.uip_icmp6_error_output
                0x000000000000d752      0x16e contiki-z1.a(uip-icmp6.o)
                0x000000000000d752                uip_icmp6_error_output
 .any.text.uip_icmp6_send
                0x000000000000d8c0       0x84 contiki-z1.a(uip-icmp6.o)
                0x000000000000d8c0                uip_icmp6_send
 .any.text.uip_icmp6_init
                0x000000000000d944       0x12 contiki-z1.a(uip-icmp6.o)
                0x000000000000d944                uip_icmp6_init
 .any.text.reset
                0x000000000000d956        0x2 contiki-z1.a(rpl-of0.o)
 .any.text.update_metric_container
                0x000000000000d958        0x6 contiki-z1.a(rpl-of0.o)
 .any.text.parent_link_metric
                0x000000000000d95e       0x10 contiki-z1.a(rpl-of0.o)
 .any.text.parent_rank_increase
                0x000000000000d96e       0x44 contiki-z1.a(rpl-of0.o)
 .any.text.best_dag
                0x000000000000d9b2       0x2e contiki-z1.a(rpl-of0.o)
 .any.text.parent_is_acceptable
                0x000000000000d9e0       0x38 contiki-z1.a(rpl-of0.o)
 .any.text.parent_has_usable_link
                0x000000000000da18        0x6 contiki-z1.a(rpl-of0.o)
 .any.text.rank_via_parent
                0x000000000000da1e       0x36 contiki-z1.a(rpl-of0.o)
 .any.text.parent_path_cost
                0x000000000000da54       0x36 contiki-z1.a(rpl-of0.o)
 .any.text.best_parent
                0x000000000000da8a       0x76 contiki-z1.a(rpl-of0.o)
 .any.text.handle_unicast_dio_timer
                0x000000000000db00       0x1c contiki-z1.a(rpl-timers.o)
 .any.text.new_dio_interval
                0x000000000000db1c       0x8a contiki-z1.a(rpl-timers.o)
 .any.text.set_dao_lifetime_timer
                0x000000000000dba6       0x7e contiki-z1.a(rpl-timers.o)
 .any.text.handle_periodic_timer
                0x000000000000dc24       0x50 contiki-z1.a(rpl-timers.o)
 .any.text.schedule_dao
                0x000000000000dc74       0x72 contiki-z1.a(rpl-timers.o)
 .any.text.handle_dio_timer
                0x000000000000dce6       0x88 contiki-z1.a(rpl-timers.o)
 .any.text.handle_dao_timer
                0x000000000000dd6e       0x64 contiki-z1.a(rpl-timers.o)
 .any.text.rpl_reset_periodic_timer
                0x000000000000ddd2       0x54 contiki-z1.a(rpl-timers.o)
                0x000000000000ddd2                rpl_reset_periodic_timer
 .any.text.rpl_reset_dio_timer
                0x000000000000de26       0x18 contiki-z1.a(rpl-timers.o)
                0x000000000000de26                rpl_reset_dio_timer
 .any.text.rpl_schedule_dao
                0x000000000000de3e        0xc contiki-z1.a(rpl-timers.o)
                0x000000000000de3e                rpl_schedule_dao
 .any.text.rpl_schedule_unicast_dio_immediately
                0x000000000000de4a       0x16 contiki-z1.a(rpl-timers.o)
                0x000000000000de4a                rpl_schedule_unicast_dio_immediately
 .any.text.get_probing_delay
                0x000000000000de60       0x40 contiki-z1.a(rpl-timers.o)
                0x000000000000de60                get_probing_delay
 .any.text.get_probing_target
                0x000000000000dea0       0xe2 contiki-z1.a(rpl-timers.o)
                0x000000000000dea0                get_probing_target
 .any.text.rpl_schedule_probing
                0x000000000000df82       0x26 contiki-z1.a(rpl-timers.o)
                0x000000000000df82                rpl_schedule_probing
 .any.text.handle_probing_timer
                0x000000000000dfa8       0x34 contiki-z1.a(rpl-timers.o)
 .any.text.update_nbr
                0x000000000000dfdc       0xda contiki-z1.a(rpl-nbr-policy.)
 .any.text.handle_periodic_timer
                0x000000000000e0b6        0xe contiki-z1.a(rpl-nbr-policy.)
 .any.text.find_removable_dis
                0x000000000000e0c4       0x16 contiki-z1.a(rpl-nbr-policy.)
                0x000000000000e0c4                find_removable_dis
 .any.text.find_removable_dio
                0x000000000000e0da       0x3c contiki-z1.a(rpl-nbr-policy.)
                0x000000000000e0da                find_removable_dio
 .any.text.find_removable_dao
                0x000000000000e116       0x34 contiki-z1.a(rpl-nbr-policy.)
                0x000000000000e116                find_removable_dao
 .any.text.rpl_nbr_policy_find_removable
                0x000000000000e14a       0x30 contiki-z1.a(rpl-nbr-policy.)
                0x000000000000e14a                rpl_nbr_policy_find_removable
 .any.text.reset
                0x000000000000e17a        0x2 contiki-z1.a(rpl-mrhof.o)
 .any.text.update_metric_container
                0x000000000000e17c        0x6 contiki-z1.a(rpl-mrhof.o)
 .any.text.parent_link_metric
                0x000000000000e182       0x10 contiki-z1.a(rpl-mrhof.o)
 .any.text.parent_has_usable_link
                0x000000000000e192       0x14 contiki-z1.a(rpl-mrhof.o)
 .any.text.best_dag
                0x000000000000e1a6       0x2e contiki-z1.a(rpl-mrhof.o)
 .any.text.parent_path_cost
                0x000000000000e1d4       0x40 contiki-z1.a(rpl-mrhof.o)
 .any.text.parent_is_acceptable
                0x000000000000e214       0x2a contiki-z1.a(rpl-mrhof.o)
 .any.text.rank_via_parent
                0x000000000000e23e       0x4e contiki-z1.a(rpl-mrhof.o)
 .any.text.best_parent
                0x000000000000e28c       0x76 contiki-z1.a(rpl-mrhof.o)
 .any.text.mac_sequence_is_duplicate
                0x000000000000e302       0x60 contiki-z1.a(mac-sequence.o)
                0x000000000000e302                mac_sequence_is_duplicate
 .any.text.mac_sequence_register_seqno
                0x000000000000e362       0x76 contiki-z1.a(mac-sequence.o)
                0x000000000000e362                mac_sequence_register_seqno
 .any.text.printf
                0x000000000000e3d8       0x10 /opt/msp430-47-expr/bin/../lib/gcc/msp430/4.7.0/../../../../msp430/lib/mcpu-430x/mmpy-16/msr20/mc20/libc.a(printf.o)
                0x000000000000e3d8                printf
 .any.text.append
                0x000000000000e3e8       0x22 /opt/msp430-47-expr/bin/../lib/gcc/msp430/4.7.0/../../../../msp430/lib/mcpu-430x/mmpy-16/msr20/mc20/libc.a(sprintf.o)
 .any.text.call_vuprintf
                0x000000000000e40a       0x36 /opt/msp430-47-expr/bin/../lib/gcc/msp430/4.7.0/../../../../msp430/lib/mcpu-430x/mmpy-16/msr20/mc20/libc.a(sprintf.o)
 .any.text.snprintf
                0x000000000000e440       0x1c /opt/msp430-47-expr/bin/../lib/gcc/msp430/4.7.0/../../../../msp430/lib/mcpu-430x/mmpy-16/msr20/mc20/libc.a(sprintf.o)
                0x000000000000e440                snprintf
 .any.text.print_field
                0x000000000000e45c      0x176 /opt/msp430-47-expr/bin/../lib/gcc/msp430/4.7.0/../../../../msp430/lib/mcpu-430x/mmpy-16/msr20/mc20/libc.a(vuprintf.o)
 .any.text.vuprintf
                0x000000000000e5d2      0x74c /opt/msp430-47-expr/bin/../lib/gcc/msp430/4.7.0/../../../../msp430/lib/mcpu-430x/mmpy-16/msr20/mc20/libc.a(vuprintf.o)
                0x000000000000e5d2                vuprintf
 .any.text.puts
                0x000000000000ed1e       0x2c /opt/msp430-47-expr/bin/../lib/gcc/msp430/4.7.0/../../../../msp430/lib/mcpu-430x/mmpy-16/msr20/mc20/libc.a(puts.o)
                0x000000000000ed1e                puts
 .any.text.rand
                0x000000000000ed4a       0x26 /opt/msp430-47-expr/bin/../lib/gcc/msp430/4.7.0/../../../../msp430/lib/mcpu-430x/mmpy-16/msr20/mc20/libc.a(rand.o)
                0x000000000000ed4a                rand
 .any.text.srand
                0x000000000000ed70        0xa /opt/msp430-47-expr/bin/../lib/gcc/msp430/4.7.0/../../../../msp430/lib/mcpu-430x/mmpy-16/msr20/mc20/libc.a(rand.o)
                0x000000000000ed70                srand
 .any.text.strncmp
                0x000000000000ed7a       0x2a /opt/msp430-47-expr/bin/../lib/gcc/msp430/4.7.0/../../../../msp430/lib/mcpu-430x/mmpy-16/msr20/mc20/libc.a(strncmp.o)
                0x000000000000ed7a                strncmp
 .any.text.memcmp