
Allocating common symbols
Common symbol       size              file

arr1                0x28              obj_cooja/libtest1.o
uvar2               0x4               obj_cooja/libtest1.o
referenceVar        0x8               obj_cooja/libtest1.o
arr2                0x28              obj_cooja/libtest1.o
uvar1               0x4               obj_cooja/libtest1.o

Discarded input sections

 .note.GNU-stack
                0x0000000000000000        0x0 /usr/lib/gcc/x86_64-linux-gnu/5/../../../x86_64-linux-gnu/crti.o
 .note.GNU-stack
                0x0000000000000000        0x0 /usr/lib/gcc/x86_64-linux-gnu/5/crtbeginS.o
 .note.GNU-stack
                0x0000000000000000        0x0 obj_cooja/libtest1.o
 .note.GNU-stack
                0x0000000000000000        0x0 /usr/lib/gcc/x86_64-linux-gnu/5/crtendS.o
 .note.GNU-stack
                0x0000000000000000        0x0 /usr/lib/gcc/x86_64-linux-gnu/5/../../../x86_64-linux-gnu/crtn.o

Memory Configuration

Name             Origin             Length             Attributes
*default*        0x0000000000000000 0xffffffffffffffff

Linker script and memory map

LOAD /usr/lib/gcc/x86_64-linux-gnu/5/../../../x86_64-linux-gnu/crti.o
LOAD /usr/lib/gcc/x86_64-linux-gnu/5/crtbeginS.o
LOAD obj_cooja/libtest1.o
LOAD obj_cooja/libtest1.a
LOAD /usr/lib/gcc/x86_64-linux-gnu/5/libgcc.a
LOAD /usr/lib/gcc/x86_64-linux-gnu/5/libgcc_s.so
LOAD /usr/lib/gcc/x86_64-linux-gnu/5/../../../x86_64-linux-gnu/libc.so
START GROUP
LOAD /lib/x86_64-linux-gnu/libc.so.6
LOAD /usr/lib/x86_64-linux-gnu/libc_nonshared.a
LOAD /lib/x86_64-linux-gnu/ld-linux-x86-64.so.2
END GROUP
LOAD /usr/lib/gcc/x86_64-linux-gnu/5/libgcc.a
LOAD /usr/lib/gcc/x86_64-linux-gnu/5/libgcc_s.so
LOAD /usr/lib/gcc/x86_64-linux-gnu/5/crtendS.o
LOAD /usr/lib/gcc/x86_64-linux-gnu/5/../../../x86_64-linux-gnu/crtn.o
                0x00000000000001c8                . = (0x0 + SIZEOF_HEADERS)

.note.gnu.build-id
                0x00000000000001c8       0x24
 *(.note.gnu.build-id)
 .note.gnu.build-id
                0x00000000000001c8       0x24 /usr/lib/gcc/x86_64-linux-gnu/5/../../../x86_64-linux-gnu/crti.o

.hash
 *(.hash)

.gnu.hash       0x00000000000001f0       0xb0
 *(.gnu.hash)
 .gnu.hash      0x00000000000001f0       0xb0 /usr/lib/gcc/x86_64-linux-gnu/5/../../../x86_64-linux-gnu/crti.o

.dynsym         0x00000000000002a0      0x288
 *(.dynsym)
 .dynsym        0x00000000000002a0      0x288 /usr/lib/gcc/x86_64-linux-gnu/5/../../../x86_64-linux-gnu/crti.o

.dynstr         0x0000000000000528      0x1ee
 *(.dynstr)
 .dynstr        0x0000000000000528      0x1ee /usr/lib/gcc/x86_64-linux-gnu/5/../../../x86_64-linux-gnu/crti.o

.gnu.version    0x0000000000000716       0x36
 *(.gnu.version)
 .gnu.version   0x0000000000000716       0x36 /usr/lib/gcc/x86_64-linux-gnu/5/../../../x86_64-linux-gnu/crti.o

.gnu.version_d  0x0000000000000750        0x0
 *(.gnu.version_d)
 .gnu.version_d
                0x0000000000000750        0x0 /usr/lib/gcc/x86_64-linux-gnu/5/../../../x86_64-linux-gnu/crti.o

.gnu.version_r  0x0000000000000750       0x30
 *(.gnu.version_r)
 .gnu.version_r
                0x0000000000000750       0x30 /usr/lib/gcc/x86_64-linux-gnu/5/../../../x86_64-linux-gnu/crti.o

.rela.dyn       0x0000000000000780      0x108
 *(.rela.init)
 *(.rela.text .rela.text.* .rela.gnu.linkonce.t.*)
 .rela.text     0x0000000000000780        0x0 /usr/lib/gcc/x86_64-linux-gnu/5/../../../x86_64-linux-gnu/crti.o
 *(.rela.fini)
 *(.rela.rodata .rela.rodata.* .rela.gnu.linkonce.r.*)
 *(.rela.data .rela.data.* .rela.gnu.linkonce.d.*)
 .rela.data.rel.local
                0x0000000000000780       0x18 /usr/lib/gcc/x86_64-linux-gnu/5/../../../x86_64-linux-gnu/crti.o
 *(.rela.tdata .rela.tdata.* .rela.gnu.linkonce.td.*)
 *(.rela.tbss .rela.tbss.* .rela.gnu.linkonce.tb.*)
 *(.rela.ctors)
 *(.rela.dtors)
 *(.rela.got)
 .rela.got      0x0000000000000798       0xc0 /usr/lib/gcc/x86_64-linux-gnu/5/../../../x86_64-linux-gnu/crti.o
 *(.rela.bss .rela.bss.* .rela.gnu.linkonce.b.*)
 *(.rela.ldata .rela.ldata.* .rela.gnu.linkonce.l.*)
 *(.rela.lbss .rela.lbss.* .rela.gnu.linkonce.lb.*)
 *(.rela.lrodata .rela.lrodata.* .rela.gnu.linkonce.lr.*)
 *(.rela.ifunc)
 .rela.ifunc    0x0000000000000858        0x0 /usr/lib/gcc/x86_64-linux-gnu/5/../../../x86_64-linux-gnu/crti.o
 .rela.fini_array
                0x0000000000000858       0x18 /usr/lib/gcc/x86_64-linux-gnu/5/../../../x86_64-linux-gnu/crti.o
 .rela.init_array
                0x0000000000000870       0x18 /usr/lib/gcc/x86_64-linux-gnu/5/../../../x86_64-linux-gnu/crti.o

.rela.plt       0x0000000000000888       0x18
 *(.rela.plt)
 .rela.plt      0x0000000000000888       0x18 /usr/lib/gcc/x86_64-linux-gnu/5/../../../x86_64-linux-gnu/crti.o
 *(.rela.iplt)

.init           0x00000000000008a0       0x1a
 *(SORT(.init))
 .init          0x00000000000008a0       0x15 /usr/lib/gcc/x86_64-linux-gnu/5/../../../x86_64-linux-gnu/crti.o
                0x00000000000008a0                _init
 .init          0x00000000000008b5        0x5 /usr/lib/gcc/x86_64-linux-gnu/5/../../../x86_64-linux-gnu/crtn.o

.plt            0x00000000000008c0       0x20
 *(.plt)
 .plt           0x00000000000008c0       0x20 /usr/lib/gcc/x86_64-linux-gnu/5/../../../x86_64-linux-gnu/crti.o
 *(.iplt)

.plt.got        0x00000000000008e0       0x10
 *(.plt.got)
 .plt.got       0x00000000000008e0       0x10 /usr/lib/gcc/x86_64-linux-gnu/5/../../../x86_64-linux-gnu/crti.o

.plt.bnd
 *(.plt.bnd)

.text           0x00000000000008f0      0x25b
 *(.text.unlikely .text.*_unlikely .text.unlikely.*)
 .text.unlikely
                0x00000000000008f0        0x0 /usr/lib/gcc/x86_64-linux-gnu/5/crtbeginS.o
 *(.text.exit .text.exit.*)
 *(.text.startup .text.startup.*)
 *(.text.hot .text.hot.*)
 *(.text .stub .text.* .gnu.linkonce.t.*)
 .text          0x00000000000008f0        0x0 /usr/lib/gcc/x86_64-linux-gnu/5/../../../x86_64-linux-gnu/crti.o
 .text          0x00000000000008f0      0x100 /usr/lib/gcc/x86_64-linux-gnu/5/crtbeginS.o
 .text          0x00000000000009f0      0x15b obj_cooja/libtest1.o
                0x00000000000009f0                Java_org_contikios_cooja_corecomm_LibTest1_init
                0x00000000000009ff                Java_org_contikios_cooja_corecomm_LibTest1_getMemory
                0x0000000000000a57                Java_org_contikios_cooja_corecomm_LibTest1_setMemory
                0x0000000000000ae4                Java_org_contikios_cooja_corecomm_LibTest1_tick
                0x0000000000000b1d                Java_org_contikios_cooja_corecomm_LibTest1_setReferenceAddress
 .text          0x0000000000000b4b        0x0 /usr/lib/gcc/x86_64-linux-gnu/5/crtendS.o
 .text          0x0000000000000b4b        0x0 /usr/lib/gcc/x86_64-linux-gnu/5/../../../x86_64-linux-gnu/crtn.o
 *(.gnu.warning)

.fini           0x0000000000000b4c        0x9
 *(SORT(.fini))
 .fini          0x0000000000000b4c        0x4 /usr/lib/gcc/x86_64-linux-gnu/5/../../../x86_64-linux-gnu/crti.o
                0x0000000000000b4c                _fini
 .fini          0x0000000000000b50        0x5 /usr/lib/gcc/x86_64-linux-gnu/5/../../../x86_64-linux-gnu/crtn.o
                [!provide]                        PROVIDE (__etext, .)
                [!provide]                        PROVIDE (_etext, .)
                [!provide]                        PROVIDE (etext, .)

.rodata
 *(.rodata .rodata.* .gnu.linkonce.r.*)

.rodata1
 *(.rodata1)

.eh_frame_hdr   0x0000000000000b58       0x3c
 *(.eh_frame_hdr)
 .eh_frame_hdr  0x0000000000000b58       0x3c obj_cooja/libtest1.o
                0x0000000000000b58                __GNU_EH_FRAME_HDR
 *(.eh_frame_entry .eh_frame_entry.*)

.eh_frame       0x0000000000000b98       0xe4
 *(.eh_frame)
 .eh_frame      0x0000000000000b98       0x40 /usr/lib/gcc/x86_64-linux-gnu/5/../../../x86_64-linux-gnu/crti.o
 .eh_frame      0x0000000000000bd8       0xa0 obj_cooja/libtest1.o
                                         0xb8 (size before relaxing)
 .eh_frame      0x0000000000000c78        0x4 /usr/lib/gcc/x86_64-linux-gnu/5/crtendS.o
 *(.eh_frame.*)

.gcc_except_table
 *(.gcc_except_table .gcc_except_table.*)

.gnu_extab
 *(.gnu_extab*)

.exception_ranges
 *(.exception_ranges .exception_ranges*)
                0x0000000000200de8                . = DATA_SEGMENT_ALIGN (0x200000, 0x1000)

.eh_frame
 *(.eh_frame)
 *(.eh_frame.*)

.gnu_extab
 *(.gnu_extab)

.gcc_except_table
 *(.gcc_except_table .gcc_except_table.*)

.exception_ranges
 *(.exception_ranges .exception_ranges*)

.tdata
 *(.tdata .tdata.* .gnu.linkonce.td.*)

.tbss
 *(.tbss .tbss.* .gnu.linkonce.tb.*)
 *(.tcommon)

.preinit_array
 *(.preinit_array)

.init_array     0x0000000000200de8        0x8
 *(SORT(.init_array.*) SORT(.ctors.*))
 *(.init_array EXCLUDE_FILE(*crtend?.o *crtend.o *crtbegin?.o *crtbegin.o) .ctors)
 .init_array    0x0000000000200de8        0x8 /usr/lib/gcc/x86_64-linux-gnu/5/crtbeginS.o

.fini_array     0x0000000000200df0        0x8
 *(SORT(.fini_array.*) SORT(.dtors.*))
 *(.fini_array EXCLUDE_FILE(*crtend?.o *crtend.o *crtbegin?.o *crtbegin.o) .dtors)
 .fini_array    0x0000000000200df0        0x8 /usr/lib/gcc/x86_64-linux-gnu/5/crtbeginS.o

.ctors
 *crtbegin.o(.ctors)
 *crtbegin?.o(.ctors)
 *(EXCLUDE_FILE(*crtend?.o *crtend.o) .ctors)
 *(SORT(.ctors.*))
 *(.ctors)

.dtors
 *crtbegin.o(.dtors)
 *crtbegin?.o(.dtors)
 *(EXCLUDE_FILE(*crtend?.o *crtend.o) .dtors)
 *(SORT(.dtors.*))
 *(.dtors)

.jcr            0x0000000000200df8        0x8
 *(.jcr)
 .jcr           0x0000000000200df8        0x0 /usr/lib/gcc/x86_64-linux-gnu/5/crtbeginS.o
 .jcr           0x0000000000200df8        0x8 /usr/lib/gcc/x86_64-linux-gnu/5/crtendS.o

.data.rel.ro
 *(.data.rel.ro.local* .gnu.linkonce.d.rel.ro.local.*)
 *(.data.rel.ro .data.rel.ro.* .gnu.linkonce.d.rel.ro.*)

.dynamic        0x0000000000200e00      0x1c0
 *(.dynamic)
 .dynamic       0x0000000000200e00      0x1c0 /usr/lib/gcc/x86_64-linux-gnu/5/../../../x86_64-linux-gnu/crti.o
                0x0000000000200e00                _DYNAMIC

.got            0x0000000000200fc0       0x40
 *(.got)
 .got           0x0000000000200fc0       0x40 /usr/lib/gcc/x86_64-linux-gnu/5/../../../x86_64-linux-gnu/crti.o
 *(.igot)
                0x0000000000201fe8                . = DATA_SEGMENT_RELRO_END (., (SIZEOF (.got.plt) >= 0x18)?0x18:0x0)

.got.plt        0x0000000000201000       0x20
 *(.got.plt)
 .got.plt       0x0000000000201000       0x20 /usr/lib/gcc/x86_64-linux-gnu/5/../../../x86_64-linux-gnu/crti.o
                0x0000000000201000                _GLOBAL_OFFSET_TABLE_
 *(.igot.plt)

.data           0x0000000000201020       0x14
 *(.data .data.* .gnu.linkonce.d.*)
 .data          0x0000000000201020        0x0 /usr/lib/gcc/x86_64-linux-gnu/5/../../../x86_64-linux-gnu/crti.o
 .data          0x0000000000201020        0x0 /usr/lib/gcc/x86_64-linux-gnu/5/crtbeginS.o
 .data.rel.local
                0x0000000000201020        0x8 /usr/lib/gcc/x86_64-linux-gnu/5/crtbeginS.o
                0x0000000000201020                __dso_handle
 .data          0x0000000000201028        0xc obj_cooja/libtest1.o
                0x0000000000201028                var1
                0x000000000020102c                var2
                0x0000000000201030                var3
 .data          0x0000000000201034        0x0 /usr/lib/gcc/x86_64-linux-gnu/5/crtendS.o
 .data          0x0000000000201034        0x0 /usr/lib/gcc/x86_64-linux-gnu/5/../../../x86_64-linux-gnu/crtn.o

.tm_clone_table
                0x0000000000201038        0x0
 .tm_clone_table
                0x0000000000201038        0x0 /usr/lib/gcc/x86_64-linux-gnu/5/crtbeginS.o
 .tm_clone_table
                0x0000000000201038        0x0 /usr/lib/gcc/x86_64-linux-gnu/5/crtendS.o

.data1
 *(.data1)
                0x0000000000201038                _edata = .
                [!provide]                        PROVIDE (edata, .)
                0x0000000000201038                . = .
                0x0000000000201038                __bss_start = .

.bss            0x0000000000201040       0x90
 *(.dynbss)
 .dynbss        0x0000000000201040        0x0 /usr/lib/gcc/x86_64-linux-gnu/5/../../../x86_64-linux-gnu/crti.o
 *(.bss .bss.* .gnu.linkonce.b.*)
 .bss           0x0000000000201040        0x0 /usr/lib/gcc/x86_64-linux-gnu/5/../../../x86_64-linux-gnu/crti.o
 .bss           0x0000000000201040        0x1 /usr/lib/gcc/x86_64-linux-gnu/5/crtbeginS.o
 *fill*         0x0000000000201041        0x7 
 .bss           0x0000000000201048        0x8 obj_cooja/libtest1.o
                0x0000000000201048                simInterfaces
 .bss           0x0000000000201050        0x0 /usr/lib/gcc/x86_64-linux-gnu/5/crtendS.o
 .bss           0x0000000000201050        0x0 /usr/lib/gcc/x86_64-linux-gnu/5/../../../x86_64-linux-gnu/crtn.o
 *(COMMON)
 *fill*         0x0000000000201050       0x10 
 COMMON         0x0000000000201060       0x6c obj_cooja/libtest1.o
                0x0000000000201060                arr1
                0x0000000000201088                uvar2
                0x0000000000201090                referenceVar
                0x00000000002010a0                arr2
                0x00000000002010c8                uvar1
                0x00000000002010d0                . = ALIGN ((. != 0x0)?0x8:0x1)
 *fill*         0x00000000002010cc        0x4 

.lbss
 *(.dynlbss)
 *(.lbss .lbss.* .gnu.linkonce.lb.*)
 *(LARGE_COMMON)
                0x00000000002010d0                . = ALIGN (0x8)
                0x00000000002010d0                . = SEGMENT_START ("ldata-segment", .)

.lrodata
 *(.lrodata .lrodata.* .gnu.linkonce.lr.*)

.ldata          0x00000000006010d0        0x0
 *(.ldata .ldata.* .gnu.linkonce.l.*)
                0x00000000006010d0                . = ALIGN ((. != 0x0)?0x8:0x1)
                0x00000000006010d0                . = ALIGN (0x8)
                0x00000000006010d0                _end = .
                [!provide]                        PROVIDE (end, .)
                0x00000000006010d0                . = DATA_SEGMENT_END (.)

.stab
 *(.stab)

.stabstr
 *(.stabstr)

.stab.excl
 *(.stab.excl)

.stab.exclstr
 *(.stab.exclstr)

.stab.index
 *(.stab.index)

.stab.indexstr
 *(.stab.indexstr)

.comment        0x0000000000000000       0x34
 *(.comment)
 .comment       0x0000000000000000       0x34 /usr/lib/gcc/x86_64-linux-gnu/5/crtbeginS.o
                                         0x35 (size before relaxing)
 .comment       0x0000000000000034       0x35 obj_cooja/libtest1.o
 .comment       0x0000000000000034       0x35 /usr/lib/gcc/x86_64-linux-gnu/5/crtendS.o

.debug
 *(.debug)

.line
 *(.line)

.debug_srcinfo
 *(.debug_srcinfo)

.debug_sfnames
 *(.debug_sfnames)

.debug_aranges  0x0000000000000000       0x30
 *(.debug_aranges)
 .debug_aranges
                0x0000000000000000       0x30 obj_cooja/libtest1.o

.debug_pubnames
 *(.debug_pubnames)

.debug_info     0x0000000000000000     0x2f59
 *(.debug_info .gnu.linkonce.wi.*)
 .debug_info    0x0000000000000000     0x2f59 obj_cooja/libtest1.o

.debug_abbrev   0x0000000000000000      0x198
 *(.debug_abbrev)
 .debug_abbrev  0x0000000000000000      0x198 obj_cooja/libtest1.o

.debug_line     0x0000000000000000      0x119
 *(.debug_line .debug_line.* .debug_line_end)
 .debug_line    0x0000000000000000      0x119 obj_cooja/libtest1.o

.debug_frame
 *(.debug_frame)

.debug_str      0x0000000000000000     0x15e9
 *(.debug_str)
 .debug_str     0x0000000000000000     0x15e9 obj_cooja/libtest1.o
                                       0x1645 (size before relaxing)

.debug_loc
 *(.debug_loc)

.debug_macinfo
 *(.debug_macinfo)

.debug_weaknames
 *(.debug_weaknames)

.debug_funcnames
 *(.debug_funcnames)

.debug_typenames
 *(.debug_typenames)

.debug_varnames
 *(.debug_varnames)

.debug_pubtypes
 *(.debug_pubtypes)

.debug_ranges
 *(.debug_ranges)

.debug_macro
 *(.debug_macro)

.gnu.attributes
 *(.gnu.attributes)

/DISCARD/
 *(.note.GNU-stack)
 *(.gnu_debuglink)
 *(.gnu.lto_*)
OUTPUT(obj_cooja/libtest1.cooja elf64-x86-64)
