Archive member included because of file (symbol)

contiki-z1.a(mqtt.o)          mqtt-client.co (mqtt_register)
contiki-z1.a(contiki-z1-plat)
                              obj_z1/contiki-z1-main.o (init_platform)
contiki-z1.a(msp430.o)        obj_z1/contiki-z1-main.o (splhigh_)
contiki-z1.a(leds.o)          obj_z1/contiki-z1-main.o (leds_init)
contiki-z1.a(watchdog.o)      obj_z1/contiki-z1-main.o (watchdog_start)
contiki-z1.a(xmem.o)          obj_z1/contiki-z1-main.o (xmem_init)
contiki-z1.a(spi.o)           contiki-z1.a(xmem.o) (spi_init)
contiki-z1.a(cc2420.o)        obj_z1/contiki-z1-main.o (cc2420_set_pan_addr)
contiki-z1.a(cc2420-arch.o)   contiki-z1.a(cc2420.o) (cc2420_arch_init)
contiki-z1.a(node-id.o)       obj_z1/contiki-z1-main.o (node_id_restore)
contiki-z1.a(sensors.o)       contiki-z1.a(contiki-z1-plat) (sensors_process)
contiki-z1.a(uart0.o)         obj_z1/contiki-z1-main.o (uart0_active)
contiki-z1.a(uart0-putchar.o)
                              obj_z1/contiki-z1-main.o (putchar)
contiki-z1.a(z1-sensors.o)    contiki-z1.a(sensors.o) (sensors_flags)
contiki-z1.a(adxl345.o)       mqtt-client.co (adxl345)
contiki-z1.a(tmp102.o)        mqtt-client.co (tmp102)
contiki-z1.a(clock.o)         obj_z1/contiki-z1-main.o (clock_init)
contiki-z1.a(leds-arch.o)     contiki-z1.a(leds.o) (leds_arch_init)
contiki-z1.a(rtimer-arch.o)   obj_z1/contiki-z1-main.o (rtimer_arch_now)
contiki-z1.a(ctimer.o)        obj_z1/contiki-z1-main.o (ctimer_init)
contiki-z1.a(autostart.o)     obj_z1/contiki-z1-main.o (autostart_start)
contiki-z1.a(energest.o)      obj_z1/contiki-z1-main.o (energest_init)
contiki-z1.a(etimer.o)        contiki-z1.a(clock.o) (etimer_request_poll)
contiki-z1.a(process.o)       contiki-z1.a(mqtt.o) (process_current)
contiki-z1.a(rtimer.o)        obj_z1/contiki-z1-main.o (rtimer_init)
contiki-z1.a(timer.o)         mqtt-client.co (timer_set)
contiki-z1.a(list.o)          contiki-z1.a(mqtt.o) (list_init)
contiki-z1.a(random.o)        obj_z1/contiki-z1-main.o (random_init)
contiki-z1.a(uip-ds6.o)       obj_z1/contiki-z1-main.o (uip_ds6_get_link_local)
contiki-z1.a(uip-ds6-route.o)
                              contiki-z1.a(uip-ds6.o) (uip_ds6_route_init)
contiki-z1.a(uip6.o)          obj_z1/contiki-z1-main.o (uip_lladdr)
contiki-z1.a(uip-ds6-nbr.o)   contiki-z1.a(uip-ds6.o) (uip_ds6_neighbors_init)
contiki-z1.a(uip-nd6.o)       contiki-z1.a(uip6.o) (uip_nd6_init)
contiki-z1.a(sicslowpan.o)    obj_z1/contiki-z1-main.o (sicslowpan_driver)
contiki-z1.a(tcp-socket.o)    contiki-z1.a(mqtt.o) (tcp_socket_register)
contiki-z1.a(uiplib.o)        contiki-z1.a(mqtt.o) (uiplib_ip6addrconv)
contiki-z1.a(tcpip.o)         contiki-z1.a(sicslowpan.o) (tcpip_set_outputfunc)
contiki-z1.a(uip-debug.o)     contiki-z1.a(uip-ds6-route.o) (uip_debug_ipaddr_print)
contiki-z1.a(rpl-ext-header.)
                              contiki-z1.a(uip6.o) (rpl_verify_hbh_header)
contiki-z1.a(rpl.o)           contiki-z1.a(uip-ds6-nbr.o) (rpl_link_neighbor_callback)
contiki-z1.a(rpl-icmp6.o)     contiki-z1.a(rpl-ext-header.) (dao_output_target)
contiki-z1.a(rpl-dag.o)       contiki-z1.a(rpl-ext-header.) (rpl_parents)
contiki-z1.a(queuebuf.o)      obj_z1/contiki-z1-main.o (queuebuf_init)
contiki-z1.a(nbr-table.o)     contiki-z1.a(uip-ds6-route.o) (nbr_table_register)
contiki-z1.a(packetbuf.o)     contiki-z1.a(cc2420.o) (packetbuf_set_datalen)
contiki-z1.a(linkaddr.o)      obj_z1/contiki-z1-main.o (linkaddr_copy)
contiki-z1.a(link-stats.o)    contiki-z1.a(rpl-dag.o) (link_stats_from_lladdr)
contiki-z1.a(framer-802154.o)
                              contiki-z1.a(sicslowpan.o) (framer_802154)
contiki-z1.a(csma.o)          obj_z1/contiki-z1-main.o (csma_driver)
contiki-z1.a(frame802154.o)   contiki-z1.a(framer-802154.o) (frame802154_get_pan_id)
contiki-z1.a(mac.o)           contiki-z1.a(csma.o) (mac_call_sent_callback)
contiki-z1.a(nullrdc.o)       obj_z1/contiki-z1-main.o (nullrdc_driver)
contiki-z1.a(nullsec.o)       obj_z1/contiki-z1-main.o (nullsec_driver)
contiki-z1.a(i2cmaster.o)     contiki-z1.a(adxl345.o) (i2c_receiveinit)
contiki-z1.a(button-sensor.o)
                              contiki-z1.a(z1-sensors.o) (button_sensor)
contiki-z1.a(stimer.o)        contiki-z1.a(uip-ds6.o) (stimer_set)
contiki-z1.a(memb.o)          contiki-z1.a(uip-ds6-route.o) (memb_init)
contiki-z1.a(uip-icmp6.o)     contiki-z1.a(uip6.o) (uip_icmp6_input)
contiki-z1.a(rpl-of0.o)       contiki-z1.a(rpl-dag.o) (rpl_of0)
contiki-z1.a(rpl-timers.o)    contiki-z1.a(rpl.o) (rpl_reset_periodic_timer)
contiki-z1.a(rpl-nbr-policy.)
                              contiki-z1.a(nbr-table.o) (rpl_nbr_policy_find_removable)
contiki-z1.a(rpl-mrhof.o)     contiki-z1.a(rpl-dag.o) (rpl_mrhof)
/opt/msp430-47-expr/bin/../lib/gcc/msp430/4.7.0/mcpu-430x/mmpy-16/msr20/mc20/libgcc.a(_mulsi3.o)
                              contiki-z1.a(link-stats.o) (__mulsi3)
/opt/msp430-47-expr/bin/../lib/gcc/msp430/4.7.0/mcpu-430x/mmpy-16/msr20/mc20/libgcc.a(_udivmod16.o)
[...]
Memory Configuration

Name             Origin             Length             Attributes
sfr              0x0000000000000000 0x0000000000000010
peripheral_8bit  0x0000000000000010 0x00000000000000f0
peripheral_16bit 0x0000000000000100 0x0000000000000100
ram_mirror       0x0000000000000200 0x0000000000000800 xw
infomem          0x0000000000001000 0x0000000000000100
infod            0x0000000000001000 0x0000000000000040
infoc            0x0000000000001040 0x0000000000000040
infob            0x0000000000001080 0x0000000000000040
infoa            0x00000000000010c0 0x0000000000000040
ram              0x0000000000001100 0x0000000000002000 xw
rom              0x0000000000003100 0x000000000000cebe xr
vectors          0x000000000000ffc0 0x0000000000000040
far_rom          0x0000000000010000 0x000000000000a000
bsl              0x0000000000000000 0x0000000000000000
ram2             0x0000000000000000 0x0000000000000000 xw
usbram           0x0000000000000000 0x0000000000000000 xw
*default*        0x0000000000000000 0xffffffffffffffff

Linker script and memory map

LOAD /opt/msp430-47-expr/bin/../lib/gcc/msp430/4.7.0/mcpu-430x/mmpy-16/msr20/mc20/crt0ivtbl32.o
                0x0000000000000041                __P1SEL2 = 0x41
                0x0000000000000045                __P5SEL2 = 0x45
LOAD mqtt-client.co
LOAD obj_z1/contiki-z1-main.o
LOAD contiki-z1.a
LOAD /opt/msp430-47-expr/bin/../lib/gcc/msp430/4.7.0/mcpu-430x/mmpy-16/msr20/mc20/libgcc.a
LOAD /opt/msp430-47-expr/bin/../lib/gcc/msp430/4.7.0/../../../../msp430/lib/mcpu-430x/mmpy-16/msr20/mc20/libc.a
LOAD /opt/msp430-47-expr/bin/../lib/gcc/msp430/4.7.0/mcpu-430x/mmpy-16/msr20/mc20/libgcc.a
LOAD /opt/msp430-47-expr/bin/../lib/gcc/msp430/4.7.0/mcpu-430x/mmpy-16/msr20/mc20/libcrt0.a
                0x0000000000000040                PROVIDE (__info_segment_size, 0x40)
                0x0000000000001000                PROVIDE (__infod, 0x1000)
                0x0000000000001040                PROVIDE (__infoc, 0x1040)
                0x0000000000001080                PROVIDE (__infob, 0x1080)
                0x00000000000010c0                PROVIDE (__infoa, 0x10c0)
                0x0000000000000000                __IE1 = 0x0
                0x0000000000000002                __IFG1 = 0x2
                0x0000000000000001                __IE2 = 0x1
                0x0000000000000003                __IFG2 = 0x3
                0x0000000000000006                __UC1IE = 0x6
                0x0000000000000007                __UC1IFG = 0x7
                0x00000000000001a0                __ADC12CTL0 = 0x1a0
                0x00000000000001a2                __ADC12CTL1 = 0x1a2
                0x00000000000001a4                __ADC12IFG = 0x1a4
                0x00000000000001a6                __ADC12IE = 0x1a6
                0x00000000000001a8                __ADC12IV = 0x1a8
                0x0000000000000140                __ADC12MEM0 = 0x140
                0x0000000000000142                __ADC12MEM1 = 0x142
                0x0000000000000144                __ADC12MEM2 = 0x144
                0x0000000000000146                __ADC12MEM3 = 0x146
                0x0000000000000148                __ADC12MEM4 = 0x148
                0x000000000000014a                __ADC12MEM5 = 0x14a
                0x000000000000014c                __ADC12MEM6 = 0x14c
                0x000000000000014e                __ADC12MEM7 = 0x14e
                0x0000000000000150                __ADC12MEM8 = 0x150
                0x0000000000000152                __ADC12MEM9 = 0x152
                0x0000000000000154                __ADC12MEM10 = 0x154
                0x0000000000000156                __ADC12MEM11 = 0x156
                0x0000000000000158                __ADC12MEM12 = 0x158
                0x000000000000015a                __ADC12MEM13 = 0x15a
                0x000000000000015c                __ADC12MEM14 = 0x15c
                0x000000000000015e                __ADC12MEM15 = 0x15e
                0x0000000000000080                __ADC12MCTL0 = 0x80
                0x0000000000000081                __ADC12MCTL1 = 0x81
                0x0000000000000082                __ADC12MCTL2 = 0x82
                0x0000000000000083                __ADC12MCTL3 = 0x83
                0x0000000000000084                __ADC12MCTL4 = 0x84
                0x0000000000000085                __ADC12MCTL5 = 0x85
                0x0000000000000086                __ADC12MCTL6 = 0x86
                0x0000000000000087                __ADC12MCTL7 = 0x87
                0x0000000000000088                __ADC12MCTL8 = 0x88
                0x0000000000000089                __ADC12MCTL9 = 0x89
                0x000000000000008a                __ADC12MCTL10 = 0x8a
                0x000000000000008b                __ADC12MCTL11 = 0x8b
                0x000000000000008c                __ADC12MCTL12 = 0x8c
                0x000000000000008d                __ADC12MCTL13 = 0x8d
                0x000000000000008e                __ADC12MCTL14 = 0x8e
                0x000000000000008f                __ADC12MCTL15 = 0x8f
                0x0000000000000056                __DCOCTL = 0x56
                0x0000000000000057                __BCSCTL1 = 0x57
                0x0000000000000058                __BCSCTL2 = 0x58
                0x0000000000000053                __BCSCTL3 = 0x53
                0x0000000000000059                __CACTL1 = 0x59
                0x000000000000005a                __CACTL2 = 0x5a
                0x000000000000005b                __CAPD = 0x5b
                0x00000000000001c0                __DAC12_0CTL = 0x1c0
                0x00000000000001c2                __DAC12_1CTL = 0x1c2
                0x00000000000001c8                __DAC12_0DAT = 0x1c8
                0x00000000000001ca                __DAC12_1DAT = 0x1ca
                0x0000000000000122                __DMACTL0 = 0x122
                0x0000000000000124                __DMACTL1 = 0x124
                0x0000000000000126                __DMAIV = 0x126
                0x00000000000001d0                __DMA0CTL = 0x1d0
                0x00000000000001dc                __DMA1CTL = 0x1dc
                0x00000000000001e8                __DMA2CTL = 0x1e8
                0x00000000000001d2                __DMA0SA = 0x1d2
                0x00000000000001d2                __DMA0SAL = 0x1d2
                0x00000000000001d6                __DMA0DA = 0x1d6
                0x00000000000001d6                __DMA0DAL = 0x1d6
                0x00000000000001da                __DMA0SZ = 0x1da
                0x00000000000001de                __DMA1SA = 0x1de
                0x00000000000001de                __DMA1SAL = 0x1de
                0x00000000000001e2                __DMA1DA = 0x1e2
                0x00000000000001e2                __DMA1DAL = 0x1e2
                0x00000000000001e6                __DMA1SZ = 0x1e6
                0x00000000000001ea                __DMA2SA = 0x1ea
                0x00000000000001ea                __DMA2SAL = 0x1ea
                0x00000000000001ee                __DMA2DA = 0x1ee
                0x00000000000001ee                __DMA2DAL = 0x1ee
                0x00000000000001f2                __DMA2SZ = 0x1f2
                0x0000000000000128                __FCTL1 = 0x128
                0x000000000000012a                __FCTL2 = 0x12a
                0x000000000000012c                __FCTL3 = 0x12c
                0x00000000000001be                __FCTL4 = 0x1be
                0x0000000000000130                __MPY = 0x130
                0x0000000000000132                __MPYS = 0x132
                0x0000000000000134                __MAC = 0x134
                0x0000000000000136                __MACS = 0x136
                0x0000000000000138                __OP2 = 0x138
                0x000000000000013a                __RESLO = 0x13a
                0x000000000000013c                __RESHI = 0x13c
                0x000000000000013e                __SUMEXT = 0x13e
                0x0000000000000020                __P1IN = 0x20
                0x0000000000000021                __P1OUT = 0x21
                0x0000000000000022                __P1DIR = 0x22
                0x0000000000000023                __P1IFG = 0x23
                0x0000000000000024                __P1IES = 0x24
                0x0000000000000025                __P1IE = 0x25
                0x0000000000000026                __P1SEL = 0x26
                0x0000000000000027                __P1REN = 0x27
                0x0000000000000028                __P2IN = 0x28
                0x0000000000000029                __P2OUT = 0x29
                0x000000000000002a                __P2DIR = 0x2a
                0x000000000000002b                __P2IFG = 0x2b
                0x000000000000002c                __P2IES = 0x2c
                0x000000000000002d                __P2IE = 0x2d
                0x000000000000002e                __P2SEL = 0x2e
                0x000000000000002f                __P2REN = 0x2f
                0x0000000000000018                __P3IN = 0x18
                0x0000000000000019                __P3OUT = 0x19
                0x000000000000001a                __P3DIR = 0x1a
                0x000000000000001b                __P3SEL = 0x1b
                0x0000000000000010                __P3REN = 0x10
                0x000000000000001c                __P4IN = 0x1c
                0x000000000000001d                __P4OUT = 0x1d
                0x000000000000001e                __P4DIR = 0x1e
                0x000000000000001f                __P4SEL = 0x1f
                0x0000000000000011                __P4REN = 0x11
                0x0000000000000030                __P5IN = 0x30
                0x0000000000000031                __P5OUT = 0x31
                0x0000000000000032                __P5DIR = 0x32
                0x0000000000000033                __P5SEL = 0x33
                0x0000000000000012                __P5REN = 0x12
                0x0000000000000034                __P6IN = 0x34
                0x0000000000000035                __P6OUT = 0x35
                0x0000000000000036                __P6DIR = 0x36
                0x0000000000000037                __P6SEL = 0x37
                0x0000000000000013                __P6REN = 0x13
                0x0000000000000038                __P7IN = 0x38
                0x000000000000003a                __P7OUT = 0x3a
                0x000000000000003c                __P7DIR = 0x3c
                0x000000000000003e                __P7SEL = 0x3e
                0x0000000000000014                __P7REN = 0x14
                0x0000000000000039                __P8IN = 0x39
                0x000000000000003b                __P8OUT = 0x3b
                0x000000000000003d                __P8DIR = 0x3d
                0x000000000000003f                __P8SEL = 0x3f
                0x0000000000000015                __P8REN = 0x15
                0x0000000000000038                __PAIN = 0x38
                0x000000000000003a                __PAOUT = 0x3a
                0x000000000000003c                __PADIR = 0x3c
                0x000000000000003e                __PASEL = 0x3e
                0x0000000000000014                __PAREN = 0x14
                0x0000000000000055                __SVSCTL = 0x55
                0x000000000000012e                __TAIV = 0x12e
                0x0000000000000160                __TACTL = 0x160
                0x0000000000000162                __TACCTL0 = 0x162
                0x0000000000000164                __TACCTL1 = 0x164
                0x0000000000000166                __TACCTL2 = 0x166
                0x0000000000000170                __TAR = 0x170
                0x0000000000000172                __TACCR0 = 0x172
                0x0000000000000174                __TACCR1 = 0x174
                0x0000000000000176                __TACCR2 = 0x176
                0x000000000000011e                __TBIV = 0x11e
                0x0000000000000180                __TBCTL = 0x180
                0x0000000000000182                __TBCCTL0 = 0x182
                0x0000000000000184                __TBCCTL1 = 0x184
                0x0000000000000186                __TBCCTL2 = 0x186
                0x0000000000000188                __TBCCTL3 = 0x188
                0x000000000000018a                __TBCCTL4 = 0x18a
                0x000000000000018c                __TBCCTL5 = 0x18c
                0x000000000000018e                __TBCCTL6 = 0x18e
                0x0000000000000190                __TBR = 0x190
                0x0000000000000192                __TBCCR0 = 0x192
                0x0000000000000194                __TBCCR1 = 0x194
                0x0000000000000196                __TBCCR2 = 0x196
                0x0000000000000198                __TBCCR3 = 0x198
                0x000000000000019a                __TBCCR4 = 0x19a
                0x000000000000019c                __TBCCR5 = 0x19c
                0x000000000000019e                __TBCCR6 = 0x19e
                0x0000000000000060                __UCA0CTL0 = 0x60
                0x0000000000000061                __UCA0CTL1 = 0x61
                0x0000000000000062                __UCA0BR0 = 0x62
                0x0000000000000063                __UCA0BR1 = 0x63
                0x0000000000000064                __UCA0MCTL = 0x64
                0x0000000000000065                __UCA0STAT = 0x65
                0x0000000000000066                __UCA0RXBUF = 0x66
                0x0000000000000067                __UCA0TXBUF = 0x67
                0x000000000000005d                __UCA0ABCTL = 0x5d
                0x000000000000005e                __UCA0IRTCTL = 0x5e
                0x000000000000005f                __UCA0IRRCTL = 0x5f
                0x0000000000000068                __UCB0CTL0 = 0x68
                0x0000000000000069                __UCB0CTL1 = 0x69
                0x000000000000006a                __UCB0BR0 = 0x6a
                0x000000000000006b                __UCB0BR1 = 0x6b
                0x000000000000006c                __UCB0I2CIE = 0x6c
                0x000000000000006d                __UCB0STAT = 0x6d
                0x000000000000006e                __UCB0RXBUF = 0x6e
                0x000000000000006f                __UCB0TXBUF = 0x6f
                0x0000000000000118                __UCB0I2COA = 0x118
                0x000000000000011a                __UCB0I2CSA = 0x11a
                0x00000000000000d0                __UCA1CTL0 = 0xd0
                0x00000000000000d1                __UCA1CTL1 = 0xd1
                0x00000000000000d2                __UCA1BR0 = 0xd2
                0x00000000000000d3                __UCA1BR1 = 0xd3
                0x00000000000000d4                __UCA1MCTL = 0xd4
                0x00000000000000d5                __UCA1STAT = 0xd5
                0x00000000000000d6                __UCA1RXBUF = 0xd6
                0x00000000000000d7                __UCA1TXBUF = 0xd7
                0x00000000000000cd                __UCA1ABCTL = 0xcd
                0x00000000000000ce                __UCA1IRTCTL = 0xce
                0x00000000000000cf                __UCA1IRRCTL = 0xcf
                0x00000000000000d8                __UCB1CTL0 = 0xd8
                0x00000000000000d9                __UCB1CTL1 = 0xd9
                0x00000000000000da                __UCB1BR0 = 0xda
                0x00000000000000db                __UCB1BR1 = 0xdb
                0x00000000000000dc                __UCB1I2CIE = 0xdc
                0x00000000000000dd                __UCB1STAT = 0xdd
                0x00000000000000de                __UCB1RXBUF = 0xde
                0x00000000000000df                __UCB1TXBUF = 0xdf
                0x000000000000017c                __UCB1I2COA = 0x17c
                0x000000000000017e                __UCB1I2CSA = 0x17e
                0x0000000000000120                __WDTCTL = 0x120
                0x00000000000010c0                __TLV_CHECKSUM = 0x10c0
                0x00000000000010f6                __TLV_DCO_30_TAG = 0x10f6
                0x00000000000010f7                __TLV_DCO_30_LEN = 0x10f7
                0x00000000000010da                __TLV_ADC12_1_TAG = 0x10da
                0x00000000000010db                __TLV_ADC12_1_LEN = 0x10db
                0x00000000000010f8                __CALDCO_16MHZ = 0x10f8
                0x00000000000010f9                __CALBC1_16MHZ = 0x10f9
                0x00000000000010fa                __CALDCO_12MHZ = 0x10fa
                0x00000000000010fb                __CALBC1_12MHZ = 0x10fb
                0x00000000000010fc                __CALDCO_8MHZ = 0x10fc
                0x00000000000010fd                __CALBC1_8MHZ = 0x10fd
                0x00000000000010fe                __CALDCO_1MHZ = 0x10fe
                0x00000000000010ff                __CALBC1_1MHZ = 0x10ff

.hash
 *(.hash)

.dynsym
 *(.dynsym)

.dynstr
 *(.dynstr)

.gnu.version
 *(.gnu.version)

.gnu.version_d
 *(.gnu.version_d)

.gnu.version_r
 *(.gnu.version_r)

.rel.init
 *(.rel.init)

.rela.init
 *(.rela.init)

.rel.fini
 *(.rel.fini)

.rela.fini
 *(.rela.fini)

.rel.text
 *(.rel.text .rel.text.* .rel.gnu.linkonce.t.*)

.rela.text
 *(.rela.text .rela.text.* .rela.gnu.linkonce.t.*)

.rel.rodata
 *(.rel.rodata .rel.rodata.* .rel.gnu.linkonce.r.*)

.rela.rodata
 *(.rela.rodata .rela.rodata.* .rela.gnu.linkonce.r.*)

.rel.data
 *(.rel.data .rel.data.* .rel.gnu.linkonce.d.*)

.rela.data
 *(.rela.data .rela.data.* .rela.gnu.linkonce.d.*)

.rel.bss
 *(.rel.bss .rel.bss.* .rel.gnu.linkonce.b.*)

.rela.bss
 *(.rela.bss .rela.bss.* .rela.gnu.linkonce.b.*)

.rel.ctors
 *(.rel.ctors)

.rela.ctors
 *(.rela.ctors)

.rel.dtors
 *(.rel.dtors)

.rela.dtors
 *(.rela.dtors)

.rel.got
 *(.rel.got)

.rela.got
 *(.rela.got)

.rel.plt
 *(.rel.plt)

.rela.plt
 *(.rela.plt)

.text           0x0000000000003100     0xc204
                0x0000000000003100                . = ALIGN (0x2)
 *(.init .init.*)
 *(.init0)
 .init0         0x0000000000003100        0x0 /opt/msp430-47-expr/bin/../lib/gcc/msp430/4.7.0/mcpu-430x/mmpy-16/msr20/mc20/libcrt0.a(_reset_vector__.o)
                0x0000000000003100                _reset_vector__
 *(.init1)
 .init1         0x0000000000003100        0xc /opt/msp430-47-expr/bin/../lib/gcc/msp430/4.7.0/mcpu-430x/mmpy-16/msr20/mc20/libcrt0.a(__watchdog_support.o)
                0x0000000000003100                __watchdog_support
 *(.init2)
 .init2         0x000000000000310c        0x4 /opt/msp430-47-expr/bin/../lib/gcc/msp430/4.7.0/mcpu-430x/mmpy-16/msr20/mc20/libcrt0.a(__init_stack.o)
                0x000000000000310c                __init_stack
 *(.init3)
 .init3         0x0000000000003110        0x0 /opt/msp430-47-expr/bin/../lib/gcc/msp430/4.7.0/mcpu-430x/mmpy-16/msr20/mc20/libcrt0.a(__low_level_init.o)
                0x0000000000003110                __low_level_init
 *(.init4)
 .init4         0x0000000000003110       0x18 /opt/msp430-47-expr/bin/../lib/gcc/msp430/4.7.0/mcpu-430x/mmpy-16/msr20/mc20/libcrt0.a(_copy_data.o)
                0x0000000000003110                __do_copy_data
 .init4         0x0000000000003128       0x16 /opt/msp430-47-expr/bin/../lib/gcc/msp430/4.7.0/mcpu-430x/mmpy-16/msr20/mc20/libcrt0.a(_clear_bss.o)
                0x0000000000003128                __do_clear_bss
 *(.init5)
 *(.init6)
 *(.init7)
 *(.init8)
 *(.init9)
 .init9         0x000000000000313e      0x350 obj_z1/contiki-z1-main.o
                0x000000000000313e                main
 *(.fini9)
 .fini9         0x000000000000348e        0x0 /opt/msp430-47-expr/bin/../lib/gcc/msp430/4.7.0/mcpu-430x/mmpy-16/msr20/mc20/libcrt0.a(__stop_progExec__.o)
                0x000000000000348e                __stop_progExec__
 *(.fini8)
 *(.fini7)
 *(.fini6)
 *(.fini5)
 *(.fini4)
 *(.fini3)
 *(.fini2)
 *(.fini1)
 *(.fini0)
 .fini0         0x000000000000348e        0x6 /opt/msp430-47-expr/bin/../lib/gcc/msp430/4.7.0/mcpu-430x/mmpy-16/msr20/mc20/libcrt0.a(_endless_loop__.o)
                0x000000000000348e                _endless_loop__
 *(.fini .fini.*)
                0x0000000000003494                . = ALIGN (0x2)
                0x0000000000003494                __ctors_start = .
 *(.ctors)
                0x0000000000003494                __ctors_end = .
                0x0000000000003494                __dtors_start = .
 *(.dtors)
                0x0000000000003494                __dtors_end = .
                0x0000000000003494                . = ALIGN (0x2)
 *(.text .text.* .gnu.linkonce.t.*)
 .text          0x0000000000003494        0x4 /opt/msp430-47-expr/bin/../lib/gcc/msp430/4.7.0/mcpu-430x/mmpy-16/msr20/mc20/crt0ivtbl32.o
                0x0000000000003494                __isr_14
                0x0000000000003494                __isr_4
                0x0000000000003494                __isr_29
                0x0000000000003494                __isr_11
                0x0000000000003494                __isr_5
                0x0000000000003494                __isr_2
                0x0000000000003494                __isr_10
                0x0000000000003494                __isr_7
                0x0000000000003494                __isr_0
                0x0000000000003494                __isr_28
                0x0000000000003494                __isr_8
                0x0000000000003494                __isr_20
                0x0000000000003494                __isr_3
                0x0000000000003494                __isr_12
                0x0000000000003494                __isr_13
                0x0000000000003494                __isr_27
                0x0000000000003494                __isr_9
                0x0000000000003494                __isr_30
                0x0000000000003494                __isr_6
                0x0000000000003494                __isr_22
                0x0000000000003494                __isr_1
                0x0000000000003494                __isr_15
                0x0000000000003494                __isr_21
 .text.libgcc   0x0000000000003498       0x26 /opt/msp430-47-expr/bin/../lib/gcc/msp430/4.7.0/mcpu-430x/mmpy-16/msr20/mc20/libgcc.a(_mulsi3.o)
                0x0000000000003498                __mulsi3
 .text.libgcc   0x00000000000034be       0x22 /opt/msp430-47-expr/bin/../lib/gcc/msp430/4.7.0/mcpu-430x/mmpy-16/msr20/mc20/libgcc.a(_udivmod16.o)
                0x00000000000034be                __udivhi3
                0x00000000000034be                __ext_udivmod16
                0x00000000000034d8                __umodhi3
 .text.libgcc   0x00000000000034e0       0x3a /opt/msp430-47-expr/bin/../lib/gcc/msp430/4.7.0/mcpu-430x/mmpy-16/msr20/mc20/libgcc.a(_divmod16.o)
                0x00000000000034e0                __ext_divmod16
                0x00000000000034e0                __divhi3
                0x0000000000003512                __modhi3
 .text.libgcc   0x000000000000351a       0x38 /opt/msp430-47-expr/bin/../lib/gcc/msp430/4.7.0/mcpu-430x/mmpy-16/msr20/mc20/libgcc.a(_udivmod32.o)
                0x000000000000351a                __udivsi3
                0x000000000000351a                __ext_udivmod32
                0x0000000000003548                __umodsi3
 .text.libgcc   0x0000000000003552       0x4c /opt/msp430-47-expr/bin/../lib/gcc/msp430/4.7.0/mcpu-430x/mmpy-16/msr20/mc20/libgcc.a(_divmod32.o)
                0x0000000000003552                __ext_divmod32
                0x0000000000003552                __divsi3
                0x0000000000003594                __modsi3
 .text.libgcc   0x000000000000359e       0xbc /opt/msp430-47-expr/bin/../lib/gcc/msp430/4.7.0/mcpu-430x/mmpy-16/msr20/mc20/libgcc.a(_udivmod64.o)
                0x000000000000359e                __xabi_udivmod64
                0x00000000000035f0                __udivdi3
                0x000000000000360a                __umoddi3
                0x000000000000362c                __udivmoddi4
 .text.crt0     0x000000000000365a        0x2 /opt/msp430-47-expr/bin/../lib/gcc/msp430/4.7.0/mcpu-430x/mmpy-16/msr20/mc20/libcrt0.a(_unexpected_.o)
                0x000000000000365a                _unexpected_
 *(.near.text .near.text.*)
 .near.text.watchdog_interrupt
                0x000000000000365c        0x6 contiki-z1.a(watchdog.o)
                0x000000000000365c                __isr_26
                0x000000000000365c                watchdog_interrupt
 .near.text.uart0_rx_interrupt
                0x0000000000003662       0x64 contiki-z1.a(uart0.o)
                0x0000000000003662                __isr_23
                0x0000000000003662                uart0_rx_interrupt
 .near.text.port1_isr
                0x00000000000036c6       0xbe contiki-z1.a(adxl345.o)
                0x00000000000036c6                port1_isr
                0x00000000000036c6                __isr_18
 .near.text.timera1
                0x0000000000003784      0x10a contiki-z1.a(clock.o)
                0x0000000000003784                __isr_24
                0x0000000000003784                timera1
 .near.text.timera0
                0x000000000000388e       0x5c contiki-z1.a(rtimer-arch.o)
                0x000000000000388e                __isr_25
                0x000000000000388e                timera0
 .near.text.i2c_tx_interrupt
                0x00000000000038ea       0x84 contiki-z1.a(i2cmaster.o)
                0x00000000000038ea                __isr_16
                0x00000000000038ea                i2c_tx_interrupt
 .near.text.i2c_rx_interrupt
                0x000000000000396e       0x14 contiki-z1.a(i2cmaster.o)
                0x000000000000396e                i2c_rx_interrupt
                0x000000000000396e                __isr_17
 .near.text.irq_p2
                0x0000000000003982       0x76 contiki-z1.a(button-sensor.o)
                0x0000000000003982                irq_p2
                0x0000000000003982                __isr_19
 .any.text.publish_led_off
                0x00000000000039f8        0x8 mqtt-client.co
 .any.text.mqtt_event
                0x0000000000003a00      0x110 mqtt-client.co
 .any.text.ipaddr_sprintf
                0x0000000000003b10       0x9a mqtt-client.co
                0x0000000000003b10                ipaddr_sprintf
 .any.text.process_thread_mqtt_demo_process
                0x0000000000003baa      0x554 mqtt-client.co
 .any.text.encode_remaining_length
                0x00000000000040fe       0x4c contiki-z1.a(mqtt.o)
 .any.text.call_event
                0x000000000000414a       0x1a contiki-z1.a(mqtt.o)
 .any.text.reset_packet
                0x0000000000004164       0x16 contiki-z1.a(mqtt.o)
 .any.text.handle_publish
                0x000000000000417a       0x2e contiki-z1.a(mqtt.o)
 .any.text.abort_connection
                0x00000000000041a8       0x44 contiki-z1.a(mqtt.o)
 .any.text.tcp_input
                0x00000000000041ec      0x444 contiki-z1.a(mqtt.o)
 .any.text.send_out_buffer
                0x0000000000004630       0x24 contiki-z1.a(mqtt.o)
 .any.text.write_byte
                0x0000000000004654       0x26 contiki-z1.a(mqtt.o)
 .any.text.string_to_mqtt_string
                0x000000000000467a       0x26 contiki-z1.a(mqtt.o)
 .any.text.keep_alive_callback
                0x00000000000046a0       0x3e contiki-z1.a(mqtt.o)
 .any.text.write_bytes
                0x00000000000046de       0x86 contiki-z1.a(mqtt.o)
 .any.text.connect_tcp
                0x0000000000004764       0x6a contiki-z1.a(mqtt.o)
 .any.text.tcp_event
                0x00000000000047ce       0x92 contiki-z1.a(mqtt.o)
 .any.text.mqtt_init
                0x0000000000004860       0x76 contiki-z1.a(mqtt.o)
                0x0000000000004860                mqtt_init
 .any.text.mqtt_register
                0x00000000000048d6       0x6c contiki-z1.a(mqtt.o)
                0x00000000000048d6                mqtt_register
 .any.text.mqtt_connect
                0x0000000000004942       0x68 contiki-z1.a(mqtt.o)
                0x0000000000004942                mqtt_connect
 .any.text.mqtt_disconnect
                0x00000000000049aa       0x1e contiki-z1.a(mqtt.o)
                0x00000000000049aa                mqtt_disconnect
 .any.text.process_thread_mqtt_process
                0x00000000000049c8     0x11d0 contiki-z1.a(mqtt.o)
 .any.text.mqtt_subscribe
                0x0000000000005b98       0x5a contiki-z1.a(mqtt.o)
                0x0000000000005b98                mqtt_subscribe
 .any.text.mqtt_publish
                0x0000000000005bf2       0x72 contiki-z1.a(mqtt.o)
                0x0000000000005bf2                mqtt_publish
 .any.text.init_platform
                0x0000000000005c64        0xc contiki-z1.a(contiki-z1-plat)
                0x0000000000005c64                init_platform
 .any.text.msp430_init_dco
                0x0000000000005c70       0x28 contiki-z1.a(msp430.o)
                0x0000000000005c70                msp430_init_dco
 .any.text.splhigh_
                0x0000000000005c98        0x8 contiki-z1.a(msp430.o)
                0x0000000000005c98                splhigh_
 .any.text.msp430_sync_dco
                0x0000000000005ca0       0x6e contiki-z1.a(msp430.o)
                0x0000000000005ca0                msp430_sync_dco
 .any.text.msp430_cpu_init
                0x0000000000005d0e       0x2e contiki-z1.a(msp430.o)
                0x0000000000005d0e                msp430_cpu_init
 .any.text.show_leds
                0x0000000000005d3c       0xe8 contiki-z1.a(leds.o)
 .any.text.leds_init
                0x0000000000005e24        0xa contiki-z1.a(leds.o)
                0x0000000000005e24                leds_init
 .any.text.leds_on
                0x0000000000005e2e        0xa contiki-z1.a(leds.o)
                0x0000000000005e2e                leds_on
 .any.text.leds_off
                0x0000000000005e38        0xe contiki-z1.a(leds.o)
                0x0000000000005e38                leds_off
 .any.text.watchdog_start
                0x0000000000005e46       0x14 contiki-z1.a(watchdog.o)
                0x0000000000005e46                watchdog_start
 .any.text.watchdog_periodic
                0x0000000000005e5a       0x12 contiki-z1.a(watchdog.o)
                0x0000000000005e5a                watchdog_periodic
 .any.text.watchdog_stop
                0x0000000000005e6c       0x16 contiki-z1.a(watchdog.o)
                0x0000000000005e6c                watchdog_stop
 .any.text.watchdog_init
                0x0000000000005e82       0x12 contiki-z1.a(watchdog.o)
                0x0000000000005e82                watchdog_init
 .any.text.wait_ready
                0x0000000000005e94       0x46 contiki-z1.a(xmem.o)
 .any.text.xmem_init
                0x0000000000005eda       0x1e contiki-z1.a(xmem.o)
                0x0000000000005eda                xmem_init
 .any.text.xmem_pread
                0x0000000000005ef8       0xc2 contiki-z1.a(xmem.o)
                0x0000000000005ef8                xmem_pread
 .any.text.spi_init
                0x0000000000005fba       0x32 contiki-z1.a(spi.o)
                0x0000000000005fba                spi_init
 .any.text.get_object
                0x0000000000005fec        0x4 contiki-z1.a(cc2420.o)
 .any.text.set_object
                0x0000000000005ff0        0x4 contiki-z1.a(cc2420.o)
 .any.text.strobe
                0x0000000000005ff4       0x1a contiki-z1.a(cc2420.o)
 .any.text.getreg
                0x000000000000600e       0x46 contiki-z1.a(cc2420.o)
 .any.text.setreg
                0x0000000000006054       0x44 contiki-z1.a(cc2420.o)
 .any.text.write_ram
                0x0000000000006098       0x72 contiki-z1.a(cc2420.o)
 .any.text.write_fifo_buf
                0x000000000000610a       0x38 contiki-z1.a(cc2420.o)
 .any.text.get_status
                0x0000000000006142       0x1e contiki-z1.a(cc2420.o)
 .any.text.set_txpower
                0x0000000000006160       0x24 contiki-z1.a(cc2420.o)
 .any.text.cc2420_receiving_packet
                0x0000000000006184        0xa contiki-z1.a(cc2420.o)
 .any.text.pending_packet
                0x000000000000618e        0xa contiki-z1.a(cc2420.o)
 .any.text.on   0x0000000000006198       0x26 contiki-z1.a(cc2420.o)
 .any.text.wait_for_transmission
                0x00000000000061be       0x22 contiki-z1.a(cc2420.o)
 .any.text.wait_for_status
                0x00000000000061e0       0x24 contiki-z1.a(cc2420.o)
 .any.text.getrxdata
                0x0000000000006204       0x4c contiki-z1.a(cc2420.o)
 .any.text.flushrx
                0x0000000000006250       0x1a contiki-z1.a(cc2420.o)
 .any.text.off  0x000000000000626a       0x5a contiki-z1.a(cc2420.o)
 .any.text.RELEASE_LOCK
                0x00000000000062c4       0x28 contiki-z1.a(cc2420.o)
 .any.text.set_frame_filtering
                0x00000000000062ec       0x30 contiki-z1.a(cc2420.o)
 .any.text.set_auto_ack
                0x000000000000631c       0x30 contiki-z1.a(cc2420.o)
 .any.text.set_poll_mode
                0x000000000000634c       0x2c contiki-z1.a(cc2420.o)
 .any.text.cc2420_prepare
                0x0000000000006378       0x38 contiki-z1.a(cc2420.o)
 .any.text.cc2420_on
                0x00000000000063b0       0x22 contiki-z1.a(cc2420.o)
                0x00000000000063b0                cc2420_on
 .any.text.cc2420_off
                0x00000000000063d2       0x30 contiki-z1.a(cc2420.o)
                0x00000000000063d2                cc2420_off
 .any.text.cc2420_cca
                0x0000000000006402       0x54 contiki-z1.a(cc2420.o)
 .any.text.cc2420_read
                0x0000000000006456       0xb8 contiki-z1.a(cc2420.o)
 .any.text.process_thread_cc2420_process
                0x000000000000650e       0x5c contiki-z1.a(cc2420.o)
 .any.text.cc2420_set_channel
                0x000000000000656a       0x3a contiki-z1.a(cc2420.o)
                0x000000000000656a                cc2420_set_channel
 .any.text.cc2420_set_pan_addr
                0x00000000000065a4       0x4c contiki-z1.a(cc2420.o)
                0x00000000000065a4                cc2420_set_pan_addr
 .any.text.cc2420_interrupt
                0x00000000000065f0       0x16 contiki-z1.a(cc2420.o)
                0x00000000000065f0                cc2420_interrupt
 .any.text.cc2420_set_txpower
                0x0000000000006606        0xe contiki-z1.a(cc2420.o)
                0x0000000000006606                cc2420_set_txpower
 .any.text.cc2420_get_txpower
                0x0000000000006614       0x1e contiki-z1.a(cc2420.o)
                0x0000000000006614                cc2420_get_txpower
 .any.text.cc2420_transmit
                0x0000000000006632      0x10e contiki-z1.a(cc2420.o)
 .any.text.cc2420_send
                0x0000000000006740       0x12 contiki-z1.a(cc2420.o)
 .any.text.cc2420_rssi
                0x0000000000006752       0x48 contiki-z1.a(cc2420.o)
                0x0000000000006752                cc2420_rssi
 .any.text.get_value
                0x000000000000679a      0x104 contiki-z1.a(cc2420.o)
 .any.text.cc2420_set_cca_threshold
                0x000000000000689e       0x16 contiki-z1.a(cc2420.o)
                0x000000000000689e                cc2420_set_cca_threshold
 .any.text.set_value
                0x00000000000068b4       0xb2 contiki-z1.a(cc2420.o)
 .any.text.cc2420_init
                0x0000000000006966       0xea contiki-z1.a(cc2420.o)
                0x0000000000006966                cc2420_init
 .any.text.cc2420_arch_init
                0x0000000000006a50       0x1a contiki-z1.a(cc2420-arch.o)
                0x0000000000006a50                cc2420_arch_init
 .any.text.node_id_restore
                0x0000000000006a6a       0x4c contiki-z1.a(node-id.o)
                0x0000000000006a6a                node_id_restore
 .any.text.process_thread_sensors_process
                0x0000000000006ab6       0xc2 contiki-z1.a(sensors.o)
 .any.text.sensors_changed
                0x0000000000006b78       0x2a contiki-z1.a(sensors.o)
                0x0000000000006b78                sensors_changed
 .any.text.uart0_active
                0x0000000000006ba2        0xe contiki-z1.a(uart0.o)
                0x0000000000006ba2                uart0_active
 .any.text.uart0_writeb
                0x0000000000006bb0       0x16 contiki-z1.a(uart0.o)
                0x0000000000006bb0                uart0_writeb
 .any.text.uart0_init
                0x0000000000006bc6       0x4e contiki-z1.a(uart0.o)
                0x0000000000006bc6                uart0_init
 .any.text.putchar
                0x0000000000006c14       0x10 contiki-z1.a(uart0-putchar.o)
                0x0000000000006c14                putchar
 .any.text.status
                0x0000000000006c24       0x12 contiki-z1.a(adxl345.o)
 .any.text.accm_write_reg
                0x0000000000006c36       0x2e contiki-z1.a(adxl345.o)
 .any.text.accm_write_stream
                0x0000000000006c64       0x2a contiki-z1.a(adxl345.o)
 .any.text.accm_read_reg
                0x0000000000006c8e       0x54 contiki-z1.a(adxl345.o)
 .any.text.process_thread_accmeter_process
                0x0000000000006ce2       0x56 contiki-z1.a(adxl345.o)
 .any.text.accm_read_axis.part.0
                0x0000000000006d38       0x5a contiki-z1.a(adxl345.o)
 .any.text.value
                0x0000000000006d92       0x1e contiki-z1.a(adxl345.o)
 .any.text.accm_init
                0x0000000000006db0       0x78 contiki-z1.a(adxl345.o)
                0x0000000000006db0                accm_init
 .any.text.accm_stop
                0x0000000000006e28       0x32 contiki-z1.a(adxl345.o)
                0x0000000000006e28                accm_stop
 .any.text.configure
                0x0000000000006e5a       0x26 contiki-z1.a(adxl345.o)
 .any.text.status
                0x0000000000006e80       0x12 contiki-z1.a(tmp102.o)
 .any.text.tmp102_init
                0x0000000000006e92       0x24 contiki-z1.a(tmp102.o)
                0x0000000000006e92                tmp102_init
 .any.text.tmp102_stop
                0x0000000000006eb6        0xa contiki-z1.a(tmp102.o)
                0x0000000000006eb6                tmp102_stop
 .any.text.configure
                0x0000000000006ec0       0x26 contiki-z1.a(tmp102.o)
 .any.text.tmp102_read_reg
                0x0000000000006ee6       0x5e contiki-z1.a(tmp102.o)
                0x0000000000006ee6                tmp102_read_reg
 .any.text.tmp102_read_temp_x100
                0x0000000000006f44       0x58 contiki-z1.a(tmp102.o)
                0x0000000000006f44                tmp102_read_temp_x100
 .any.text.value
                0x0000000000006f9c        0x6 contiki-z1.a(tmp102.o)
 .any.text.clock_time
                0x0000000000006fa2       0x1a contiki-z1.a(clock.o)
                0x0000000000006fa2                clock_time
 .any.text.clock_init
                0x0000000000006fbc       0x28 contiki-z1.a(clock.o)
                0x0000000000006fbc                clock_init
 .any.text.clock_delay
                0x0000000000006fe4        0xc contiki-z1.a(clock.o)
                0x0000000000006fe4                clock_delay
 .any.text.clock_wait
                0x0000000000006ff0       0x24 contiki-z1.a(clock.o)
                0x0000000000006ff0                clock_wait
 .any.text.clock_seconds
                0x0000000000007014       0x1a contiki-z1.a(clock.o)
                0x0000000000007014                clock_seconds
 .any.text.leds_arch_init
                0x000000000000702e        0xe contiki-z1.a(leds-arch.o)
                0x000000000000702e                leds_arch_init
 .any.text.leds_arch_set
                0x000000000000703c       0x38 contiki-z1.a(leds-arch.o)
                0x000000000000703c                leds_arch_set
 .any.text.rtimer_arch_init
                0x0000000000007074        0xe contiki-z1.a(rtimer-arch.o)
                0x0000000000007074                rtimer_arch_init
 .any.text.rtimer_arch_now
                0x0000000000007082        0xe contiki-z1.a(rtimer-arch.o)
                0x0000000000007082                rtimer_arch_now
 .any.text.rtimer_arch_schedule
                0x0000000000007090        0x6 contiki-z1.a(rtimer-arch.o)
                0x0000000000007090                rtimer_arch_schedule
 .any.text.process_thread_ctimer_process
                0x0000000000007096       0xa0 contiki-z1.a(ctimer.o)
 .any.text.ctimer_init
                0x0000000000007136       0x18 contiki-z1.a(ctimer.o)
                0x0000000000007136                ctimer_init
 .any.text.ctimer_set_with_process
                0x000000000000714e       0x4a contiki-z1.a(ctimer.o)
                0x000000000000714e                ctimer_set_with_process
 .any.text.ctimer_set
                0x0000000000007198       0x10 contiki-z1.a(ctimer.o)
                0x0000000000007198                ctimer_set
 .any.text.ctimer_reset
                0x00000000000071a8       0x2c contiki-z1.a(ctimer.o)
                0x00000000000071a8                ctimer_reset
 .any.text.ctimer_restart
                0x00000000000071d4       0x2c contiki-z1.a(ctimer.o)
                0x00000000000071d4                ctimer_restart
 .any.text.ctimer_stop
                0x0000000000007200       0x28 contiki-z1.a(ctimer.o)
                0x0000000000007200                ctimer_stop
 .any.text.autostart_start
                0x0000000000007228       0x16 contiki-z1.a(autostart.o)
                0x0000000000007228                autostart_start
 .any.text.energest_init
                0x000000000000723e       0x24 contiki-z1.a(energest.o)
                0x000000000000723e                energest_init
 .any.text.energest_type_time
                0x0000000000007262       0x3c contiki-z1.a(energest.o)
                0x0000000000007262                energest_type_time
 .any.text.energest_type_set
                0x000000000000729e        0xc contiki-z1.a(energest.o)
                0x000000000000729e                energest_type_set
 .any.text.energest_flush
                0x00000000000072aa       0x38 contiki-z1.a(energest.o)
                0x00000000000072aa                energest_flush
 .any.text.update_time
                0x00000000000072e2       0x70 contiki-z1.a(etimer.o)
 .any.text.etimer_request_poll
                0x0000000000007352        0xa contiki-z1.a(etimer.o)
                0x0000000000007352                etimer_request_poll
 .any.text.process_thread_etimer_process
                0x000000000000735c       0xc4 contiki-z1.a(etimer.o)
 .any.text.add_timer
                0x0000000000007420       0x40 contiki-z1.a(etimer.o)
 .any.text.etimer_set
                0x0000000000007460       0x12 contiki-z1.a(etimer.o)
                0x0000000000007460                etimer_set
 .any.text.etimer_reset
                0x0000000000007472       0x12 contiki-z1.a(etimer.o)
                0x0000000000007472                etimer_reset
 .any.text.etimer_restart
                0x0000000000007484       0x12 contiki-z1.a(etimer.o)
                0x0000000000007484                etimer_restart
 .any.text.etimer_expired
                0x0000000000007496        0xe contiki-z1.a(etimer.o)
                0x0000000000007496                etimer_expired
 .any.text.etimer_expiration_time
                0x00000000000074a4       0x14 contiki-z1.a(etimer.o)
                0x00000000000074a4                etimer_expiration_time
 .any.text.etimer_pending
                0x00000000000074b8        0xc contiki-z1.a(etimer.o)
                0x00000000000074b8                etimer_pending
 .any.text.etimer_next_expiration_time
                0x00000000000074c4       0x16 contiki-z1.a(etimer.o)
                0x00000000000074c4                etimer_next_expiration_time
 .any.text.etimer_stop
                0x00000000000074da       0x3e contiki-z1.a(etimer.o)
                0x00000000000074da                etimer_stop
 .any.text.call_process
                0x0000000000007518       0x40 contiki-z1.a(process.o)
 .any.text.exit_process
                0x0000000000007558       0x88 contiki-z1.a(process.o)
 .any.text.do_poll
                0x00000000000075e0       0x30 contiki-z1.a(process.o)
 .any.text.process_alloc_event
                0x0000000000007610        0xe contiki-z1.a(process.o)
                0x0000000000007610                process_alloc_event
 .any.text.process_init
                0x000000000000761e       0x1c contiki-z1.a(process.o)
                0x000000000000761e                process_init
 .any.text.process_run
                0x000000000000763a       0x8c contiki-z1.a(process.o)
                0x000000000000763a                process_run
 .any.text.process_nevents
                0x00000000000076c6        0xe contiki-z1.a(process.o)
                0x00000000000076c6                process_nevents
 .any.text.process_post
                0x00000000000076d4       0x4a contiki-z1.a(process.o)
                0x00000000000076d4                process_post
 .any.text.process_post_synch
                0x000000000000771e       0x12 contiki-z1.a(process.o)
                0x000000000000771e                process_post_synch
 .any.text.process_start
                0x0000000000007730       0x36 contiki-z1.a(process.o)
                0x0000000000007730                process_start
 .any.text.process_poll
                0x0000000000007766       0x18 contiki-z1.a(process.o)
                0x0000000000007766                process_poll
 .any.text.rtimer_init
                0x000000000000777e        0x6 contiki-z1.a(rtimer.o)
                0x000000000000777e                rtimer_init
 .any.text.rtimer_run_next
                0x0000000000007784       0x26 contiki-z1.a(rtimer.o)
                0x0000000000007784                rtimer_run_next
 .any.text.timer_set
                0x00000000000077aa       0x1c contiki-z1.a(timer.o)
                0x00000000000077aa                timer_set
 .any.text.timer_reset
                0x00000000000077c6        0xe contiki-z1.a(timer.o)
                0x00000000000077c6                timer_reset
 .any.text.timer_restart
                0x00000000000077d4       0x14 contiki-z1.a(timer.o)
                0x00000000000077d4                timer_restart
 .any.text.timer_expired
                0x00000000000077e8       0x2a contiki-z1.a(timer.o)
                0x00000000000077e8                timer_expired
 .any.text.list_init
                0x0000000000007812        0x6 contiki-z1.a(list.o)
                0x0000000000007812                list_init
 .any.text.list_head
                0x0000000000007818        0x4 contiki-z1.a(list.o)
                0x0000000000007818                list_head
 .any.text.list_tail
                0x000000000000781c       0x12 contiki-z1.a(list.o)
                0x000000000000781c                list_tail
 .any.text.list_remove
                0x000000000000782e       0x34 contiki-z1.a(list.o)
                0x000000000000782e                list_remove
 .any.text.list_push
                0x0000000000007862       0x16 contiki-z1.a(list.o)
                0x0000000000007862                list_push
 .any.text.list_add
                0x0000000000007878       0x26 contiki-z1.a(list.o)
                0x0000000000007878                list_add
 .any.text.list_length
                0x000000000000789e       0x10 contiki-z1.a(list.o)
                0x000000000000789e                list_length
 .any.text.list_item_next
                0x00000000000078ae        0xc contiki-z1.a(list.o)
                0x00000000000078ae                list_item_next
 .any.text.random_init
                0x00000000000078ba        0x6 contiki-z1.a(random.o)
                0x00000000000078ba                random_init
 .any.text.random_rand
                0x00000000000078c0        0x6 contiki-z1.a(random.o)
                0x00000000000078c0                random_rand
 .any.text.uip_ds6_list_loop
                0x00000000000078c6       0x66 contiki-z1.a(uip-ds6.o)
                0x00000000000078c6                uip_ds6_list_loop
 .any.text.uip_ds6_prefix_add
                0x000000000000792c       0x70 contiki-z1.a(uip-ds6.o)
                0x000000000000792c                uip_ds6_prefix_add
 .any.text.uip_ds6_is_addr_onlink
                0x000000000000799c       0x42 contiki-z1.a(uip-ds6.o)
                0x000000000000799c                uip_ds6_is_addr_onlink
 .any.text.uip_ds6_addr_lookup
                0x00000000000079de       0x2a contiki-z1.a(uip-ds6.o)
                0x00000000000079de                uip_ds6_addr_lookup
 .any.text.uip_ds6_get_link_local
                0x0000000000007a08       0x3e contiki-z1.a(uip-ds6.o)
                0x0000000000007a08                uip_ds6_get_link_local
 .any.text.uip_ds6_get_global
                0x0000000000007a46       0x3e contiki-z1.a(uip-ds6.o)
                0x0000000000007a46                uip_ds6_get_global
 .any.text.uip_ds6_maddr_add
                0x0000000000007a84       0x48 contiki-z1.a(uip-ds6.o)
                0x0000000000007a84                uip_ds6_maddr_add
 .any.text.uip_ds6_addr_add
                0x0000000000007acc       0xb4 contiki-z1.a(uip-ds6.o)
                0x0000000000007acc                uip_ds6_addr_add
 .any.text.uip_ds6_maddr_rm
                0x0000000000007b80        0xa contiki-z1.a(uip-ds6.o)
                0x0000000000007b80                uip_ds6_maddr_rm
 .any.text.uip_ds6_maddr_lookup
                0x0000000000007b8a       0x2a contiki-z1.a(uip-ds6.o)
                0x0000000000007b8a                uip_ds6_maddr_lookup
 .any.text.uip_ds6_addr_rm
                0x0000000000007bb4       0x54 contiki-z1.a(uip-ds6.o)
                0x0000000000007bb4                uip_ds6_addr_rm
 .any.text.uip_ds6_periodic
                0x0000000000007c08       0x46 contiki-z1.a(uip-ds6.o)
                0x0000000000007c08                uip_ds6_periodic
 .any.text.uip_ds6_set_addr_iid
                0x0000000000007c4e       0x14 contiki-z1.a(uip-ds6.o)
                0x0000000000007c4e                uip_ds6_set_addr_iid
 .any.text.get_match_length
                0x0000000000007c62       0x3c contiki-z1.a(uip-ds6.o)
                0x0000000000007c62                get_match_length
 .any.text.uip_ds6_select_src
                0x0000000000007c9e       0x9a contiki-z1.a(uip-ds6.o)
                0x0000000000007c9e                uip_ds6_select_src
 .any.text.uip_ds6_compute_reachable_time
                0x0000000000007d38       0x36 contiki-z1.a(uip-ds6.o)
                0x0000000000007d38                uip_ds6_compute_reachable_time
 .any.text.uip_ds6_init
                0x0000000000007d6e      0x138 contiki-z1.a(uip-ds6.o)
                0x0000000000007d6e                uip_ds6_init
 .any.text.call_route_callback
                0x0000000000007ea6       0x40 contiki-z1.a(uip-ds6-route.o)
 .any.text.uip_ds6_route_init
                0x0000000000007ee6       0x36 contiki-z1.a(uip-ds6-route.o)
                0x0000000000007ee6                uip_ds6_route_init
 .any.text.uip_ds6_route_nexthop
                0x0000000000007f1c       0x1a contiki-z1.a(uip-ds6-route.o)
                0x0000000000007f1c                uip_ds6_route_nexthop
 .any.text.uip_ds6_route_head
                0x0000000000007f36        0xa contiki-z1.a(uip-ds6-route.o)
                0x0000000000007f36                uip_ds6_route_head
 .any.text.uip_ds6_route_next
                0x0000000000007f40        0xe contiki-z1.a(uip-ds6-route.o)
                0x0000000000007f40                uip_ds6_route_next
 .any.text.uip_ds6_route_is_nexthop
                0x0000000000007f4e       0x22 contiki-z1.a(uip-ds6-route.o)
                0x0000000000007f4e                uip_ds6_route_is_nexthop
 .any.text.uip_ds6_route_lookup
                0x0000000000007f70       0x6e contiki-z1.a(uip-ds6-route.o)
                0x0000000000007f70                uip_ds6_route_lookup
 .any.text.uip_ds6_route_rm
                0x0000000000007fde       0xa2 contiki-z1.a(uip-ds6-route.o)
                0x0000000000007fde                uip_ds6_route_rm
 .any.text.rm_routelist
                0x0000000000008080       0x34 contiki-z1.a(uip-ds6-route.o)
 .any.text.rm_routelist_callback
                0x00000000000080b4        0x6 contiki-z1.a(uip-ds6-route.o)
 .any.text.uip_ds6_route_add
                0x00000000000080ba       0xfc contiki-z1.a(uip-ds6-route.o)
                0x00000000000080ba                uip_ds6_route_add
 .any.text.uip_ds6_defrt_rm
                0x00000000000081b6       0x44 contiki-z1.a(uip-ds6-route.o)
                0x00000000000081b6                uip_ds6_defrt_rm
 .any.text.uip_ds6_defrt_lookup
                0x00000000000081fa       0x32 contiki-z1.a(uip-ds6-route.o)
                0x00000000000081fa                uip_ds6_defrt_lookup
 .any.text.uip_ds6_defrt_add
                0x000000000000822c       0x68 contiki-z1.a(uip-ds6-route.o)
                0x000000000000822c                uip_ds6_defrt_add
 .any.text.uip_ds6_defrt_choose
                0x0000000000008294       0x36 contiki-z1.a(uip-ds6-route.o)
                0x0000000000008294                uip_ds6_defrt_choose
 .any.text.uip_ds6_defrt_periodic
                0x00000000000082ca       0x38 contiki-z1.a(uip-ds6-route.o)
                0x00000000000082ca                uip_ds6_defrt_periodic
 .any.text.chksum
                0x0000000000008302       0x32 contiki-z1.a(uip6.o)
 .any.text.upper_layer_chksum
                0x0000000000008334       0x56 contiki-z1.a(uip6.o)
 .any.text.ext_hdr_options_process
                0x000000000000838a       0xc2 contiki-z1.a(uip6.o)
 .any.text.uip_add32
                0x000000000000844c       0x60 contiki-z1.a(uip6.o)
                0x000000000000844c                uip_add32
 .any.text.uip_add_rcv_nxt
                0x00000000000084ac       0x2e contiki-z1.a(uip6.o)
 .any.text.uip_icmp6chksum
                0x00000000000084da        0xa contiki-z1.a(uip6.o)
                0x00000000000084da                uip_icmp6chksum
 .any.text.uip_tcpchksum
                0x00000000000084e4        0xa contiki-z1.a(uip6.o)
                0x00000000000084e4                uip_tcpchksum
 .any.text.uip_udpchksum
                0x00000000000084ee        0xa contiki-z1.a(uip6.o)
                0x00000000000084ee                uip_udpchksum
 .any.text.uip_init
                0x00000000000084f8       0x56 contiki-z1.a(uip6.o)
                0x00000000000084f8                uip_init
 .any.text.uip_connect
                0x000000000000854e      0x108 contiki-z1.a(uip6.o)
                0x000000000000854e                uip_connect
 .any.text.remove_ext_hdr
                0x0000000000008656       0x50 contiki-z1.a(uip6.o)
                0x0000000000008656                remove_ext_hdr
 .any.text.uip_unlisten
                0x00000000000086a6       0x1a contiki-z1.a(uip6.o)
                0x00000000000086a6                uip_unlisten
 .any.text.uip_process
                0x00000000000086c0      0xdd2 contiki-z1.a(uip6.o)
                0x00000000000086c0                uip_process
 .any.text.uip_htons
                0x0000000000009492        0xc contiki-z1.a(uip6.o)
                0x0000000000009492                uip_htons
 .any.text.uip_htonl
                0x000000000000949e       0x2a contiki-z1.a(uip6.o)
                0x000000000000949e                uip_htonl
 .any.text.uip_send
                0x00000000000094c8       0x48 contiki-z1.a(uip6.o)
                0x00000000000094c8                uip_send
 .any.text.uip_ds6_nbr_rm
                0x0000000000009510       0x1e contiki-z1.a(uip-ds6-nbr.o)
                0x0000000000009510                uip_ds6_nbr_rm
 .any.text.uip_ds6_neighbors_init
                0x000000000000952e       0x12 contiki-z1.a(uip-ds6-nbr.o)
                0x000000000000952e                uip_ds6_neighbors_init
 .any.text.uip_ds6_nbr_add
                0x0000000000009540       0x36 contiki-z1.a(uip-ds6-nbr.o)
                0x0000000000009540                uip_ds6_nbr_add
 .any.text.uip_ds6_nbr_get_ll
                0x0000000000009576        0xc contiki-z1.a(uip-ds6-nbr.o)
                0x0000000000009576                uip_ds6_nbr_get_ll
 .any.text.uip_ds6_nbr_lookup
                0x0000000000009582       0x3e contiki-z1.a(uip-ds6-nbr.o)
                0x0000000000009582                uip_ds6_nbr_lookup
 .any.text.uip_ds6_nbr_ll_lookup
                0x00000000000095c0        0xc contiki-z1.a(uip-ds6-nbr.o)
                0x00000000000095c0                uip_ds6_nbr_ll_lookup
 .any.text.uip_ds6_nbr_ipaddr_from_lladdr
                0x00000000000095cc        0x6 contiki-z1.a(uip-ds6-nbr.o)
                0x00000000000095cc                uip_ds6_nbr_ipaddr_from_lladdr
 .any.text.uip_ds6_nbr_lladdr_from_ipaddr
                0x00000000000095d2       0x12 contiki-z1.a(uip-ds6-nbr.o)
                0x00000000000095d2                uip_ds6_nbr_lladdr_from_ipaddr
 .any.text.uip_ds6_link_neighbor_callback
                0x00000000000095e4       0x32 contiki-z1.a(uip-ds6-nbr.o)
                0x00000000000095e4                uip_ds6_link_neighbor_callback
 .any.text.ns_input
                0x0000000000009616      0x264 contiki-z1.a(uip-nd6.o)
 .any.text.uip_nd6_init
                0x000000000000987a        0xa contiki-z1.a(uip-nd6.o)
                0x000000000000987a                uip_nd6_init
 .any.text.clear_fragments
                0x0000000000009884       0x38 contiki-z1.a(sicslowpan.o)
 .any.text.set_packet_attrs
                0x00000000000098bc       0x46 contiki-z1.a(sicslowpan.o)
 .any.text.addr_context_lookup_by_number
                0x0000000000009902       0x30 contiki-z1.a(sicslowpan.o)
 .any.text.compress_addr_64
                0x0000000000009932       0x9a contiki-z1.a(sicslowpan.o)
 .any.text.store_fragment
                0x00000000000099cc       0x6e contiki-z1.a(sicslowpan.o)
 .any.text.uncompress_addr
                0x0000000000009a3a       0x96 contiki-z1.a(sicslowpan.o)
 .any.text.sicslowpan_init
                0x0000000000009ad0       0x24 contiki-z1.a(sicslowpan.o)
                0x0000000000009ad0                sicslowpan_init
 .any.text.addr_context_lookup_by_prefix
                0x0000000000009af4       0x4a contiki-z1.a(sicslowpan.o)
 .any.text.packet_sent
                0x0000000000009b3e       0x22 contiki-z1.a(sicslowpan.o)
 .any.text.add_fragment
                0x0000000000009b60      0x160 contiki-z1.a(sicslowpan.o)
 .any.text.input
                0x0000000000009cc0      0x60e contiki-z1.a(sicslowpan.o)
 .any.text.send_packet
                0x000000000000a2ce       0x1a contiki-z1.a(sicslowpan.o)
 .any.text.output
                0x000000000000a2e8      0x67c contiki-z1.a(sicslowpan.o)
 .any.text.call_event
                0x000000000000a964       0x1a contiki-z1.a(tcp-socket.o)
 .any.text.relisten
                0x000000000000a97e       0x10 contiki-z1.a(tcp-socket.o)
 .any.text.newdata
                0x000000000000a98e       0x44 contiki-z1.a(tcp-socket.o)
 .any.text.senddata
                0x000000000000a9d2       0x2e contiki-z1.a(tcp-socket.o)
 .any.text.process_thread_tcp_socket_process
                0x000000000000aa00      0x1ee contiki-z1.a(tcp-socket.o)
 .any.text.tcp_socket_register
                0x000000000000abee       0x72 contiki-z1.a(tcp-socket.o)
                0x000000000000abee                tcp_socket_register
 .any.text.tcp_socket_connect
                0x000000000000ac60       0x4a contiki-z1.a(tcp-socket.o)
                0x000000000000ac60                tcp_socket_connect
 .any.text.tcp_socket_unlisten
                0x000000000000acaa       0x34 contiki-z1.a(tcp-socket.o)
                0x000000000000acaa                tcp_socket_unlisten
 .any.text.tcp_socket_send
                0x000000000000acde       0x4a contiki-z1.a(tcp-socket.o)
                0x000000000000acde                tcp_socket_send
 .any.text.tcp_socket_close
                0x000000000000ad28       0x10 contiki-z1.a(tcp-socket.o)
                0x000000000000ad28                tcp_socket_close
 .any.text.tcp_socket_unregister
                0x000000000000ad38       0x2e contiki-z1.a(tcp-socket.o)
                0x000000000000ad38                tcp_socket_unregister
 .any.text.uiplib_ip6addrconv
                0x000000000000ad66       0xfa contiki-z1.a(uiplib.o)
                0x000000000000ad66                uiplib_ip6addrconv
 .any.text.start_periodic_tcp_timer
                0x000000000000ae60       0x16 contiki-z1.a(tcpip.o)
 .any.text.tcpip_output
                0x000000000000ae76       0x10 contiki-z1.a(tcpip.o)
                0x000000000000ae76                tcpip_output
 .any.text.tcpip_set_outputfunc
                0x000000000000ae86        0x6 contiki-z1.a(tcpip.o)
                0x000000000000ae86                tcpip_set_outputfunc
 .any.text.tcp_unlisten
                0x000000000000ae8c       0x26 contiki-z1.a(tcpip.o)
                0x000000000000ae8c                tcp_unlisten
 .any.text.tcp_attach
                0x000000000000aeb2        0xc contiki-z1.a(tcpip.o)
                0x000000000000aeb2                tcp_attach
 .any.text.tcpip_input
                0x000000000000aebe       0x16 contiki-z1.a(tcpip.o)
                0x000000000000aebe                tcpip_input
 .any.text.tcpip_ipv6_output
                0x000000000000aed4       0xcc contiki-z1.a(tcpip.o)
                0x000000000000aed4                tcpip_ipv6_output
 .any.text.process_thread_tcpip_process
                0x000000000000afa0      0x1a8 contiki-z1.a(tcpip.o)
 .any.text.tcpip_poll_tcp
                0x000000000000b148        0xe contiki-z1.a(tcpip.o)
                0x000000000000b148                tcpip_poll_tcp
 .any.text.tcp_connect
                0x000000000000b156       0x22 contiki-z1.a(tcpip.o)
                0x000000000000b156                tcp_connect
 .any.text.tcpip_uipcall
                0x000000000000b178       0x62 contiki-z1.a(tcpip.o)
                0x000000000000b178                tcpip_uipcall
 .any.text.uip_debug_ipaddr_print
                0x000000000000b1da       0xbc contiki-z1.a(uip-debug.o)
                0x000000000000b1da                uip_debug_ipaddr_print
 .any.text.update_hbh_header
                0x000000000000b296       0xcc contiki-z1.a(rpl-ext-header.)
 .any.text.insert_hbh_header
                0x000000000000b362       0x94 contiki-z1.a(rpl-ext-header.)
 .any.text.rpl_verify_hbh_header
                0x000000000000b3f6       0xf4 contiki-z1.a(rpl-ext-header.)
                0x000000000000b3f6                rpl_verify_hbh_header
 .any.text.rpl_remove_header
                0x000000000000b4ea       0x76 contiki-z1.a(rpl-ext-header.)
                0x000000000000b4ea                rpl_remove_header
 .any.text.rpl_update_header
                0x000000000000b560       0x60 contiki-z1.a(rpl-ext-header.)
                0x000000000000b560                rpl_update_header
 .any.text.rpl_get_mode
                0x000000000000b5c0        0x6 contiki-z1.a(rpl.o)
                0x000000000000b5c0                rpl_get_mode
 .any.text.rpl_purge_routes
                0x000000000000b5c6       0x94 contiki-z1.a(rpl.o)
                0x000000000000b5c6                rpl_purge_routes
 .any.text.rpl_remove_routes
                0x000000000000b65a       0x22 contiki-z1.a(rpl.o)
                0x000000000000b65a                rpl_remove_routes
 .any.text.rpl_remove_routes_by_nexthop
                0x000000000000b67c       0x3e contiki-z1.a(rpl.o)
                0x000000000000b67c                rpl_remove_routes_by_nexthop
 .any.text.rpl_add_route
                0x000000000000b6ba       0x5c contiki-z1.a(rpl.o)
                0x000000000000b6ba                rpl_add_route
 .any.text.rpl_link_neighbor_callback
                0x000000000000b716       0x4c contiki-z1.a(rpl.o)
                0x000000000000b716                rpl_link_neighbor_callback
 .any.text.rpl_ipv6_neighbor_callback
                0x000000000000b762       0x1e contiki-z1.a(rpl.o)
                0x000000000000b762                rpl_ipv6_neighbor_callback
 .any.text.rpl_purge_dags
                0x000000000000b780       0x60 contiki-z1.a(rpl.o)
                0x000000000000b780                rpl_purge_dags
 .any.text.rpl_init
                0x000000000000b7e0       0x44 contiki-z1.a(rpl.o)
                0x000000000000b7e0                rpl_init
 .any.text.get32
                0x000000000000b824       0x3e contiki-z1.a(rpl-icmp6.o)
 .any.text.set32
                0x000000000000b862       0x2a contiki-z1.a(rpl-icmp6.o)
 .any.text.get16
                0x000000000000b88c        0xe contiki-z1.a(rpl-icmp6.o)
 .any.text.set16
                0x000000000000b89a       0x10 contiki-z1.a(rpl-icmp6.o)
 .any.text.dao_ack_input
                0x000000000000b8aa        0xa contiki-z1.a(rpl-icmp6.o)
 .any.text.dio_input
                0x000000000000b8b4      0x29c contiki-z1.a(rpl-icmp6.o)
 .any.text.rpl_icmp6_update_nbr_table
                0x000000000000bb50       0x28 contiki-z1.a(rpl-icmp6.o)
                0x000000000000bb50                rpl_icmp6_update_nbr_table
 .any.text.dao_input
                0x000000000000bb78      0x2c2 contiki-z1.a(rpl-icmp6.o)
 .any.text.dis_output
                0x000000000000be3a       0x50 contiki-z1.a(rpl-icmp6.o)
                0x000000000000be3a                dis_output
 .any.text.dio_output
                0x000000000000be8a      0x2a4 contiki-z1.a(rpl-icmp6.o)
                0x000000000000be8a                dio_output
 .any.text.dis_input
                0x000000000000c12e       0x46 contiki-z1.a(rpl-icmp6.o)
 .any.text.dao_output_target
                0x000000000000c174       0xf6 contiki-z1.a(rpl-icmp6.o)
                0x000000000000c174                dao_output_target
 .any.text.dao_output
                0x000000000000c26a       0x9e contiki-z1.a(rpl-icmp6.o)
                0x000000000000c26a                dao_output
 .any.text.rpl_icmp6_register_handlers
                0x000000000000c308       0x22 contiki-z1.a(rpl-icmp6.o)
                0x000000000000c308                rpl_icmp6_register_handlers
 .any.text.lollipop_greater_than
                0x000000000000c32a       0x3c contiki-z1.a(rpl-dag.o)
 .any.text.find_parent_any_dag_any_instance
                0x000000000000c366       0x14 contiki-z1.a(rpl-dag.o)
 .any.text.rpl_set_preferred_parent
                0x000000000000c37a       0x2c contiki-z1.a(rpl-dag.o)
 .any.text.set_ip_from_prefix
                0x000000000000c3a6       0x30 contiki-z1.a(rpl-dag.o)
 .any.text.check_prefix
                0x000000000000c3d6       0x70 contiki-z1.a(rpl-dag.o)
 .any.text.rpl_dag_init
                0x000000000000c446        0xe contiki-z1.a(rpl-dag.o)
                0x000000000000c446                rpl_dag_init
 .any.text.rpl_get_parent
                0x000000000000c454        0xc contiki-z1.a(rpl-dag.o)
                0x000000000000c454                rpl_get_parent
 .any.text.rpl_rank_via_parent
                0x000000000000c460       0x2a contiki-z1.a(rpl-dag.o)
                0x000000000000c460                rpl_rank_via_parent
 .any.text.rpl_get_parent_lladdr
                0x000000000000c48a        0xc contiki-z1.a(rpl-dag.o)
                0x000000000000c48a                rpl_get_parent_lladdr
 .any.text.rpl_get_parent_ipaddr
                0x000000000000c496        0xa contiki-z1.a(rpl-dag.o)
                0x000000000000c496                rpl_get_parent_ipaddr
 .any.text.rpl_get_parent_link_stats
                0x000000000000c4a0        0xa contiki-z1.a(rpl-dag.o)
                0x000000000000c4a0                rpl_get_parent_link_stats
 .any.text.rpl_parent_is_fresh
                0x000000000000c4aa        0xa contiki-z1.a(rpl-dag.o)
                0x000000000000c4aa                rpl_parent_is_fresh
 .any.text.best_parent
                0x000000000000c4b4       0x72 contiki-z1.a(rpl-dag.o)
 .any.text.rpl_parent_is_reachable
                0x000000000000c526       0x4a contiki-z1.a(rpl-dag.o)
                0x000000000000c526                rpl_parent_is_reachable
 .any.text.rpl_set_prefix
                0x000000000000c570       0x74 contiki-z1.a(rpl-dag.o)
                0x000000000000c570                rpl_set_prefix
 .any.text.rpl_set_default_route
                0x000000000000c5e4       0x3a contiki-z1.a(rpl-dag.o)
                0x000000000000c5e4                rpl_set_default_route
 .any.text.rpl_alloc_instance
                0x000000000000c61e       0x34 contiki-z1.a(rpl-dag.o)
                0x000000000000c61e                rpl_alloc_instance
 .any.text.rpl_add_parent
                0x000000000000c652       0x3a contiki-z1.a(rpl-dag.o)
                0x000000000000c652                rpl_add_parent
 .any.text.rpl_find_parent
                0x000000000000c68c       0x1a contiki-z1.a(rpl-dag.o)
                0x000000000000c68c                rpl_find_parent
 .any.text.rpl_find_parent_any_dag
                0x000000000000c6a6       0x22 contiki-z1.a(rpl-dag.o)
                0x000000000000c6a6                rpl_find_parent_any_dag
 .any.text.rpl_select_parent
                0x000000000000c6c8       0x62 contiki-z1.a(rpl-dag.o)
                0x000000000000c6c8                rpl_select_parent
 .any.text.rpl_select_dag
                0x000000000000c72a      0x192 contiki-z1.a(rpl-dag.o)
                0x000000000000c72a                rpl_select_dag
 .any.text.rpl_nullify_parent
                0x000000000000c8bc       0x5c contiki-z1.a(rpl-dag.o)
                0x000000000000c8bc                rpl_nullify_parent
 .any.text.rpl_remove_parent
                0x000000000000c918       0x16 contiki-z1.a(rpl-dag.o)
                0x000000000000c918                rpl_remove_parent
 .any.text.nbr_callback
                0x000000000000c92e        0x6 contiki-z1.a(rpl-dag.o)
 .any.text.remove_parents.constprop.4
                0x000000000000c934       0x2c contiki-z1.a(rpl-dag.o)
 .any.text.rpl_free_dag
                0x000000000000c960       0x42 contiki-z1.a(rpl-dag.o)
                0x000000000000c960                rpl_free_dag
 .any.text.rpl_move_parent
                0x000000000000c9a2       0x60 contiki-z1.a(rpl-dag.o)
                0x000000000000c9a2                rpl_move_parent
 .any.text.rpl_get_dag
                0x000000000000ca02       0x5c contiki-z1.a(rpl-dag.o)
                0x000000000000ca02                rpl_get_dag
 .any.text.rpl_get_any_dag
                0x000000000000ca5e       0x16 contiki-z1.a(rpl-dag.o)
                0x000000000000ca5e                rpl_get_any_dag
 .any.text.rpl_get_instance
                0x000000000000ca74       0x16 contiki-z1.a(rpl-dag.o)
                0x000000000000ca74                rpl_get_instance
 .any.text.rpl_alloc_dag
                0x000000000000ca8a       0x60 contiki-z1.a(rpl-dag.o)
                0x000000000000ca8a                rpl_alloc_dag
 .any.text.rpl_repair_root
                0x000000000000caea       0x4c contiki-z1.a(rpl-dag.o)
                0x000000000000caea                rpl_repair_root
 .any.text.rpl_find_of
                0x000000000000cb36       0x1c contiki-z1.a(rpl-dag.o)
                0x000000000000cb36                rpl_find_of
 .any.text.rpl_join_instance
                0x000000000000cb52      0x142 contiki-z1.a(rpl-dag.o)
                0x000000000000cb52                rpl_join_instance
 .any.text.rpl_local_repair
                0x000000000000cc94       0x8c contiki-z1.a(rpl-dag.o)
                0x000000000000cc94                rpl_local_repair
 .any.text.rpl_process_parent_event
                0x000000000000cd20       0xa8 contiki-z1.a(rpl-dag.o)
                0x000000000000cd20                rpl_process_parent_event
 .any.text.rpl_recalculate_ranks
                0x000000000000cdc8       0x44 contiki-z1.a(rpl-dag.o)
                0x000000000000cdc8                rpl_recalculate_ranks
 .any.text.rpl_add_dag
                0x000000000000ce0c      0x104 contiki-z1.a(rpl-dag.o)
                0x000000000000ce0c                rpl_add_dag
 .any.text.rpl_process_dio
                0x000000000000cf10      0x3c0 contiki-z1.a(rpl-dag.o)
                0x000000000000cf10                rpl_process_dio
 .any.text.queuebuf_init
                0x000000000000d2d0       0x12 contiki-z1.a(queuebuf.o)
                0x000000000000d2d0                queuebuf_init
 .any.text.queuebuf_numfree
                0x000000000000d2e2        0xa contiki-z1.a(queuebuf.o)
                0x000000000000d2e2                queuebuf_numfree
 .any.text.queuebuf_new_from_packetbuf
                0x000000000000d2ec       0x4e contiki-z1.a(queuebuf.o)
                0x000000000000d2ec                queuebuf_new_from_packetbuf
 .any.text.queuebuf_update_attr_from_packetbuf
                0x000000000000d33a       0x12 contiki-z1.a(queuebuf.o)
                0x000000000000d33a                queuebuf_update_attr_from_packetbuf
 .any.text.queuebuf_free
                0x000000000000d34c       0x2a contiki-z1.a(queuebuf.o)
                0x000000000000d34c                queuebuf_free
 .any.text.queuebuf_to_packetbuf
                0x000000000000d376       0x32 contiki-z1.a(queuebuf.o)
                0x000000000000d376                queuebuf_to_packetbuf
 .any.text.queuebuf_attr
                0x000000000000d3a8        0xe contiki-z1.a(queuebuf.o)
                0x000000000000d3a8                queuebuf_attr
 .any.text.key_from_index
                0x000000000000d3b6       0x18 contiki-z1.a(nbr-table.o)
 .any.text.item_from_index
                0x000000000000d3ce       0x2a contiki-z1.a(nbr-table.o)
 .any.text.index_from_key
                0x000000000000d3f8       0x26 contiki-z1.a(nbr-table.o)
 .any.text.index_from_item
                0x000000000000d41e       0x1e contiki-z1.a(nbr-table.o)
 .any.text.nbr_set_bit
                0x000000000000d43c       0x50 contiki-z1.a(nbr-table.o)
 .any.text.index_from_lladdr
                0x000000000000d48c       0x3e contiki-z1.a(nbr-table.o)
 .any.text.nbr_get_bit.constprop.0
                0x000000000000d4ca       0x2c contiki-z1.a(nbr-table.o)
 .any.text.remove_key
                0x000000000000d4f6       0x56 contiki-z1.a(nbr-table.o)
 .any.text.nbr_table_register
                0x000000000000d54c       0x26 contiki-z1.a(nbr-table.o)
                0x000000000000d54c                nbr_table_register
 .any.text.nbr_table_next
                0x000000000000d572       0x3a contiki-z1.a(nbr-table.o)
                0x000000000000d572                nbr_table_next
 .any.text.nbr_table_head
                0x000000000000d5ac       0x36 contiki-z1.a(nbr-table.o)
                0x000000000000d5ac                nbr_table_head
 .any.text.nbr_table_add_lladdr
                0x000000000000d5e2       0xfc contiki-z1.a(nbr-table.o)
                0x000000000000d5e2                nbr_table_add_lladdr
 .any.text.nbr_table_get_from_lladdr
                0x000000000000d6de       0x28 contiki-z1.a(nbr-table.o)
                0x000000000000d6de                nbr_table_get_from_lladdr
 .any.text.nbr_table_remove
                0x000000000000d706       0x2a contiki-z1.a(nbr-table.o)
                0x000000000000d706                nbr_table_remove
 .any.text.nbr_table_lock
                0x000000000000d730       0x10 contiki-z1.a(nbr-table.o)
                0x000000000000d730                nbr_table_lock
 .any.text.nbr_table_unlock
                0x000000000000d740       0x10 contiki-z1.a(nbr-table.o)
                0x000000000000d740                nbr_table_unlock
 .any.text.nbr_table_get_lladdr
                0x000000000000d750       0x14 contiki-z1.a(nbr-table.o)
                0x000000000000d750                nbr_table_get_lladdr
 .any.text.nbr_table_update_lladdr
                0x000000000000d764       0x48 contiki-z1.a(nbr-table.o)
                0x000000000000d764                nbr_table_update_lladdr
 .any.text.packetbuf_hdrreduce
                0x000000000000d7ac       0x1a contiki-z1.a(packetbuf.o)
                0x000000000000d7ac                packetbuf_hdrreduce
 .any.text.packetbuf_set_datalen
                0x000000000000d7c6        0x6 contiki-z1.a(packetbuf.o)
                0x000000000000d7c6                packetbuf_set_datalen
 .any.text.packetbuf_hdrptr
                0x000000000000d7cc        0x6 contiki-z1.a(packetbuf.o)
                0x000000000000d7cc                packetbuf_hdrptr
 .any.text.packetbuf_datalen
                0x000000000000d7d2        0x6 contiki-z1.a(packetbuf.o)
                0x000000000000d7d2                packetbuf_datalen
 .any.text.packetbuf_hdrlen
                0x000000000000d7d8        0xa contiki-z1.a(packetbuf.o)
                0x000000000000d7d8                packetbuf_hdrlen
 .any.text.packetbuf_dataptr
                0x000000000000d7e2        0xc contiki-z1.a(packetbuf.o)
                0x000000000000d7e2                packetbuf_dataptr
 .any.text.packetbuf_copyto
                0x000000000000d7ee       0x3a contiki-z1.a(packetbuf.o)
                0x000000000000d7ee                packetbuf_copyto
 .any.text.packetbuf_totlen
                0x000000000000d828        0xc contiki-z1.a(packetbuf.o)
                0x000000000000d828                packetbuf_totlen
 .any.text.packetbuf_hdralloc
                0x000000000000d834       0x3c contiki-z1.a(packetbuf.o)
                0x000000000000d834                packetbuf_hdralloc
 .any.text.packetbuf_attr_clear
                0x000000000000d870       0x28 contiki-z1.a(packetbuf.o)
                0x000000000000d870                packetbuf_attr_clear
 .any.text.packetbuf_clear
                0x000000000000d898       0x12 contiki-z1.a(packetbuf.o)
                0x000000000000d898                packetbuf_clear
 .any.text.packetbuf_copyfrom
                0x000000000000d8aa       0x2a contiki-z1.a(packetbuf.o)
                0x000000000000d8aa                packetbuf_copyfrom
 .any.text.packetbuf_attr_copyto
                0x000000000000d8d4       0x22 contiki-z1.a(packetbuf.o)
                0x000000000000d8d4                packetbuf_attr_copyto
 .any.text.packetbuf_attr_copyfrom
                0x000000000000d8f6       0x24 contiki-z1.a(packetbuf.o)
                0x000000000000d8f6                packetbuf_attr_copyfrom
 .any.text.packetbuf_holds_broadcast
                0x000000000000d91a        0xe contiki-z1.a(packetbuf.o)
                0x000000000000d91a                packetbuf_holds_broadcast
 .any.text.linkaddr_copy
                0x000000000000d928        0x8 contiki-z1.a(linkaddr.o)
                0x000000000000d928                linkaddr_copy
 .any.text.linkaddr_cmp
                0x000000000000d930       0x12 contiki-z1.a(linkaddr.o)
                0x000000000000d930                linkaddr_cmp
 .any.text.linkaddr_set_node_addr
                0x000000000000d942        0xc contiki-z1.a(linkaddr.o)
                0x000000000000d942                linkaddr_set_node_addr
 .any.text.periodic
                0x000000000000d94e       0x2c contiki-z1.a(link-stats.o)
 .any.text.link_stats_from_lladdr
                0x000000000000d97a        0xc contiki-z1.a(link-stats.o)
                0x000000000000d97a                link_stats_from_lladdr
 .any.text.link_stats_is_fresh
                0x000000000000d986       0x32 contiki-z1.a(link-stats.o)
                0x000000000000d986                link_stats_is_fresh
 .any.text.link_stats_packet_sent
                0x000000000000d9b8       0xc4 contiki-z1.a(link-stats.o)
                0x000000000000d9b8                link_stats_packet_sent
 .any.text.link_stats_input_callback
                0x000000000000da7c       0xa8 contiki-z1.a(link-stats.o)
                0x000000000000da7c                link_stats_input_callback
 .any.text.link_stats_init
                0x000000000000db24       0x22 contiki-z1.a(link-stats.o)
                0x000000000000db24                link_stats_init
 .any.text.create_frame.isra.0
                0x000000000000db46      0x114 contiki-z1.a(framer-802154.o)
 .any.text.create
                0x000000000000dc5a        0x8 contiki-z1.a(framer-802154.o)
 .any.text.hdr_length
                0x000000000000dc62        0x8 contiki-z1.a(framer-802154.o)
 .any.text.parse
                0x000000000000dc6a       0x9a contiki-z1.a(framer-802154.o)
 .any.text.input_packet
                0x000000000000dd04        0x6 contiki-z1.a(csma.o)
 .any.text.on   0x000000000000dd0a        0x6 contiki-z1.a(csma.o)
 .any.text.off  0x000000000000dd10        0x6 contiki-z1.a(csma.o)
 .any.text.channel_check_interval
                0x000000000000dd16       0x10 contiki-z1.a(csma.o)
 .any.text.transmit_packet_list
                0x000000000000dd26       0x24 contiki-z1.a(csma.o)
 .any.text.schedule_transmission
                0x000000000000dd4a       0x84 contiki-z1.a(csma.o)
 .any.text.init
                0x000000000000ddce       0x1a contiki-z1.a(csma.o)
 .any.text.tx_done
                0x000000000000dde8       0x86 contiki-z1.a(csma.o)
 .any.text.send_packet
                0x000000000000de6e      0x158 contiki-z1.a(csma.o)
 .any.text.packet_sent
                0x000000000000dfc6       0xca contiki-z1.a(csma.o)
 .any.text.frame802154_get_pan_id
                0x000000000000e090        0x6 contiki-z1.a(frame802154.o)
                0x000000000000e090                frame802154_get_pan_id
 .any.text.frame802154_has_panid
                0x000000000000e096       0xe0 contiki-z1.a(frame802154.o)
                0x000000000000e096                frame802154_has_panid
 .any.text.field_len
                0x000000000000e176       0xa8 contiki-z1.a(frame802154.o)
 .any.text.frame802154_is_broadcast_addr
                0x000000000000e21e       0x28 contiki-z1.a(frame802154.o)
                0x000000000000e21e                frame802154_is_broadcast_addr
 .any.text.frame802154_hdrlen
                0x000000000000e246       0x32 contiki-z1.a(frame802154.o)
                0x000000000000e246                frame802154_hdrlen
 .any.text.frame802154_create_fcf
                0x000000000000e278       0x6e contiki-z1.a(frame802154.o)
                0x000000000000e278                frame802154_create_fcf
 .any.text.frame802154_create
                0x000000000000e2e6       0xd4 contiki-z1.a(frame802154.o)
                0x000000000000e2e6                frame802154_create
 .any.text.frame802154_parse_fcf
                0x000000000000e3ba       0x8c contiki-z1.a(frame802154.o)
                0x000000000000e3ba                frame802154_parse_fcf
 .any.text.frame802154_parse
                0x000000000000e446      0x15c contiki-z1.a(frame802154.o)
                0x000000000000e446                frame802154_parse
 .any.text.mac_call_sent_callback
                0x000000000000e5a2       0x14 contiki-z1.a(mac.o)
                0x000000000000e5a2                mac_call_sent_callback
 .any.text.on   0x000000000000e5b6        0x6 contiki-z1.a(nullrdc.o)
 .any.text.channel_check_interval
                0x000000000000e5bc        0x4 contiki-z1.a(nullrdc.o)
 .any.text.init
                0x000000000000e5c0        0x6 contiki-z1.a(nullrdc.o)
 .any.text.off  0x000000000000e5c6       0x10 contiki-z1.a(nullrdc.o)
 .any.text.packet_input
                0x000000000000e5d6       0x28 contiki-z1.a(nullrdc.o)
 .any.text.send_one_packet
                0x000000000000e5fe       0x62 contiki-z1.a(nullrdc.o)
 .any.text.send_list
                0x000000000000e660       0x28 contiki-z1.a(nullrdc.o)
 .any.text.send_packet
                0x000000000000e688        0x6 contiki-z1.a(nullrdc.o)
 .any.text.init
                0x000000000000e68e        0x2 contiki-z1.a(nullsec.o)
 .any.text.send
                0x000000000000e690        0xa contiki-z1.a(nullsec.o)
 .any.text.input
                0x000000000000e69a        0x6 contiki-z1.a(nullsec.o)
 .any.text.i2c_receiveinit
                0x000000000000e6a0       0x36 contiki-z1.a(i2cmaster.o)
                0x000000000000e6a0                i2c_receiveinit
 .any.text.i2c_transmitinit
                0x000000000000e6d6       0x30 contiki-z1.a(i2cmaster.o)
                0x000000000000e6d6                i2c_transmitinit
 .any.text.i2c_receive_n
                0x000000000000e706       0x3e contiki-z1.a(i2cmaster.o)
                0x000000000000e706                i2c_receive_n
 .any.text.i2c_busy
                0x000000000000e744        0xa contiki-z1.a(i2cmaster.o)
                0x000000000000e744                i2c_busy
 .any.text.i2c_enable
                0x000000000000e74e       0x22 contiki-z1.a(i2cmaster.o)
                0x000000000000e74e                i2c_enable
 .any.text.i2c_transmit_n
                0x000000000000e770       0x14 contiki-z1.a(i2cmaster.o)
                0x000000000000e770                i2c_transmit_n
 .any.text.status
                0x000000000000e784       0x18 contiki-z1.a(button-sensor.o)
 .any.text.value
                0x000000000000e79c       0x20 contiki-z1.a(button-sensor.o)
 .any.text.configure
                0x000000000000e7bc       0x4e contiki-z1.a(button-sensor.o)
 .any.text.stimer_set
                0x000000000000e80a       0x1c contiki-z1.a(stimer.o)
                0x000000000000e80a                stimer_set
 .any.text.stimer_expired
                0x000000000000e826       0x30 contiki-z1.a(stimer.o)
                0x000000000000e826                stimer_expired
 .any.text.memb_init
                0x000000000000e856       0x36 contiki-z1.a(memb.o)
                0x000000000000e856                memb_init
 .any.text.memb_alloc
                0x000000000000e88c       0x3e contiki-z1.a(memb.o)
                0x000000000000e88c                memb_alloc
 .any.text.memb_free
                0x000000000000e8ca       0x3a contiki-z1.a(memb.o)
                0x000000000000e8ca                memb_free
 .any.text.memb_inmemb
                0x000000000000e904       0x2a contiki-z1.a(memb.o)
                0x000000000000e904                memb_inmemb
 .any.text.memb_numfree
                0x000000000000e92e       0x26 contiki-z1.a(memb.o)
                0x000000000000e92e                memb_numfree
 .any.text.echo_reply_input
                0x000000000000e954       0xaa contiki-z1.a(uip-icmp6.o)
 .any.text.echo_request_input
                0x000000000000e9fe       0xca contiki-z1.a(uip-icmp6.o)
 .any.text.uip_icmp6_input
                0x000000000000eac8       0x44 contiki-z1.a(uip-icmp6.o)
                0x000000000000eac8                uip_icmp6_input
 .any.text.uip_icmp6_register_input_handler
                0x000000000000eb0c        0xc contiki-z1.a(uip-icmp6.o)
                0x000000000000eb0c                uip_icmp6_register_input_handler
 .any.text.uip_icmp6_error_output
                0x000000000000eb18      0x16e contiki-z1.a(uip-icmp6.o)
                0x000000000000eb18                uip_icmp6_error_output
 .any.text.uip_icmp6_send
                0x000000000000ec86       0x84 contiki-z1.a(uip-icmp6.o)
                0x000000000000ec86                uip_icmp6_send
 .any.text.uip_icmp6_init
                0x000000000000ed0a       0x12 contiki-z1.a(uip-icmp6.o)
                0x000000000000ed0a                uip_icmp6_init
 .any.text.reset
                0x000000000000ed1c        0x2 contiki-z1.a(rpl-of0.o)
 .any.text.update_metric_container
                0x000000000000ed1e        0x6 contiki-z1.a(rpl-of0.o)
 .any.text.parent_link_metric
                0x000000000000ed24       0x10 contiki-z1.a(rpl-of0.o)
 .any.text.parent_rank_increase
                0x000000000000ed34       0x44 contiki-z1.a(rpl-of0.o)
 .any.text.best_dag
                0x000000000000ed78       0x2e contiki-z1.a(rpl-of0.o)
 .any.text.parent_is_acceptable
                0x000000000000eda6       0x38 contiki-z1.a(rpl-of0.o)
 .any.text.parent_has_usable_link
                0x000000000000edde        0x6 contiki-z1.a(rpl-of0.o)
 .any.text.rank_via_parent
                0x000000000000ede4       0x36 contiki-z1.a(rpl-of0.o)
 .any.text.parent_path_cost
                0x000000000000ee1a       0x36 contiki-z1.a(rpl-of0.o)
 .any.text.best_parent
                0x000000000000ee50       0x76 contiki-z1.a(rpl-of0.o)
 .any.text.handle_unicast_dio_timer
                0x000000000000eec6       0x1c contiki-z1.a(rpl-timers.o)
 .any.text.new_dio_interval
                0x000000000000eee2       0x8a contiki-z1.a(rpl-timers.o)
 .any.text.set_dao_lifetime_timer
                0x000000000000ef6c       0x7e contiki-z1.a(rpl-timers.o)
 .any.text.handle_periodic_timer
                0x000000000000efea       0x50 contiki-z1.a(rpl-timers.o)
 .any.text.schedule_dao
                0x000000000000f03a       0x72 contiki-z1.a(rpl-timers.o)
 .any.text.handle_dio_timer
                0x000000000000f0ac       0x88 contiki-z1.a(rpl-timers.o)
 .any.text.handle_dao_timer
                0x000000000000f134       0x64 contiki-z1.a(rpl-timers.o)
 .any.text.rpl_reset_periodic_timer
                0x000000000000f198       0x54 contiki-z1.a(rpl-timers.o)
                0x000000000000f198                rpl_reset_periodic_timer
 .any.text.rpl_reset_dio_timer
                0x000000000000f1ec       0x18 contiki-z1.a(rpl-timers.o)
                0x000000000000f1ec                rpl_reset_dio_timer
 .any.text.rpl_schedule_dao
                0x000000000000f204        0xc contiki-z1.a(rpl-timers.o)
                0x000000000000f204                rpl_schedule_dao
 .any.text.rpl_schedule_unicast_dio_immediately
                0x000000000000f210       0x16 contiki-z1.a(rpl-timers.o)
                0x000000000000f210                rpl_schedule_unicast_dio_immediately
 .any.text.get_probing_delay
                0x000000000000f226       0x40 contiki-z1.a(rpl-timers.o)
                0x000000000000f226                get_probing_delay
 .any.text.rpl_schedule_probing
                0x000000000000f266       0x26 contiki-z1.a(rpl-timers.o)
                0x000000000000f266                rpl_schedule_probing
 .any.text.handle_probing_timer
                0x000000000000f28c       0x34 contiki-z1.a(rpl-timers.o)
 .any.text.handle_periodic_timer
                0x000000000000f2c0        0xe contiki-z1.a(rpl-nbr-policy.)
 .any.text.find_removable_dis
                0x000000000000f2ce       0x14 contiki-z1.a(rpl-nbr-policy.)
                0x000000000000f2ce                find_removable_dis
 .any.text.reset
                0x000000000000f2e2        0x2 contiki-z1.a(rpl-mrhof.o)
 .any.text.update_metric_container
                0x000000000000f2e4        0x6 contiki-z1.a(rpl-mrhof.o)
 .any.text.parent_link_metric
                0x000000000000f2ea       0x10 contiki-z1.a(rpl-mrhof.o)
 .any.text.srand
                0x000000000000f2fa        0xa /opt/msp430-47-expr/bin/../lib/gcc/msp430/4.7.0/../../../../msp430/lib/mcpu-430x/mmpy-16/msr20/mc20/libc.a(rand.o)
                0x000000000000f2fa                srand

.rodata         0x000000000000f304      0xb2b
                0x000000000000f304                . = ALIGN (0x2)
 *(.rodata .rodata.* .gnu.linkonce.r.*)
 .rodata.mqtt_event
                0x000000000000f304      0x1fc mqtt-client.co
 .rodata.ipaddr_sprintf
                0x000000000000f500        0x8 mqtt-client.co
 .rodata.process_thread_mqtt_demo_process
                0x000000000000f508      0x303 mqtt-client.co
 .rodata        0x000000000000f80b        0xa mqtt-client.co
 *fill*         0x000000000000f815        0x1 00
 .rodata.autostart_processes
                0x000000000000f816        0x4 mqtt-client.co
                0x000000000000f816                autostart_processes
 .rodata        0x000000000000f81a      0x118 obj_z1/contiki-z1-main.o
 .rodata.process_thread_mqtt_process
                0x000000000000f932        0x7 contiki-z1.a(mqtt.o)
 .rodata        0x000000000000f939        0xd contiki-z1.a(mqtt.o)
 *fill*         0x000000000000f946        0x2 00
 .rodata.get_value
                0x000000000000f948       0x44 contiki-z1.a(cc2420.o)
 .rodata.set_value
                0x000000000000f98c       0x20 contiki-z1.a(cc2420.o)
 .rodata.cc2420_driver
                0x000000000000f9ac       0x38 contiki-z1.a(cc2420.o)
                0x000000000000f9ac                cc2420_driver
 .rodata        0x000000000000f9e4        0xe contiki-z1.a(cc2420.o)
 .rodata.output_power
                0x000000000000f9f2       0x10 contiki-z1.a(cc2420.o)
 .rodata        0x000000000000fa02        0x8 contiki-z1.a(sensors.o)
 .rodata        0x000000000000fa0a       0x25 contiki-z1.a(adxl345.o)
 *fill*         0x000000000000fa2f        0x1 00
 .rodata.adxl345
                0x000000000000fa30        0xe contiki-z1.a(adxl345.o)
                0x000000000000fa30                adxl345
 .rodata        0x000000000000fa3e        0xe contiki-z1.a(tmp102.o)
 .rodata.tmp102
                0x000000000000fa4c        0xe contiki-z1.a(tmp102.o)
                0x000000000000fa4c                tmp102
 .rodata        0x000000000000fa5a        0xf contiki-z1.a(ctimer.o)
 .rodata        0x000000000000fa69        0xc contiki-z1.a(etimer.o)
 *fill*         0x000000000000fa75        0x3 00
 .rodata.uip_process
                0x000000000000fa78       0x68 contiki-z1.a(uip6.o)
 .rodata        0x000000000000fae0        0xb contiki-z1.a(sicslowpan.o)
 *fill*         0x000000000000faeb        0x1 00
 .rodata.sicslowpan_driver
                0x000000000000faec        0xa contiki-z1.a(sicslowpan.o)
                0x000000000000faec                sicslowpan_driver
 .rodata.llprefix
                0x000000000000faf6        0x2 contiki-z1.a(sicslowpan.o)
                0x000000000000faf6                llprefix
 .rodata.unc_mxconf
                0x000000000000faf8        0x4 contiki-z1.a(sicslowpan.o)
                0x000000000000faf8                unc_mxconf
 .rodata.unc_ctxconf
                0x000000000000fafc        0x4 contiki-z1.a(sicslowpan.o)
                0x000000000000fafc                unc_ctxconf
 .rodata.unc_llconf
                0x000000000000fb00        0x4 contiki-z1.a(sicslowpan.o)
                0x000000000000fb00                unc_llconf
 .rodata.ttl_values
                0x000000000000fb04        0x4 contiki-z1.a(sicslowpan.o)
 .rodata        0x000000000000fb08       0x13 contiki-z1.a(tcp-socket.o)
 .rodata        0x000000000000fb1b        0xd contiki-z1.a(tcpip.o)
 .rodata.uip_debug_ipaddr_print
                0x000000000000fb28       0x28 contiki-z1.a(uip-debug.o)
 .rodata.dio_output